Component: ARM Compiler 5.06 update 6 (build 750) Tool: armlink [4d35ed]

==============================================================================

Section Cross References

    retarget.o(i._ttywrch) refers to retarget.o(i.sendchar) for sendchar
    retarget.o(i.fgetc) refers to retarget.o(i.getkey) for getkey
    retarget.o(i.fgetc) refers to retarget.o(i.sendchar) for sendchar
    retarget.o(i.fputc) refers to retarget.o(i.sendchar) for sendchar
    retarget.o(i.getkey) refers to uart.o(i.UARTInit) for UARTInit
    retarget.o(i.getkey) refers to uart.o(i.UARTReceiveChar) for UARTReceiveChar
    retarget.o(i.getkey) refers to retarget.o(.data) for uart_init_called
    retarget.o(i.sendchar) refers to uart.o(i.UARTInit) for UARTInit
    retarget.o(i.sendchar) refers to uart.o(i.UARTSendChar) for UARTSendChar
    retarget.o(i.sendchar) refers to retarget.o(.data) for uart_init_called
    timer.o(i.timer_setup) refers to system_lpc17xx.o(.data) for SystemCoreClock
    uart.o(i.FreeRcv) refers to uart.o(i.Free) for Free
    uart.o(i.FreeRcv) refers to uart.o(.data) for RcvLock0
    uart.o(i.FreeSnd) refers to uart.o(i.Free) for Free
    uart.o(i.FreeSnd) refers to uart.o(.data) for SndLock0
    uart.o(i.LockRcv) refers to uart.o(i.Lock) for Lock
    uart.o(i.LockRcv) refers to uart.o(.data) for RcvLock0
    uart.o(i.LockSnd) refers to uart.o(i.Lock) for Lock
    uart.o(i.LockSnd) refers to uart.o(.data) for SndLock0
    uart.o(i.UART0_IRQHandler) refers to uart.o(.bss) for UART0Buffer
    uart.o(i.UART0_IRQHandler) refers to uart.o(.data) for UART0Count
    uart.o(i.UART1_IRQHandler) refers to uart.o(.bss) for UART1Buffer
    uart.o(i.UART1_IRQHandler) refers to uart.o(.data) for UART1Count
    uart.o(i.UARTInit) refers to uart.o(i.getFrequency) for getFrequency
    uart.o(i.UARTInit) refers to uart.o(i.__NVIC_EnableIRQ) for __NVIC_EnableIRQ
    uart.o(i.UARTInit) refers to uart.o(i.FreeRcv) for FreeRcv
    uart.o(i.UARTInit) refers to uart.o(i.FreeSnd) for FreeSnd
    uart.o(i.UARTRecieve) refers to uart.o(i.LockRcv) for LockRcv
    uart.o(i.UARTRecieve) refers to uart.o(i.FreeRcv) for FreeRcv
    uart.o(i.UARTRecieve) refers to uart.o(.data) for UART0Count
    uart.o(i.UARTRecieve) refers to uart.o(.bss) for UART0Buffer
    uart.o(i.UARTSend) refers to uart.o(i.LockSnd) for LockSnd
    uart.o(i.UARTSend) refers to uart.o(i.FreeSnd) for FreeSnd
    uart.o(i.UARTSend) refers to uart.o(.data) for UART0TxEmpty
    uart.o(i.getFrequency) refers to system_lpc17xx.o(.data) for SystemCoreClock
    lfsr113.o(i.lfsr113) refers to lfsr113.o(.data) for z1
    main.o(i.client) refers to rtx_msgqueue.o(.text.osMessageQueuePut) for osMessageQueuePut
    main.o(i.client) refers to rtx_kernel.o(.text.osKernelGetTickFreq) for osKernelGetTickFreq
    main.o(i.client) refers to random.o(i.get_random_delay_seconds) for get_random_delay_seconds
    main.o(i.client) refers to rtx_delay.o(.text.osDelay) for osDelay
    main.o(i.main) refers to system_lpc17xx.o(i.SystemInit) for SystemInit
    main.o(i.main) refers to main.o(i.initLEDPins) for initLEDPins
    main.o(i.main) refers to printfa.o(i.__0printf) for __2printf
    main.o(i.main) refers to rtx_kernel.o(.text.osKernelInitialize) for osKernelInitialize
    main.o(i.main) refers to malloc.o(i.malloc) for malloc
    main.o(i.main) refers to rtx_msgqueue.o(.text.osMessageQueueNew) for osMessageQueueNew
    main.o(i.main) refers to rtx_thread.o(.text.osThreadNew) for osThreadNew
    main.o(i.main) refers to rtx_kernel.o(.text.osKernelStart) for osKernelStart
    main.o(i.main) refers to main.o(.data) for num_pairs
    main.o(i.main) refers to main.o(i.client) for client
    main.o(i.main) refers to main.o(i.server) for server
    main.o(i.main) refers to main.o(i.monitor) for monitor
    main.o(i.monitor) refers to dflti.o(.text) for __aeabi_i2d
    main.o(i.monitor) refers to ddiv.o(.text) for __aeabi_ddiv
    main.o(i.monitor) refers to printfa.o(i.__0printf) for __2printf
    main.o(i.monitor) refers to rtx_kernel.o(.text.osKernelGetTickFreq) for osKernelGetTickFreq
    main.o(i.monitor) refers to rtx_delay.o(.text.osDelay) for osDelay
    main.o(i.monitor) refers to main.o(.data) for num_pairs
    main.o(i.server) refers to rtx_msgqueue.o(.text.osMessageQueueGet) for osMessageQueueGet
    main.o(i.server) refers to rtx_kernel.o(.text.osKernelGetTickFreq) for osKernelGetTickFreq
    main.o(i.server) refers to random.o(i.get_random_delay_seconds) for get_random_delay_seconds
    main.o(i.server) refers to rtx_delay.o(.text.osDelay) for osDelay
    main.o(i.server) refers to main.o(i.charToBinLED) for charToBinLED
    main.o(i.server) refers to rtx_thread.o(.text.osThreadYield) for osThreadYield
    random.o(i.get_random_delay_seconds) refers to random.o(i.next_event) for next_event
    random.o(i.next_event) refers to lfsr113.o(i.lfsr113) for lfsr113
    random.o(i.next_event) refers to random.o(.data) for ln_table
[...]
    Removing rtx_mutex.o(.text.osMutexNew), (36 bytes).
    Removing rtx_mutex.o(.ARM.exidx.text.osMutexNew), (8 bytes).
    Removing rtx_mutex.o(.text.osMutexGetName), (36 bytes).
    Removing rtx_mutex.o(.ARM.exidx.text.osMutexGetName), (8 bytes).
    Removing rtx_mutex.o(.text.osMutexAcquire), (36 bytes).
    Removing rtx_mutex.o(.ARM.exidx.text.osMutexAcquire), (8 bytes).
    Removing rtx_mutex.o(.text.osMutexRelease), (36 bytes).
    Removing rtx_mutex.o(.ARM.exidx.text.osMutexRelease), (8 bytes).
    Removing rtx_mutex.o(.text.osMutexGetOwner), (36 bytes).
    Removing rtx_mutex.o(.ARM.exidx.text.osMutexGetOwner), (8 bytes).
    Removing rtx_mutex.o(.text.osMutexDelete), (36 bytes).
    Removing rtx_mutex.o(.ARM.exidx.text.osMutexDelete), (8 bytes).
    Removing rtx_mutex.o(.text.svcRtxMutexNew), (104 bytes).
    Removing rtx_mutex.o(.ARM.exidx.text.svcRtxMutexNew), (8 bytes).
    Removing rtx_mutex.o(.text.svcRtxMutexGetName), (16 bytes).
    Removing rtx_mutex.o(.ARM.exidx.text.svcRtxMutexGetName), (8 bytes).
    Removing rtx_mutex.o(.text.svcRtxMutexAcquire), (144 bytes).
    Removing rtx_mutex.o(.ARM.exidx.text.svcRtxMutexAcquire), (8 bytes).
    Removing rtx_mutex.o(.text.svcRtxMutexRelease), (180 bytes).
    Removing rtx_mutex.o(.ARM.exidx.text.svcRtxMutexRelease), (8 bytes).
    Removing rtx_mutex.o(.text.svcRtxMutexGetOwner), (20 bytes).
    Removing rtx_mutex.o(.ARM.exidx.text.svcRtxMutexGetOwner), (8 bytes).
    Removing rtx_mutex.o(.text.svcRtxMutexDelete), (176 bytes).
    Removing rtx_mutex.o(.ARM.exidx.text.svcRtxMutexDelete), (8 bytes).
    Removing rtx_memory.o(.text), (0 bytes).
    Removing rtx_memory.o(.ARM.exidx.text.osRtxMemoryInit), (8 bytes).
    Removing rtx_memory.o(.ARM.exidx.text.osRtxMemoryAlloc), (8 bytes).
    Removing rtx_memory.o(.ARM.exidx.text.osRtxMemoryFree), (8 bytes).
    Removing rtx_mempool.o(.text), (0 bytes).
    Removing rtx_mempool.o(.ARM.exidx.text.osRtxMemoryPoolInit), (8 bytes).
    Removing rtx_mempool.o(.ARM.exidx.text.osRtxMemoryPoolAlloc), (8 bytes).
    Removing rtx_mempool.o(.ARM.exidx.text.osRtxMemoryPoolFree), (8 bytes).
    Removing rtx_mempool.o(.text.osMemoryPoolNew), (36 bytes).
    Removing rtx_mempool.o(.ARM.exidx.text.osMemoryPoolNew), (8 bytes).
    Removing rtx_mempool.o(.text.osMemoryPoolGetName), (36 bytes).
    Removing rtx_mempool.o(.ARM.exidx.text.osMemoryPoolGetName), (8 bytes).
    Removing rtx_mempool.o(.text.osMemoryPoolAlloc), (104 bytes).
    Removing rtx_mempool.o(.ARM.exidx.text.osMemoryPoolAlloc), (8 bytes).
    Removing rtx_mempool.o(.text.osMemoryPoolFree), (72 bytes).
    Removing rtx_mempool.o(.ARM.exidx.text.osMemoryPoolFree), (8 bytes).
    Removing rtx_mempool.o(.text.osMemoryPoolGetCapacity), (48 bytes).
    Removing rtx_mempool.o(.ARM.exidx.text.osMemoryPoolGetCapacity), (8 bytes).
    Removing rtx_mempool.o(.text.svcRtxMemoryPoolGetCapacity), (16 bytes).
    Removing rtx_mempool.o(.ARM.exidx.text.svcRtxMemoryPoolGetCapacity), (8 bytes).
    Removing rtx_mempool.o(.text.osMemoryPoolGetBlockSize), (48 bytes).
    Removing rtx_mempool.o(.ARM.exidx.text.osMemoryPoolGetBlockSize), (8 bytes).
    Removing rtx_mempool.o(.text.svcRtxMemoryPoolGetBlockSize), (16 bytes).
    Removing rtx_mempool.o(.ARM.exidx.text.svcRtxMemoryPoolGetBlockSize), (8 bytes).
    Removing rtx_mempool.o(.text.osMemoryPoolGetCount), (48 bytes).
    Removing rtx_mempool.o(.ARM.exidx.text.osMemoryPoolGetCount), (8 bytes).
    Removing rtx_mempool.o(.text.svcRtxMemoryPoolGetCount), (16 bytes).
    Removing rtx_mempool.o(.ARM.exidx.text.svcRtxMemoryPoolGetCount), (8 bytes).
    Removing rtx_mempool.o(.text.osMemoryPoolGetSpace), (36 bytes).
    Removing rtx_mempool.o(.ARM.exidx.text.osMemoryPoolGetSpace), (8 bytes).
    Removing rtx_mempool.o(.text.svcRtxMemoryPoolGetSpace), (20 bytes).
    Removing rtx_mempool.o(.ARM.exidx.text.svcRtxMemoryPoolGetSpace), (8 bytes).
    Removing rtx_mempool.o(.text.osMemoryPoolDelete), (36 bytes).
    Removing rtx_mempool.o(.ARM.exidx.text.osMemoryPoolDelete), (8 bytes).
    Removing rtx_mempool.o(.text.svcRtxMemoryPoolNew), (312 bytes).
    Removing rtx_mempool.o(.ARM.exidx.text.svcRtxMemoryPoolNew), (8 bytes).
    Removing rtx_mempool.o(.text.osRtxMemoryPoolPostProcess), (72 bytes).
    Removing rtx_mempool.o(.ARM.exidx.text.osRtxMemoryPoolPostProcess), (8 bytes).
    Removing rtx_mempool.o(.text.svcRtxMemoryPoolGetName), (16 bytes).
    Removing rtx_mempool.o(.ARM.exidx.text.svcRtxMemoryPoolGetName), (8 bytes).
    Removing rtx_mempool.o(.text.svcRtxMemoryPoolAlloc), (92 bytes).
    Removing rtx_mempool.o(.ARM.exidx.text.svcRtxMemoryPoolAlloc), (8 bytes).
    Removing rtx_mempool.o(.text.svcRtxMemoryPoolFree), (100 bytes).
    Removing rtx_mempool.o(.ARM.exidx.text.svcRtxMemoryPoolFree), (8 bytes).
    Removing rtx_mempool.o(.text.svcRtxMemoryPoolDelete), (108 bytes).
    Removing rtx_mempool.o(.ARM.exidx.text.svcRtxMemoryPoolDelete), (8 bytes).
    Removing rtx_system.o(.text), (0 bytes).
    Removing rtx_system.o(.ARM.exidx.text.osRtxTick_Handler), (8 bytes).
    Removing rtx_system.o(.ARM.exidx.text.osRtxPendSV_Handler), (8 bytes).
    Removing rtx_system.o(.ARM.exidx.text.osRtxPostProcess), (8 bytes).
    Removing os_systick.o(.text), (0 bytes).
    Removing os_systick.o(.ARM.exidx.text.OS_Tick_Setup), (8 bytes).
    Removing os_systick.o(.ARM.exidx.text.OS_Tick_Enable), (8 bytes).
    Removing os_systick.o(.text.OS_Tick_Disable), (44 bytes).
    Removing os_systick.o(.ARM.exidx.text.OS_Tick_Disable), (8 bytes).
    Removing os_systick.o(.ARM.exidx.text.OS_Tick_AcknowledgeIRQ), (8 bytes).
    Removing os_systick.o(.ARM.exidx.text.OS_Tick_GetIRQn), (8 bytes).
    Removing os_systick.o(.text.OS_Tick_GetClock), (12 bytes).
    Removing os_systick.o(.ARM.exidx.text.OS_Tick_GetClock), (8 bytes).
    Removing os_systick.o(.text.OS_Tick_GetInterval), (12 bytes).
    Removing os_systick.o(.ARM.exidx.text.OS_Tick_GetInterval), (8 bytes).
    Removing os_systick.o(.text.OS_Tick_GetCount), (16 bytes).
    Removing os_systick.o(.ARM.exidx.text.OS_Tick_GetCount), (8 bytes).
    Removing os_systick.o(.text.OS_Tick_GetOverflow), (16 bytes).
    Removing os_systick.o(.ARM.exidx.text.OS_Tick_GetOverflow), (8 bytes).

368 unused section(s) (total 8862 bytes) removed from the image.

==============================================================================

Image Symbol Table

    Local Symbols

    Symbol Name                              Value     Ov Type        Size  Object(Section)

    RESET                                    0x00000000   Section      204  startup_lpc17xx.o(RESET)
    ../clib/../cmprslib/zerorunl2.c          0x00000000   Number         0  __dczerorl2.o ABSOLUTE
    ../clib/microlib/division.c              0x00000000   Number         0  uidiv.o ABSOLUTE
    ../clib/microlib/division.c              0x00000000   Number         0  uldiv.o ABSOLUTE
    ../clib/microlib/init/entry.s            0x00000000   Number         0  entry9b.o ABSOLUTE
    ../clib/microlib/init/entry.s            0x00000000   Number         0  entry10b.o ABSOLUTE
    ../clib/microlib/init/entry.s            0x00000000   Number         0  entry11a.o ABSOLUTE
    ../clib/microlib/init/entry.s            0x00000000   Number         0  entry2.o ABSOLUTE
    ../clib/microlib/init/entry.s            0x00000000   Number         0  entry11b.o ABSOLUTE
    ../clib/microlib/init/entry.s            0x00000000   Number         0  entry5.o ABSOLUTE
    ../clib/microlib/init/entry.s            0x00000000   Number         0  entry8a.o ABSOLUTE
    ../clib/microlib/init/entry.s            0x00000000   Number         0  entry7a.o ABSOLUTE
    ../clib/microlib/init/entry.s            0x00000000   Number         0  entry7b.o ABSOLUTE
    ../clib/microlib/init/entry.s            0x00000000   Number         0  entry.o ABSOLUTE
    ../clib/microlib/init/entry.s            0x00000000   Number         0  entry8b.o ABSOLUTE
    ../clib/microlib/init/entry.s            0x00000000   Number         0  entry9a.o ABSOLUTE
    ../clib/microlib/init/entry.s            0x00000000   Number         0  entry10a.o ABSOLUTE
    ../clib/microlib/longlong.c              0x00000000   Number         0  llushr.o ABSOLUTE
    ../clib/microlib/longlong.c              0x00000000   Number         0  llshl.o ABSOLUTE
    ../clib/microlib/longlong.c              0x00000000   Number         0  llsshr.o ABSOLUTE
    ../clib/microlib/malloc/malloc.c         0x00000000   Number         0  malloca.o ABSOLUTE
    ../clib/microlib/malloc/malloc.c         0x00000000   Number         0  mallocr.o ABSOLUTE
    ../clib/microlib/malloc/malloc.c         0x00000000   Number         0  malloc.o ABSOLUTE
    ../clib/microlib/malloc/malloc.c         0x00000000   Number         0  mallocra.o ABSOLUTE
    ../clib/microlib/malloc/mvars.c          0x00000000   Number         0  mvars.o ABSOLUTE
    ../clib/microlib/printf/printf.c         0x00000000   Number         0  printf3.o ABSOLUTE
    ../clib/microlib/printf/printf.c         0x00000000   Number         0  printfa.o ABSOLUTE
    ../clib/microlib/printf/printf.c         0x00000000   Number         0  printf8.o ABSOLUTE
    ../clib/microlib/printf/printf.c         0x00000000   Number         0  printf7.o ABSOLUTE
    ../clib/microlib/printf/printf.c         0x00000000   Number         0  printf6.o ABSOLUTE
    ../clib/microlib/printf/printf.c         0x00000000   Number         0  printf5.o ABSOLUTE
    ../clib/microlib/printf/printf.c         0x00000000   Number         0  printf4.o ABSOLUTE
    ../clib/microlib/printf/printf.c         0x00000000   Number         0  printf2.o ABSOLUTE
    ../clib/microlib/printf/printf.c         0x00000000   Number         0  printf1.o ABSOLUTE
    ../clib/microlib/printf/printf.c         0x00000000   Number         0  printf0.o ABSOLUTE
    ../clib/microlib/printf/printf.c         0x00000000   Number         0  printfb.o ABSOLUTE
    ../clib/microlib/printf/stubs.s          0x00000000   Number         0  stubs.o ABSOLUTE
    ../clib/microlib/string/memcpy.c         0x00000000   Number         0  memcpya.o ABSOLUTE
    ../clib/microlib/string/memcpy.c         0x00000000   Number         0  memcpyb.o ABSOLUTE
    ../clib/microlib/string/memset.c         0x00000000   Number         0  memseta.o ABSOLUTE
    ../clib/microlib/stubs.s                 0x00000000   Number         0  iusefp.o ABSOLUTE
    ../fplib/microlib/fpadd.c                0x00000000   Number         0  dadd.o ABSOLUTE
    ../fplib/microlib/fpdiv.c                0x00000000   Number         0  ddiv.o ABSOLUTE
    ../fplib/microlib/fpepilogue.c           0x00000000   Number         0  depilogue.o ABSOLUTE
    ../fplib/microlib/fpfix.c                0x00000000   Number         0  dfixul.o ABSOLUTE
    ../fplib/microlib/fpflt.c                0x00000000   Number         0  dflti.o ABSOLUTE
    ../fplib/microlib/fpmul.c                0x00000000   Number         0  dmul.o ABSOLUTE
    C:\Software\Keil_v5\ARM\PACK\ARM\CMSIS\5.8.0\CMSIS\RTOS2\RTX\Source\rtx_lib.c 0x00000000   Number         0  rtx_lib.o ABSOLUTE
    C:\\Software\\Keil_v5\\ARM\\PACK\\ARM\\CMSIS\\5.8.0\\CMSIS\\RTOS2\\RTX\\Source\\rtx_lib.c 0x00000000   Number         0  rtx_lib.o ABSOLUTE
    FPU_USED                                 0x00000000   Number         0  irq_armv7m.o ABSOLUTE
    Project2\Retarget.c                      0x00000000   Number         0  retarget.o ABSOLUTE
    Project3\\timer.c                        0x00000000   Number         0  timer.o ABSOLUTE
    Project3\\uart.c                         0x00000000   Number         0  uart.o ABSOLUTE
    Project3\timer.c                         0x00000000   Number         0  timer.o ABSOLUTE
    Project3\uart.c                          0x00000000   Number         0  uart.o ABSOLUTE
    Project4\\main.c                         0x00000000   Number         0  main.o ABSOLUTE
    Project4\lfsr113.c                       0x00000000   Number         0  lfsr113.o ABSOLUTE
    Project4\main.c                          0x00000000   Number         0  main.o ABSOLUTE
    Project4\random.c                        0x00000000   Number         0  random.o ABSOLUTE
    RTE\CMSIS\RTX_Config.c                   0x00000000   Number         0  rtx_config.o ABSOLUTE
    RTE\Device\LPC1768\startup_LPC17xx.s     0x00000000   Number         0  startup_lpc17xx.o ABSOLUTE
    RTE\Device\LPC1768\system_LPC17xx.c      0x00000000   Number         0  system_lpc17xx.o ABSOLUTE
    RTE\\CMSIS\\RTX_Config.c                 0x00000000   Number         0  rtx_config.o ABSOLUTE
    RTE\\Device\\LPC1768\\system_LPC17xx.c   0x00000000   Number         0  system_lpc17xx.o ABSOLUTE
    cdrcmple.s                               0x00000000   Number         0  cdrcmple.o ABSOLUTE
    dc.s                                     0x00000000   Number         0  dc.o ABSOLUTE
    handlers.s                               0x00000000   Number         0  handlers.o ABSOLUTE
    init.s                                   0x00000000   Number         0  init.o ABSOLUTE
    os_systick.c                             0x00000000   Number         0  os_systick.o ABSOLUTE
    rtx_delay.c                              0x00000000   Number         0  rtx_delay.o ABSOLUTE
    rtx_kernel.c                             0x00000000   Number         0  rtx_kernel.o ABSOLUTE
    rtx_memory.c                             0x00000000   Number         0  rtx_memory.o ABSOLUTE
    rtx_mempool.c                            0x00000000   Number         0  rtx_mempool.o ABSOLUTE
    rtx_msgqueue.c                           0x00000000   Number         0  rtx_msgqueue.o ABSOLUTE
    rtx_mutex.c                              0x00000000   Number         0  rtx_mutex.o ABSOLUTE
    rtx_system.c                             0x00000000   Number         0  rtx_system.o ABSOLUTE
    rtx_thread.c                             0x00000000   Number         0  rtx_thread.o ABSOLUTE
    rtx_timer.c                              0x00000000   Number         0  rtx_timer.o ABSOLUTE
    osRtxErrorStackOverflow                  0x00000001   Number         0  irq_armv7m.o ABSOLUTE
    I_T_RUN_OFS                              0x00000014   Number         0  irq_armv7m.o ABSOLUTE
    TCB_SF_OFS                               0x00000022   Number         0  irq_armv7m.o ABSOLUTE
    TCB_SP_OFS                               0x00000038   Number         0  irq_armv7m.o ABSOLUTE
    .ARM.Collect$$$$00000000                 0x000000cc   Section        0  entry.o(.ARM.Collect$$$$00000000)
    .ARM.Collect$$$$00000001                 0x000000cc   Section        4  entry2.o(.ARM.Collect$$$$00000001)
    .ARM.Collect$$$$00000004                 0x000000d0   Section        4  entry5.o(.ARM.Collect$$$$00000004)
    .ARM.Collect$$$$00000008                 0x000000d4   Section        0  entry7b.o(.ARM.Collect$$$$00000008)
    .ARM.Collect$$$$0000000A                 0x000000d4   Section        0  entry8b.o(.ARM.Collect$$$$0000000A)
    .ARM.Collect$$$$0000000B                 0x000000d4   Section        8  entry9a.o(.ARM.Collect$$$$0000000B)
    .ARM.Collect$$$$0000000D                 0x000000dc   Section        0  entry10a.o(.ARM.Collect$$$$0000000D)
    .ARM.Collect$$$$0000000F                 0x000000dc   Section        0  entry11a.o(.ARM.Collect$$$$0000000F)
    .ARM.Collect$$$$00002712                 0x000000dc   Section        4  entry2.o(.ARM.Collect$$$$00002712)
    __lit__00000000                          0x000000dc   Data           4  entry2.o(.ARM.Collect$$$$00002712)
    .text                                    0x000000e0   Section       36  startup_lpc17xx.o(.text)
    [Anonymous Symbol]                       0x00000104   Section        0  irq_armv7m.o(.text)
    SVC_Context                              0x0000012c   Number         0  irq_armv7m.o(.text)
    SVC_ContextSave                          0x0000013c   Number         0  irq_armv7m.o(.text)
    SVC_ContextRestore                       0x00000144   Number         0  irq_armv7m.o(.text)
    SVC_Exit                                 0x00000152   Number         0  irq_armv7m.o(.text)
    SVC_User                                 0x00000154   Number         0  irq_armv7m.o(.text)
    .text                                    0x00000198   Section        0  uldiv.o(.text)
    .text                                    0x000001fa   Section        0  memcpya.o(.text)
    .text                                    0x0000021e   Section        0  memseta.o(.text)
    .text                                    0x00000242   Section        0  dflti.o(.text)
    .text                                    0x00000264   Section        0  uidiv.o(.text)
    .text                                    0x00000290   Section        0  llshl.o(.text)
    .text                                    0x000002ae   Section        0  llushr.o(.text)
    .text                                    0x000002ce   Section        0  iusefp.o(.text)
    .text                                    0x000002d0   Section       36  init.o(.text)
    [Anonymous Symbol]                       0x000002f4   Section        0  os_systick.o(.text.OS_Tick_GetIRQn)
    [Anonymous Symbol]                       0x000002fa   Section        0  rtx_kernel.o(.text.osRtxKernelPreInit)
    .ARM.__at_0x02FC                         0x000002fc   Section        4  startup_lpc17xx.o(.ARM.__at_0x02FC)
    .text                                    0x00000300   Section        0  ddiv.o(.text)
    .text                                    0x000003de   Section        0  depilogue.o(.text)
    .text                                    0x00000498   Section        0  dadd.o(.text)
    .text                                    0x000005e6   Section        0  dmul.o(.text)
    .text                                    0x000006ca   Section        0  dfixul.o(.text)
    .text                                    0x000006fc   Section       48  cdrcmple.o(.text)
    .text                                    0x0000072c   Section        0  llsshr.o(.text)
    .text                                    0x00000750   Section        0  __dczerorl2.o(.text)
    [Anonymous Symbol]                       0x000007a6   Section        0  rtx_msgqueue.o(.text.MessageQueueGet)
    MessageQueueGet                          0x000007a7   Thumb Code    64  rtx_msgqueue.o(.text.MessageQueueGet)
    [Anonymous Symbol]                       0x000007e6   Section        0  rtx_msgqueue.o(.text.MessageQueuePut)
    MessageQueuePut                          0x000007e7   Thumb Code    88  rtx_msgqueue.o(.text.MessageQueuePut)
    [Anonymous Symbol]                       0x0000083e   Section        0  rtx_msgqueue.o(.text.MessageQueueRemove)
    MessageQueueRemove                       0x0000083f   Thumb Code    28  rtx_msgqueue.o(.text.MessageQueueRemove)
    [Anonymous Symbol]                       0x0000085c   Section        0  os_systick.o(.text.OS_Tick_AcknowledgeIRQ)
    __arm_cp.3_0                             0x00000864   Number         4  os_systick.o(.text.OS_Tick_AcknowledgeIRQ)
    [Anonymous Symbol]                       0x00000868   Section        0  os_systick.o(.text.OS_Tick_Enable)
    __arm_cp.1_0                             0x00000888   Number         4  os_systick.o(.text.OS_Tick_Enable)
    __arm_cp.1_1                             0x0000088c   Number         4  os_systick.o(.text.OS_Tick_Enable)
    __arm_cp.1_2                             0x00000890   Number         4  os_systick.o(.text.OS_Tick_Enable)
    [Anonymous Symbol]                       0x00000894   Section        0  os_systick.o(.text.OS_Tick_Setup)
    __arm_cp.0_0                             0x000008c4   Number         4  os_systick.o(.text.OS_Tick_Setup)
    __arm_cp.0_1                             0x000008c8   Number         4  os_systick.o(.text.OS_Tick_Setup)
    __arm_cp.0_2                             0x000008cc   Number         4  os_systick.o(.text.OS_Tick_Setup)
    __arm_cp.0_3                             0x000008d0   Number         4  os_systick.o(.text.OS_Tick_Setup)
    [Anonymous Symbol]                       0x000008d4   Section        0  rtx_kernel.o(.text.OUTLINED_FUNCTION_0)
    OUTLINED_FUNCTION_0                      0x000008d5   Thumb Code    12  rtx_kernel.o(.text.OUTLINED_FUNCTION_0)
    [Anonymous Symbol]                       0x000008e0   Section        0  rtx_thread.o(.text.OUTLINED_FUNCTION_0)
    OUTLINED_FUNCTION_0                      0x000008e1   Thumb Code     6  rtx_thread.o(.text.OUTLINED_FUNCTION_0)
    [Anonymous Symbol]                       0x000008e6   Section        0  rtx_msgqueue.o(.text.OUTLINED_FUNCTION_0)
    OUTLINED_FUNCTION_0                      0x000008e7   Thumb Code    12  rtx_msgqueue.o(.text.OUTLINED_FUNCTION_0)
    [Anonymous Symbol]                       0x000008f2   Section        0  rtx_kernel.o(.text.OUTLINED_FUNCTION_1)
    OUTLINED_FUNCTION_1                      0x000008f3   Thumb Code     6  rtx_kernel.o(.text.OUTLINED_FUNCTION_1)
    [Anonymous Symbol]                       0x000008f8   Section        0  rtx_thread.o(.text.ThreadFlagsCheck)
    ThreadFlagsCheck                         0x000008f9   Thumb Code   100  rtx_thread.o(.text.ThreadFlagsCheck)
    [Anonymous Symbol]                       0x0000095c   Section        0  rtx_timer.o(.text.TimerInsert)
    TimerInsert                              0x0000095d   Thumb Code    68  rtx_timer.o(.text.TimerInsert)
    __arm_cp.9_0                             0x000009a0   Number         4  rtx_timer.o(.text.TimerInsert)
    [Anonymous Symbol]                       0x000009a4   Section        0  rtx_delay.o(.text.osDelay)
    __arm_cp.0_0                             0x000009c4   Number         4  rtx_delay.o(.text.osDelay)
    [Anonymous Symbol]                       0x000009c8   Section        0  rtx_kernel.o(.text.osKernelGetTickFreq)
    __arm_cp.15_0                            0x000009e8   Number         4  rtx_kernel.o(.text.osKernelGetTickFreq)
    __arm_cp.15_1                            0x000009ec   Number         4  rtx_kernel.o(.text.osKernelGetTickFreq)
    [Anonymous Symbol]                       0x000009f0   Section        0  rtx_kernel.o(.text.osKernelInitialize)
    __arm_cp.2_0                             0x00000a18   Number         4  rtx_kernel.o(.text.osKernelInitialize)
    [Anonymous Symbol]                       0x00000a1c   Section        0  rtx_kernel.o(.text.osKernelStart)
    __arm_cp.7_0                             0x00000a3c   Number         4  rtx_kernel.o(.text.osKernelStart)
    [Anonymous Symbol]                       0x00000a40   Section        0  rtx_msgqueue.o(.text.osMessageQueueGet)
    __arm_cp.5_0                             0x00000aac   Number         4  rtx_msgqueue.o(.text.osMessageQueueGet)
    [Anonymous Symbol]                       0x00000ab0   Section        0  rtx_msgqueue.o(.text.osMessageQueueNew)
    __arm_cp.2_0                             0x00000ad0   Number         4  rtx_msgqueue.o(.text.osMessageQueueNew)
    [Anonymous Symbol]                       0x00000ad4   Section        0  rtx_msgqueue.o(.text.osMessageQueuePut)
    __arm_cp.4_0                             0x00000b50   Number         4  rtx_msgqueue.o(.text.osMessageQueuePut)
    [Anonymous Symbol]                       0x00000b54   Section        0  rtx_kernel.o(.text.osRtxKernelErrorNotify)
    [Anonymous Symbol]                       0x00000b58   Section        0  rtx_memory.o(.text.osRtxMemoryAlloc)
    [Anonymous Symbol]                       0x00000bc4   Section        0  rtx_memory.o(.text.osRtxMemoryFree)
    [Anonymous Symbol]                       0x00000c06   Section        0  rtx_memory.o(.text.osRtxMemoryInit)
    [Anonymous Symbol]                       0x00000c3c   Section        0  rtx_mempool.o(.text.osRtxMemoryPoolAlloc)
    [Anonymous Symbol]                       0x00000c76   Section        0  rtx_mempool.o(.text.osRtxMemoryPoolFree)
    [Anonymous Symbol]                       0x00000cc0   Section        0  rtx_mempool.o(.text.osRtxMemoryPoolInit)
    [Anonymous Symbol]                       0x00000cf8   Section        0  rtx_msgqueue.o(.text.osRtxMessageQueuePostProcess)
    osRtxMessageQueuePostProcess             0x00000cf9   Thumb Code   170  rtx_msgqueue.o(.text.osRtxMessageQueuePostProcess)
    [Anonymous Symbol]                       0x00000da4   Section        0  rtx_msgqueue.o(.text.osRtxMessageQueueTimerSetup)
    __arm_cp.0_0                             0x00000dc4   Number         4  rtx_msgqueue.o(.text.osRtxMessageQueueTimerSetup)
    __arm_cp.0_1                             0x00000dc8   Number         4  rtx_msgqueue.o(.text.osRtxMessageQueueTimerSetup)
    [Anonymous Symbol]                       0x00000dcc   Section        0  rtx_mutex.o(.text.osRtxMutexOwnerRelease)
    [Anonymous Symbol]                       0x00000e14   Section        0  rtx_mutex.o(.text.osRtxMutexOwnerRestore)
    [Anonymous Symbol]                       0x00000e58   Section        0  rtx_system.o(.text.osRtxPendSV_Handler)
    __arm_cp.1_0                             0x00000ee0   Number         4  rtx_system.o(.text.osRtxPendSV_Handler)
    [Anonymous Symbol]                       0x00000ee4   Section        0  rtx_system.o(.text.osRtxPostProcess)
    __arm_cp.2_0                             0x00000f50   Number         4  rtx_system.o(.text.osRtxPostProcess)
    __arm_cp.2_1                             0x00000f54   Number         4  rtx_system.o(.text.osRtxPostProcess)
    [Anonymous Symbol]                       0x00000f58   Section        0  rtx_thread.o(.text.osRtxThreadBlock)
    osRtxThreadBlock                         0x00000f59   Thumb Code    52  rtx_thread.o(.text.osRtxThreadBlock)
    __arm_cp.10_0                            0x00000f8c   Number         4  rtx_thread.o(.text.osRtxThreadBlock)
    [Anonymous Symbol]                       0x00000f90   Section        0  rtx_thread.o(.text.osRtxThreadDelayInsert)
    osRtxThreadDelayInsert                   0x00000f91   Thumb Code   124  rtx_thread.o(.text.osRtxThreadDelayInsert)
    __arm_cp.14_0                            0x0000100c   Number         4  rtx_thread.o(.text.osRtxThreadDelayInsert)
    [Anonymous Symbol]                       0x00001010   Section        0  rtx_thread.o(.text.osRtxThreadDelayRemove)
    osRtxThreadDelayRemove                   0x00001011   Thumb Code    60  rtx_thread.o(.text.osRtxThreadDelayRemove)
    __arm_cp.12_0                            0x0000104c   Number         4  rtx_thread.o(.text.osRtxThreadDelayRemove)
    [Anonymous Symbol]                       0x00001050   Section        0  rtx_thread.o(.text.osRtxThreadDelayTick)
    __arm_cp.5_0                             0x00001098   Number         4  rtx_thread.o(.text.osRtxThreadDelayTick)
    [Anonymous Symbol]                       0x0000109c   Section        0  rtx_thread.o(.text.osRtxThreadDestroy)
    osRtxThreadDestroy                       0x0000109d   Thumb Code    32  rtx_thread.o(.text.osRtxThreadDestroy)
    __arm_cp.56_0                            0x000010bc   Number         4  rtx_thread.o(.text.osRtxThreadDestroy)
    [Anonymous Symbol]                       0x000010c0   Section        0  rtx_thread.o(.text.osRtxThreadDispatch)
    __arm_cp.9_0                             0x00001110   Number         4  rtx_thread.o(.text.osRtxThreadDispatch)
    [Anonymous Symbol]                       0x00001114   Section        0  rtx_thread.o(.text.osRtxThreadFree)
    osRtxThreadFree                          0x00001115   Thumb Code    84  rtx_thread.o(.text.osRtxThreadFree)
    __arm_cp.52_0                            0x00001168   Number         4  rtx_thread.o(.text.osRtxThreadFree)
    [Anonymous Symbol]                       0x0000116c   Section        0  rtx_thread.o(.text.osRtxThreadJoinWakeup)
    osRtxThreadJoinWakeup                    0x0000116d   Thumb Code    30  rtx_thread.o(.text.osRtxThreadJoinWakeup)
    [Anonymous Symbol]                       0x0000118a   Section        0  rtx_thread.o(.text.osRtxThreadListGet)
    [Anonymous Symbol]                       0x0000119c   Section        0  rtx_thread.o(.text.osRtxThreadListPut)
    [Anonymous Symbol]                       0x000011c8   Section        0  rtx_thread.o(.text.osRtxThreadListRemove)
    [Anonymous Symbol]                       0x000011dc   Section        0  rtx_thread.o(.text.osRtxThreadListRoot)
    osRtxThreadListRoot                      0x000011dd   Thumb Code    12  rtx_thread.o(.text.osRtxThreadListRoot)
    [Anonymous Symbol]                       0x000011e8   Section        0  rtx_thread.o(.text.osRtxThreadListSort)
    [Anonymous Symbol]                       0x0000120e   Section        0  rtx_thread.o(.text.osRtxThreadPostProcess)
    osRtxThreadPostProcess                   0x0000120f   Thumb Code    40  rtx_thread.o(.text.osRtxThreadPostProcess)
    [Anonymous Symbol]                       0x00001238   Section        0  rtx_thread.o(.text.osRtxThreadReadyPut)
    __arm_cp.4_0                             0x00001248   Number         4  rtx_thread.o(.text.osRtxThreadReadyPut)
    [Anonymous Symbol]                       0x0000124c   Section        0  rtx_thread.o(.text.osRtxThreadRegPtr)
    [Anonymous Symbol]                       0x00001254   Section        0  rtx_thread.o(.text.osRtxThreadStartup)
    __arm_cp.15_0                            0x00001284   Number         4  rtx_thread.o(.text.osRtxThreadStartup)
    __arm_cp.15_1                            0x00001288   Number         4  rtx_thread.o(.text.osRtxThreadStartup)
    __arm_cp.15_2                            0x0000128c   Number         4  rtx_thread.o(.text.osRtxThreadStartup)
    [Anonymous Symbol]                       0x00001290   Section        0  rtx_thread.o(.text.osRtxThreadSwitch)
    __arm_cp.8_0                             0x0000129c   Number         4  rtx_thread.o(.text.osRtxThreadSwitch)
    [Anonymous Symbol]                       0x000012a0   Section        0  rtx_thread.o(.text.osRtxThreadWaitEnter)
    __arm_cp.13_0                            0x000012d8   Number         4  rtx_thread.o(.text.osRtxThreadWaitEnter)
    [Anonymous Symbol]                       0x000012dc   Section        0  rtx_thread.o(.text.osRtxThreadWaitExit)
    [Anonymous Symbol]                       0x00001300   Section        0  rtx_system.o(.text.osRtxTick_Handler)
    __arm_cp.0_0                             0x00001374   Number         4  rtx_system.o(.text.osRtxTick_Handler)
    [Anonymous Symbol]                       0x00001378   Section        0  rtx_timer.o(.text.osRtxTimerSetup)
    __arm_cp.0_0                             0x00001390   Number         4  rtx_timer.o(.text.osRtxTimerSetup)
    __arm_cp.0_1                             0x00001394   Number         4  rtx_timer.o(.text.osRtxTimerSetup)
    [Anonymous Symbol]                       0x00001398   Section        0  rtx_timer.o(.text.osRtxTimerThread)
    [Anonymous Symbol]                       0x000013b8   Section        0  rtx_timer.o(.text.osRtxTimerTick)
    osRtxTimerTick                           0x000013b9   Thumb Code   108  rtx_timer.o(.text.osRtxTimerTick)
    __arm_cp.1_0                             0x00001424   Number         4  rtx_timer.o(.text.osRtxTimerTick)
    [Anonymous Symbol]                       0x00001428   Section        0  rtx_thread.o(.text.osThreadExit)
    __arm_cp.31_0                            0x00001430   Number         4  rtx_thread.o(.text.osThreadExit)
    [Anonymous Symbol]                       0x00001434   Section        0  rtx_thread.o(.text.osThreadNew)
    __arm_cp.17_0                            0x00001454   Number         4  rtx_thread.o(.text.osThreadNew)
    [Anonymous Symbol]                       0x00001458   Section        0  rtx_thread.o(.text.osThreadYield)
    __arm_cp.26_0                            0x00001478   Number         4  rtx_thread.o(.text.osThreadYield)
    [Anonymous Symbol]                       0x0000147c   Section        0  rtx_delay.o(.text.svcRtxDelay)
    svcRtxDelay                              0x0000147d   Thumb Code    22  rtx_delay.o(.text.svcRtxDelay)
    [Anonymous Symbol]                       0x00001494   Section        0  rtx_kernel.o(.text.svcRtxKernelGetTickFreq)
    svcRtxKernelGetTickFreq                  0x00001495   Thumb Code     8  rtx_kernel.o(.text.svcRtxKernelGetTickFreq)
    __arm_cp.16_0                            0x0000149c   Number         4  rtx_kernel.o(.text.svcRtxKernelGetTickFreq)
    [Anonymous Symbol]                       0x000014a0   Section        0  rtx_kernel.o(.text.svcRtxKernelInitialize)
    svcRtxKernelInitialize                   0x000014a1   Thumb Code   244  rtx_kernel.o(.text.svcRtxKernelInitialize)
    __arm_cp.21_0                            0x00001594   Number         4  rtx_kernel.o(.text.svcRtxKernelInitialize)
    __arm_cp.21_1                            0x00001598   Number         4  rtx_kernel.o(.text.svcRtxKernelInitialize)
    __arm_cp.21_2                            0x0000159c   Number         4  rtx_kernel.o(.text.svcRtxKernelInitialize)
    [Anonymous Symbol]                       0x000015a0   Section        0  rtx_kernel.o(.text.svcRtxKernelStart)
    svcRtxKernelStart                        0x000015a1   Thumb Code   120  rtx_kernel.o(.text.svcRtxKernelStart)
    __arm_cp.22_0                            0x00001618   Number         4  rtx_kernel.o(.text.svcRtxKernelStart)
    __arm_cp.22_1                            0x0000161c   Number         4  rtx_kernel.o(.text.svcRtxKernelStart)
    __arm_cp.22_2                            0x00001620   Number         4  rtx_kernel.o(.text.svcRtxKernelStart)
    __arm_cp.22_3                            0x00001624   Number         4  rtx_kernel.o(.text.svcRtxKernelStart)
    [Anonymous Symbol]                       0x00001628   Section        0  rtx_msgqueue.o(.text.svcRtxMessageQueueGet)
    svcRtxMessageQueueGet                    0x00001629   Thumb Code   212  rtx_msgqueue.o(.text.svcRtxMessageQueueGet)
    __arm_cp.22_0                            0x000016fc   Number         4  rtx_msgqueue.o(.text.svcRtxMessageQueueGet)
    [Anonymous Symbol]                       0x00001700   Section        0  rtx_msgqueue.o(.text.svcRtxMessageQueueNew)
    svcRtxMessageQueueNew                    0x00001701   Thumb Code   272  rtx_msgqueue.o(.text.svcRtxMessageQueueNew)
    __arm_cp.1_0                             0x00001810   Number         4  rtx_msgqueue.o(.text.svcRtxMessageQueueNew)
    __arm_cp.1_1                             0x00001814   Number         4  rtx_msgqueue.o(.text.svcRtxMessageQueueNew)
    [Anonymous Symbol]                       0x00001818   Section        0  rtx_msgqueue.o(.text.svcRtxMessageQueuePut)
    svcRtxMessageQueuePut                    0x00001819   Thumb Code   176  rtx_msgqueue.o(.text.svcRtxMessageQueuePut)
    __arm_cp.20_0                            0x000018c8   Number         4  rtx_msgqueue.o(.text.svcRtxMessageQueuePut)
    [Anonymous Symbol]                       0x000018cc   Section        0  rtx_thread.o(.text.svcRtxThreadExit)
    svcRtxThreadExit                         0x000018cd   Thumb Code    72  rtx_thread.o(.text.svcRtxThreadExit)
    __arm_cp.54_0                            0x00001914   Number         4  rtx_thread.o(.text.svcRtxThreadExit)
    [Anonymous Symbol]                       0x00001918   Section        0  rtx_thread.o(.text.svcRtxThreadNew)
    svcRtxThreadNew                          0x00001919   Thumb Code   472  rtx_thread.o(.text.svcRtxThreadNew)
    __arm_cp.16_0                            0x00001af0   Number         4  rtx_thread.o(.text.svcRtxThreadNew)
    __arm_cp.16_1                            0x00001af4   Number         4  rtx_thread.o(.text.svcRtxThreadNew)
    __arm_cp.16_2                            0x00001af8   Number         4  rtx_thread.o(.text.svcRtxThreadNew)
    __arm_cp.16_3                            0x00001afc   Number         4  rtx_thread.o(.text.svcRtxThreadNew)
    __arm_cp.16_4                            0x00001b00   Number         4  rtx_thread.o(.text.svcRtxThreadNew)
    [Anonymous Symbol]                       0x00001b04   Section        0  rtx_thread.o(.text.svcRtxThreadYield)
    svcRtxThreadYield                        0x00001b05   Thumb Code    52  rtx_thread.o(.text.svcRtxThreadYield)
    __arm_cp.47_0                            0x00001b38   Number         4  rtx_thread.o(.text.svcRtxThreadYield)
    i.Free                                   0x00001b3c   Section        0  uart.o(i.Free)
    i.FreeRcv                                0x00001b44   Section        0  uart.o(i.FreeRcv)
    i.FreeSnd                                0x00001b68   Section        0  uart.o(i.FreeSnd)
    i.SystemInit                             0x00001b8c   Section        0  system_lpc17xx.o(i.SystemInit)
    i.UART0_IRQHandler                       0x00001ccc   Section        0  uart.o(i.UART0_IRQHandler)
    i.UART1_IRQHandler                       0x00001d34   Section        0  uart.o(i.UART1_IRQHandler)
    i.UARTInit                               0x00001da4   Section        0  uart.o(i.UARTInit)
    i.UARTSendChar                           0x00001e60   Section        0  uart.o(i.UARTSendChar)
    i.__0printf                              0x00001e84   Section        0  printfa.o(i.__0printf)
    i.__NVIC_EnableIRQ                       0x00001ea4   Section        0  uart.o(i.__NVIC_EnableIRQ)
    __NVIC_EnableIRQ                         0x00001ea5   Thumb Code    34  uart.o(i.__NVIC_EnableIRQ)
    i.__scatterload_copy                     0x00001ec6   Section       14  handlers.o(i.__scatterload_copy)
    i.__scatterload_null                     0x00001ed4   Section        2  handlers.o(i.__scatterload_null)
    i.__scatterload_zeroinit                 0x00001ed6   Section       14  handlers.o(i.__scatterload_zeroinit)
    i._fp_digits                             0x00001ee4   Section        0  printfa.o(i._fp_digits)
    _fp_digits                               0x00001ee5   Thumb Code   366  printfa.o(i._fp_digits)
    i._printf_core                           0x00002068   Section        0  printfa.o(i._printf_core)
    _printf_core                             0x00002069   Thumb Code  1744  printfa.o(i._printf_core)
    i._printf_post_padding                   0x00002744   Section        0  printfa.o(i._printf_post_padding)
    _printf_post_padding                     0x00002745   Thumb Code    36  printfa.o(i._printf_post_padding)
    i._printf_pre_padding                    0x00002768   Section        0  printfa.o(i._printf_pre_padding)
    _printf_pre_padding                      0x00002769   Thumb Code    46  printfa.o(i._printf_pre_padding)
    i.charToBinLED                           0x00002798   Section        0  main.o(i.charToBinLED)
    i.client                                 0x000028a0   Section        0  main.o(i.client)
    i.fputc                                  0x000028ea   Section        0  retarget.o(i.fputc)
    i.getFrequency                           0x000028f8   Section        0  uart.o(i.getFrequency)
    i.get_random_delay_seconds               0x00002940   Section        0  random.o(i.get_random_delay_seconds)
    i.initLEDPins                            0x00002954   Section        0  main.o(i.initLEDPins)
    i.lfsr113                                0x000029ac   Section        0  lfsr113.o(i.lfsr113)
    i.main                                   0x00002a3c   Section        0  main.o(i.main)
    i.malloc                                 0x00002ad0   Section        0  malloc.o(i.malloc)
    i.monitor                                0x00002b3c   Section        0  main.o(i.monitor)
    i.next_event                             0x00002c3c   Section        0  random.o(i.next_event)
    i.osRtxErrorNotify                       0x00002c50   Section        0  rtx_config.o(i.osRtxErrorNotify)
    i.osRtxIdleThread                        0x00002c70   Section        0  rtx_config.o(i.osRtxIdleThread)
    i.sendchar                               0x00002c74   Section        0  retarget.o(i.sendchar)
    i.server                                 0x00002cb8   Section        0  main.o(i.server)
    .constdata                               0x00002d24   Section      104  rtx_lib.o(.constdata)
    os_idle_thread_attr                      0x00002d24   Data          36  rtx_lib.o(.constdata)
    os_timer_thread_attr                     0x00002d48   Data          36  rtx_lib.o(.constdata)
    os_timer_mq_attr                         0x00002d6c   Data          24  rtx_lib.o(.constdata)
    .rodata                                  0x00002d8c   Section      168  rtx_lib.o(.rodata)
    __tagsym$$used                           0x00002d8c   Number         0  rtx_lib.o(.rodata)
    __tagsym$$used                           0x00002dfc   Number         0  rtx_lib.o(.rodata)
    [Anonymous Symbol]                       0x00002e38   Section        0  rtx_kernel.o(.rodata.str1.4)
    .bss.os                                  0x10000000   Section     8256  rtx_lib.o(.bss.os)
    os_mem                                   0x10000000   Data        8192  rtx_lib.o(.bss.os)
    os_isr_queue                             0x10002000   Data          64  rtx_lib.o(.bss.os)
    .bss.os.msgqueue.cb                      0x10002040   Section       52  rtx_lib.o(.bss.os.msgqueue.cb)
    os_timer_mq_cb                           0x10002040   Data          52  rtx_lib.o(.bss.os.msgqueue.cb)
    .bss.os.msgqueue.mem                     0x10002074   Section       80  rtx_lib.o(.bss.os.msgqueue.mem)
    os_timer_mq_data                         0x10002074   Data          80  rtx_lib.o(.bss.os.msgqueue.mem)
    .bss.os.thread.cb                        0x100020c4   Section      136  rtx_lib.o(.bss.os.thread.cb)
    os_idle_thread_cb                        0x100020c4   Data          68  rtx_lib.o(.bss.os.thread.cb)
    os_timer_thread_cb                       0x10002108   Data          68  rtx_lib.o(.bss.os.thread.cb)
    .bss.os.thread.idle.stack                0x10002150   Section      512  rtx_lib.o(.bss.os.thread.idle.stack)
    os_idle_thread_stack                     0x10002150   Data         512  rtx_lib.o(.bss.os.thread.idle.stack)
    .bss.os.thread.timer.stack               0x10002350   Section      512  rtx_lib.o(.bss.os.thread.timer.stack)
    os_timer_thread_stack                    0x10002350   Data         512  rtx_lib.o(.bss.os.thread.timer.stack)
    .data                                    0x10002550   Section       12  retarget.o(.data)
    .data                                    0x1000255c   Section       32  uart.o(.data)
    .data                                    0x1000257c   Section       16  lfsr113.o(.data)
    z1                                       0x1000257c   Data           4  lfsr113.o(.data)
    z2                                       0x10002580   Data           4  lfsr113.o(.data)
    z3                                       0x10002584   Data           4  lfsr113.o(.data)
    z4                                       0x10002588   Data           4  lfsr113.o(.data)
    .data                                    0x1000258c   Section        8  main.o(.data)
    .data                                    0x10002594   Section     1024  random.o(.data)
    ln_table                                 0x10002594   Data        1024  random.o(.data)
    .data                                    0x10002994   Section        4  system_lpc17xx.o(.data)
    .data                                    0x10002998   Section        4  mvars.o(.data)
    .data                                    0x1000299c   Section        4  mvars.o(.data)
    .bss                                     0x10002a44   Section      128  uart.o(.bss)
    [Anonymous Symbol]                       0x10002ac4   Section        0  os_systick.o(.bss.os)
    PendST                                   0x10002ac4   Data           1  os_systick.o(.bss.os)
    HEAP                                     0x10002ac8   Section     8192  startup_lpc17xx.o(HEAP)
    STACK                                    0x10004ac8   Section     8192  startup_lpc17xx.o(STACK)
    FPCCR                                    0xe000ef34   Number         0  irq_armv7m.o ABSOLUTE

    Global Symbols

    Symbol Name                              Value     Ov Type        Size  Object(Section)

    BuildAttributes$$THM_ISAv4$P$D$K$B$S$PE$A:L22UL41UL21$X:L11$S22US41US21$IEEE1$IW$USESV6$~STKCKD$USESV7$~SHL$OSPACE$ROPI$EBA8$MICROLIB$REQ8$PRES8$EABIv2 0x00000000   Number         0  anon$$obj.o ABSOLUTE
    __ARM_use_no_argv                        0x00000000   Number         0  main.o ABSOLUTE
    __Vectors                                0x00000000   Data           4  startup_lpc17xx.o(RESET)
    _printf_a                                0x00000000   Number         0  stubs.o ABSOLUTE
    _printf_c                                0x00000000   Number         0  stubs.o ABSOLUTE
    _printf_charcount                        0x00000000   Number         0  stubs.o ABSOLUTE
    _printf_d                                0x00000000   Number         0  stubs.o ABSOLUTE
    _printf_e                                0x00000000   Number         0  stubs.o ABSOLUTE
    _printf_f                                0x00000000   Number         0  stubs.o ABSOLUTE
    _printf_flags                            0x00000000   Number         0  stubs.o ABSOLUTE
    _printf_fp_dec                           0x00000000   Number         0  stubs.o ABSOLUTE
    _printf_fp_hex                           0x00000000   Number         0  stubs.o ABSOLUTE
    _printf_g                                0x00000000   Number         0  stubs.o ABSOLUTE
    _printf_i                                0x00000000   Number         0  stubs.o ABSOLUTE
    _printf_int_dec                          0x00000000   Number         0  stubs.o ABSOLUTE
    _printf_l                                0x00000000   Number         0  stubs.o ABSOLUTE
    _printf_lc                               0x00000000   Number         0  stubs.o ABSOLUTE
    _printf_ll                               0x00000000   Number         0  stubs.o ABSOLUTE
    _printf_lld                              0x00000000   Number         0  stubs.o ABSOLUTE
    _printf_lli                              0x00000000   Number         0  stubs.o ABSOLUTE
    _printf_llo                              0x00000000   Number         0  stubs.o ABSOLUTE
    _printf_llu                              0x00000000   Number         0  stubs.o ABSOLUTE
    _printf_llx                              0x00000000   Number         0  stubs.o ABSOLUTE
    _printf_longlong_dec                     0x00000000   Number         0  stubs.o ABSOLUTE
    _printf_longlong_hex                     0x00000000   Number         0  stubs.o ABSOLUTE
    _printf_longlong_oct                     0x00000000   Number         0  stubs.o ABSOLUTE
    _printf_ls                               0x00000000   Number         0  stubs.o ABSOLUTE
    _printf_mbtowc                           0x00000000   Number         0  stubs.o ABSOLUTE
    _printf_n                                0x00000000   Number         0  stubs.o ABSOLUTE
    _printf_o                                0x00000000   Number         0  stubs.o ABSOLUTE
    _printf_p                                0x00000000   Number         0  stubs.o ABSOLUTE
    _printf_percent                          0x00000000   Number         0  stubs.o ABSOLUTE
    _printf_pre_padding                      0x00000000   Number         0  stubs.o ABSOLUTE
    _printf_return_value                     0x00000000   Number         0  stubs.o ABSOLUTE
    _printf_s                                0x00000000   Number         0  stubs.o ABSOLUTE
    _printf_sizespec                         0x00000000   Number         0  stubs.o ABSOLUTE
    _printf_str                              0x00000000   Number         0  stubs.o ABSOLUTE
    _printf_truncate_signed                  0x00000000   Number         0  stubs.o ABSOLUTE
    _printf_truncate_unsigned                0x00000000   Number         0  stubs.o ABSOLUTE
    _printf_u                                0x00000000   Number         0  stubs.o ABSOLUTE
    _printf_wc                               0x00000000   Number         0  stubs.o ABSOLUTE
    _printf_wctomb                           0x00000000   Number         0  stubs.o ABSOLUTE
    _printf_widthprec                        0x00000000   Number         0  stubs.o ABSOLUTE
    _printf_x                                0x00000000   Number         0  stubs.o ABSOLUTE
    .bss.os.evflags.cb$$Base                  - Undefined Weak Reference
    .bss.os.evflags.cb$$Limit                 - Undefined Weak Reference
    .bss.os.mempool.cb$$Base                  - Undefined Weak Reference
    .bss.os.mempool.cb$$Limit                 - Undefined Weak Reference
    .bss.os.mutex.cb$$Base                    - Undefined Weak Reference
    .bss.os.mutex.cb$$Limit                   - Undefined Weak Reference
    .bss.os.semaphore.cb$$Base                - Undefined Weak Reference
    .bss.os.semaphore.cb$$Limit               - Undefined Weak Reference
    .bss.os.timer.cb$$Base                    - Undefined Weak Reference
    .bss.os.timer.cb$$Limit                   - Undefined Weak Reference
    __cpp_initialize__aeabi_                  - Undefined Weak Reference
    __cxa_finalize                            - Undefined Weak Reference
    _clock_init                               - Undefined Weak Reference
    _microlib_exit                            - Undefined Weak Reference
    __main                                   0x000000cd   Thumb Code     0  entry.o(.ARM.Collect$$$$00000000)
    _main_stk                                0x000000cd   Thumb Code     0  entry2.o(.ARM.Collect$$$$00000001)
    _main_scatterload                        0x000000d1   Thumb Code     0  entry5.o(.ARM.Collect$$$$00000004)
    __main_after_scatterload                 0x000000d5   Thumb Code     0  entry5.o(.ARM.Collect$$$$00000004)
    _main_clock                              0x000000d5   Thumb Code     0  entry7b.o(.ARM.Collect$$$$00000008)
    _main_cpp_init                           0x000000d5   Thumb Code     0  entry8b.o(.ARM.Collect$$$$0000000A)
    _main_init                               0x000000d5   Thumb Code     0  entry9a.o(.ARM.Collect$$$$0000000B)
    __rt_final_cpp                           0x000000dd   Thumb Code     0  entry10a.o(.ARM.Collect$$$$0000000D)
    __rt_final_exit                          0x000000dd   Thumb Code     0  entry11a.o(.ARM.Collect$$$$0000000F)
    Reset_Handler                            0x000000e1   Thumb Code     8  startup_lpc17xx.o(.text)
    NMI_Handler                              0x000000e9   Thumb Code     2  startup_lpc17xx.o(.text)
    HardFault_Handler                        0x000000eb   Thumb Code     2  startup_lpc17xx.o(.text)
    MemManage_Handler                        0x000000ed   Thumb Code     2  startup_lpc17xx.o(.text)
    BusFault_Handler                         0x000000ef   Thumb Code     2  startup_lpc17xx.o(.text)
    UsageFault_Handler                       0x000000f1   Thumb Code     2  startup_lpc17xx.o(.text)
    DebugMon_Handler                         0x000000f5   Thumb Code     2  startup_lpc17xx.o(.text)
    ADC_IRQHandler                           0x000000fb   Thumb Code     0  startup_lpc17xx.o(.text)
    BOD_IRQHandler                           0x000000fb   Thumb Code     0  startup_lpc17xx.o(.text)
    CANActivity_IRQHandler                   0x000000fb   Thumb Code     0  startup_lpc17xx.o(.text)
    CAN_IRQHandler                           0x000000fb   Thumb Code     0  startup_lpc17xx.o(.text)
    DMA_IRQHandler                           0x000000fb   Thumb Code     0  startup_lpc17xx.o(.text)
    EINT0_IRQHandler                         0x000000fb   Thumb Code     0  startup_lpc17xx.o(.text)
    EINT1_IRQHandler                         0x000000fb   Thumb Code     0  startup_lpc17xx.o(.text)
    EINT2_IRQHandler                         0x000000fb   Thumb Code     0  startup_lpc17xx.o(.text)
    EINT3_IRQHandler                         0x000000fb   Thumb Code     0  startup_lpc17xx.o(.text)
    ENET_IRQHandler                          0x000000fb   Thumb Code     0  startup_lpc17xx.o(.text)
    I2C0_IRQHandler                          0x000000fb   Thumb Code     0  startup_lpc17xx.o(.text)
    I2C1_IRQHandler                          0x000000fb   Thumb Code     0  startup_lpc17xx.o(.text)
    I2C2_IRQHandler                          0x000000fb   Thumb Code     0  startup_lpc17xx.o(.text)
    I2S_IRQHandler                           0x000000fb   Thumb Code     0  startup_lpc17xx.o(.text)
    MCPWM_IRQHandler                         0x000000fb   Thumb Code     0  startup_lpc17xx.o(.text)
    PLL0_IRQHandler                          0x000000fb   Thumb Code     0  startup_lpc17xx.o(.text)
    PLL1_IRQHandler                          0x000000fb   Thumb Code     0  startup_lpc17xx.o(.text)
    PWM1_IRQHandler                          0x000000fb   Thumb Code     0  startup_lpc17xx.o(.text)
    QEI_IRQHandler                           0x000000fb   Thumb Code     0  startup_lpc17xx.o(.text)
    RIT_IRQHandler                           0x000000fb   Thumb Code     0  startup_lpc17xx.o(.text)
    RTC_IRQHandler                           0x000000fb   Thumb Code     0  startup_lpc17xx.o(.text)
    SPI_IRQHandler                           0x000000fb   Thumb Code     0  startup_lpc17xx.o(.text)
    SSP0_IRQHandler                          0x000000fb   Thumb Code     0  startup_lpc17xx.o(.text)
    SSP1_IRQHandler                          0x000000fb   Thumb Code     0  startup_lpc17xx.o(.text)
    TIMER0_IRQHandler                        0x000000fb   Thumb Code     0  startup_lpc17xx.o(.text)
    TIMER1_IRQHandler                        0x000000fb   Thumb Code     0  startup_lpc17xx.o(.text)
    TIMER2_IRQHandler                        0x000000fb   Thumb Code     0  startup_lpc17xx.o(.text)
    TIMER3_IRQHandler                        0x000000fb   Thumb Code     0  startup_lpc17xx.o(.text)
    UART2_IRQHandler                         0x000000fb   Thumb Code     0  startup_lpc17xx.o(.text)
    UART3_IRQHandler                         0x000000fb   Thumb Code     0  startup_lpc17xx.o(.text)
    USBActivity_IRQHandler                   0x000000fb   Thumb Code     0  startup_lpc17xx.o(.text)
    USB_IRQHandler                           0x000000fb   Thumb Code     0  startup_lpc17xx.o(.text)
    WDT_IRQHandler                           0x000000fb   Thumb Code     0  startup_lpc17xx.o(.text)
    SVC_Handler                              0x00000105   Thumb Code   108  irq_armv7m.o(.text)
    PendSV_Handler                           0x00000171   Thumb Code    16  irq_armv7m.o(.text)
    SysTick_Handler                          0x00000181   Thumb Code    16  irq_armv7m.o(.text)
    __aeabi_uldivmod                         0x00000199   Thumb Code    98  uldiv.o(.text)
    __aeabi_memcpy                           0x000001fb   Thumb Code    36  memcpya.o(.text)
    __aeabi_memcpy4                          0x000001fb   Thumb Code     0  memcpya.o(.text)
    __aeabi_memcpy8                          0x000001fb   Thumb Code     0  memcpya.o(.text)
    __aeabi_memset                           0x0000021f   Thumb Code    14  memseta.o(.text)
    __aeabi_memset4                          0x0000021f   Thumb Code     0  memseta.o(.text)
    __aeabi_memset8                          0x0000021f   Thumb Code     0  memseta.o(.text)
    __aeabi_memclr                           0x0000022d   Thumb Code     4  memseta.o(.text)
    __aeabi_memclr4                          0x0000022d   Thumb Code     0  memseta.o(.text)
    __aeabi_memclr8                          0x0000022d   Thumb Code     0  memseta.o(.text)
    _memset$wrapper                          0x00000231   Thumb Code    18  memseta.o(.text)
    __aeabi_i2d                              0x00000243   Thumb Code    34  dflti.o(.text)
    __aeabi_uidiv                            0x00000265   Thumb Code     0  uidiv.o(.text)
    __aeabi_uidivmod                         0x00000265   Thumb Code    44  uidiv.o(.text)
    __aeabi_llsl                             0x00000291   Thumb Code    30  llshl.o(.text)
    _ll_shift_l                              0x00000291   Thumb Code     0  llshl.o(.text)
    __aeabi_llsr                             0x000002af   Thumb Code    32  llushr.o(.text)
    _ll_ushift_r                             0x000002af   Thumb Code     0  llushr.o(.text)
    __I$use$fp                               0x000002cf   Thumb Code     0  iusefp.o(.text)
    __scatterload                            0x000002d1   Thumb Code    28  init.o(.text)
    __scatterload_rt2                        0x000002d1   Thumb Code     0  init.o(.text)
    OS_Tick_GetIRQn                          0x000002f5   Thumb Code     6  os_systick.o(.text.OS_Tick_GetIRQn)
    osRtxKernelPreInit                       0x000002fb   Thumb Code     2  rtx_kernel.o(.text.osRtxKernelPreInit)
    __aeabi_ddiv                             0x00000301   Thumb Code   222  ddiv.o(.text)
    _double_round                            0x000003df   Thumb Code    30  depilogue.o(.text)
    _double_epilogue                         0x000003fd   Thumb Code   156  depilogue.o(.text)
    __aeabi_dadd                             0x00000499   Thumb Code   322  dadd.o(.text)
    __aeabi_dsub                             0x000005db   Thumb Code     6  dadd.o(.text)
    __aeabi_drsub                            0x000005e1   Thumb Code     6  dadd.o(.text)
    __aeabi_dmul                             0x000005e7   Thumb Code   228  dmul.o(.text)
    __aeabi_d2ulz                            0x000006cb   Thumb Code    48  dfixul.o(.text)
    __aeabi_cdrcmple                         0x000006fd   Thumb Code    48  cdrcmple.o(.text)
    __aeabi_lasr                             0x0000072d   Thumb Code    36  llsshr.o(.text)
    _ll_sshift_r                             0x0000072d   Thumb Code     0  llsshr.o(.text)
    __decompress                             0x00000751   Thumb Code     0  __dczerorl2.o(.text)
    __decompress1                            0x00000751   Thumb Code    86  __dczerorl2.o(.text)
    OS_Tick_AcknowledgeIRQ                   0x0000085d   Thumb Code     8  os_systick.o(.text.OS_Tick_AcknowledgeIRQ)
    OS_Tick_Enable                           0x00000869   Thumb Code    32  os_systick.o(.text.OS_Tick_Enable)
    OS_Tick_Setup                            0x00000895   Thumb Code    48  os_systick.o(.text.OS_Tick_Setup)
    osDelay                                  0x000009a5   Thumb Code    32  rtx_delay.o(.text.osDelay)
    osKernelGetTickFreq                      0x000009c9   Thumb Code    32  rtx_kernel.o(.text.osKernelGetTickFreq)
    osKernelInitialize                       0x000009f1   Thumb Code    40  rtx_kernel.o(.text.osKernelInitialize)
    osKernelStart                            0x00000a1d   Thumb Code    32  rtx_kernel.o(.text.osKernelStart)
    osMessageQueueGet                        0x00000a41   Thumb Code   108  rtx_msgqueue.o(.text.osMessageQueueGet)
    osMessageQueueNew                        0x00000ab1   Thumb Code    32  rtx_msgqueue.o(.text.osMessageQueueNew)
    osMessageQueuePut                        0x00000ad5   Thumb Code   124  rtx_msgqueue.o(.text.osMessageQueuePut)
    osRtxKernelErrorNotify                   0x00000b55   Thumb Code     4  rtx_kernel.o(.text.osRtxKernelErrorNotify)
    osRtxMemoryAlloc                         0x00000b59   Thumb Code   108  rtx_memory.o(.text.osRtxMemoryAlloc)
    osRtxMemoryFree                          0x00000bc5   Thumb Code    66  rtx_memory.o(.text.osRtxMemoryFree)
    osRtxMemoryInit                          0x00000c07   Thumb Code    54  rtx_memory.o(.text.osRtxMemoryInit)
    osRtxMemoryPoolAlloc                     0x00000c3d   Thumb Code    58  rtx_mempool.o(.text.osRtxMemoryPoolAlloc)
    osRtxMemoryPoolFree                      0x00000c77   Thumb Code    74  rtx_mempool.o(.text.osRtxMemoryPoolFree)
    osRtxMemoryPoolInit                      0x00000cc1   Thumb Code    56  rtx_mempool.o(.text.osRtxMemoryPoolInit)
    osRtxMessageQueueTimerSetup              0x00000da5   Thumb Code    32  rtx_msgqueue.o(.text.osRtxMessageQueueTimerSetup)
    osRtxMutexOwnerRelease                   0x00000dcd   Thumb Code    72  rtx_mutex.o(.text.osRtxMutexOwnerRelease)
    osRtxMutexOwnerRestore                   0x00000e15   Thumb Code    66  rtx_mutex.o(.text.osRtxMutexOwnerRestore)
    osRtxPendSV_Handler                      0x00000e59   Thumb Code   136  rtx_system.o(.text.osRtxPendSV_Handler)
    osRtxPostProcess                         0x00000ee5   Thumb Code   108  rtx_system.o(.text.osRtxPostProcess)
    osRtxThreadDelayTick                     0x00001051   Thumb Code    72  rtx_thread.o(.text.osRtxThreadDelayTick)
    osRtxThreadDispatch                      0x000010c1   Thumb Code    80  rtx_thread.o(.text.osRtxThreadDispatch)
    osRtxThreadListGet                       0x0000118b   Thumb Code    18  rtx_thread.o(.text.osRtxThreadListGet)
    osRtxThreadListPut                       0x0000119d   Thumb Code    44  rtx_thread.o(.text.osRtxThreadListPut)
    osRtxThreadListRemove                    0x000011c9   Thumb Code    20  rtx_thread.o(.text.osRtxThreadListRemove)
    osRtxThreadListSort                      0x000011e9   Thumb Code    38  rtx_thread.o(.text.osRtxThreadListSort)
    osRtxThreadReadyPut                      0x00001239   Thumb Code    16  rtx_thread.o(.text.osRtxThreadReadyPut)
    osRtxThreadRegPtr                        0x0000124d   Thumb Code     6  rtx_thread.o(.text.osRtxThreadRegPtr)
    osRtxThreadStartup                       0x00001255   Thumb Code    48  rtx_thread.o(.text.osRtxThreadStartup)
    osRtxThreadSwitch                        0x00001291   Thumb Code    12  rtx_thread.o(.text.osRtxThreadSwitch)
    osRtxThreadWaitEnter                     0x000012a1   Thumb Code    56  rtx_thread.o(.text.osRtxThreadWaitEnter)
    osRtxThreadWaitExit                      0x000012dd   Thumb Code    34  rtx_thread.o(.text.osRtxThreadWaitExit)
    osRtxTick_Handler                        0x00001301   Thumb Code   116  rtx_system.o(.text.osRtxTick_Handler)
    osRtxTimerSetup                          0x00001379   Thumb Code    24  rtx_timer.o(.text.osRtxTimerSetup)
    osRtxTimerThread                         0x00001399   Thumb Code    32  rtx_timer.o(.text.osRtxTimerThread)
    osThreadExit                             0x00001429   Thumb Code     8  rtx_thread.o(.text.osThreadExit)
    osThreadNew                              0x00001435   Thumb Code    32  rtx_thread.o(.text.osThreadNew)
    osThreadYield                            0x00001459   Thumb Code    32  rtx_thread.o(.text.osThreadYield)
    Free                                     0x00001b3d   Thumb Code     6  uart.o(i.Free)
    FreeRcv                                  0x00001b45   Thumb Code    28  uart.o(i.FreeRcv)
    FreeSnd                                  0x00001b69   Thumb Code    28  uart.o(i.FreeSnd)
    SystemInit                               0x00001b8d   Thumb Code   302  system_lpc17xx.o(i.SystemInit)
    UART0_IRQHandler                         0x00001ccd   Thumb Code    88  uart.o(i.UART0_IRQHandler)
    UART1_IRQHandler                         0x00001d35   Thumb Code    90  uart.o(i.UART1_IRQHandler)
    UARTInit                                 0x00001da5   Thumb Code   176  uart.o(i.UARTInit)
    UARTSendChar                             0x00001e61   Thumb Code    26  uart.o(i.UARTSendChar)
    __0printf                                0x00001e85   Thumb Code    22  printfa.o(i.__0printf)
    __1printf                                0x00001e85   Thumb Code     0  printfa.o(i.__0printf)
    __2printf                                0x00001e85   Thumb Code     0  printfa.o(i.__0printf)
    __c89printf                              0x00001e85   Thumb Code     0  printfa.o(i.__0printf)
    printf                                   0x00001e85   Thumb Code     0  printfa.o(i.__0printf)
    __scatterload_copy                       0x00001ec7   Thumb Code    14  handlers.o(i.__scatterload_copy)
    __scatterload_null                       0x00001ed5   Thumb Code     2  handlers.o(i.__scatterload_null)
    __scatterload_zeroinit                   0x00001ed7   Thumb Code    14  handlers.o(i.__scatterload_zeroinit)
    charToBinLED                             0x00002799   Thumb Code   258  main.o(i.charToBinLED)
    client                                   0x000028a1   Thumb Code    74  main.o(i.client)
    fputc                                    0x000028eb   Thumb Code    14  retarget.o(i.fputc)
    getFrequency                             0x000028f9   Thumb Code    62  uart.o(i.getFrequency)
    get_random_delay_seconds                 0x00002941   Thumb Code    20  random.o(i.get_random_delay_seconds)
    initLEDPins                              0x00002955   Thumb Code    84  main.o(i.initLEDPins)
    lfsr113                                  0x000029ad   Thumb Code   128  lfsr113.o(i.lfsr113)
    main                                     0x00002a3d   Thumb Code   108  main.o(i.main)
    malloc                                   0x00002ad1   Thumb Code    92  malloc.o(i.malloc)
    monitor                                  0x00002b3d   Thumb Code   226  main.o(i.monitor)
    next_event                               0x00002c3d   Thumb Code    16  random.o(i.next_event)
    osRtxErrorNotify                         0x00002c51   Thumb Code    32  rtx_config.o(i.osRtxErrorNotify)
    osRtxIdleThread                          0x00002c71   Thumb Code     4  rtx_config.o(i.osRtxIdleThread)
    sendchar                                 0x00002c75   Thumb Code    64  retarget.o(i.sendchar)
    server                                   0x00002cb9   Thumb Code   106  main.o(i.server)
    irqRtxLibRef                             0x00002d84   Data           4  rtx_lib.o(.constdata)
    osRtxUserSVC                             0x00002d88   Data           4  rtx_lib.o(.constdata)
    osRtxConfig                              0x00002d8c   Data         112  rtx_lib.o(.rodata)
    os_cb_sections                           0x00002dfc   Data          56  rtx_lib.o(.rodata)
    irqRtxLib                                0x00002e34   Number         0  irq_armv7m.o(.rodata)
    Region$$Table$$Base                      0x00002e44   Number         0  anon$$obj.o(Region$$Table)
    Region$$Table$$Limit                     0x00002e64   Number         0  anon$$obj.o(Region$$Table)
    .bss.os.msgqueue.cb$$Base                0x10002040   Number         0  rtx_lib.o(.bss.os.msgqueue.cb)
    .bss.os.msgqueue.cb$$Limit               0x10002074   Number         0  rtx_lib.o(.bss.os.msgqueue.cb)
    .bss.os.thread.cb$$Base                  0x100020c4   Number         0  rtx_lib.o(.bss.os.thread.cb)
    .bss.os.thread.cb$$Limit                 0x1000214c   Number         0  rtx_lib.o(.bss.os.thread.cb)
    uart_init_called                         0x10002550   Data           1  retarget.o(.data)
    __stdout                                 0x10002554   Data           4  retarget.o(.data)
    __stdin                                  0x10002558   Data           4  retarget.o(.data)
    ITM_RxBuffer                             0x1000255c   Data           4  uart.o(.data)
    UART0Status                              0x10002560   Data           4  uart.o(.data)
    UART1Status                              0x10002564   Data           4  uart.o(.data)
    UART0TxEmpty                             0x10002568   Data           1  uart.o(.data)
    UART1TxEmpty                             0x10002569   Data           1  uart.o(.data)
    UART0Count                               0x1000256c   Data           4  uart.o(.data)
    UART1Count                               0x10002570   Data           4  uart.o(.data)
    RcvLock0                                 0x10002574   Data           1  uart.o(.data)
    SndLock0                                 0x10002575   Data           1  uart.o(.data)
    RcvLock1                                 0x10002576   Data           1  uart.o(.data)
    SndLock1                                 0x10002577   Data           1  uart.o(.data)
    i                                        0x10002578   Data           4  uart.o(.data)
    num_pairs                                0x1000258c   Data           4  main.o(.data)
    server_capacity                          0x10002590   Data           4  main.o(.data)
    SystemCoreClock                          0x10002994   Data           4  system_lpc17xx.o(.data)
    __microlib_freelist                      0x10002998   Data           4  mvars.o(.data)
    __microlib_freelist_initialised          0x1000299c   Data           4  mvars.o(.data)
    osRtxInfo                                0x100029a0   Data         164  rtx_kernel.o(.data.os)
    UART0Buffer                              0x10002a44   Data          64  uart.o(.bss)
    UART1Buffer                              0x10002a84   Data          64  uart.o(.bss)
    __heap_base                              0x10002ac8   Data           0  startup_lpc17xx.o(HEAP)
    __heap_limit                             0x10004ac8   Data           0  startup_lpc17xx.o(HEAP)
    __initial_sp                             0x10006ac8   Data           0  startup_lpc17xx.o(STACK)



==============================================================================

Memory Map of the image

  Image Entry point : 0x000000e1

  Load Region LR_1 (Base: 0x00000000, Size: 0x000058a8, Max: 0xffffffff, ABSOLUTE, COMPRESSED[0x00003224])

    Execution Region ER_RO (Exec base: 0x00000000, Load base: 0x00000000, Size: 0x00002e64, Max: 0xffffffff, ABSOLUTE)

    Exec Addr    Load Addr    Size         Type   Attr      Idx    E Section Name        Object

    0x00000000   0x00000000   0x000000cc   Data   RO          441    RESET               startup_lpc17xx.o
    0x000000cc   0x000000cc   0x00000000   Code   RO          978  * .ARM.Collect$$$$00000000  mc_w.l(entry.o)
    0x000000cc   0x000000cc   0x00000004   Code   RO         1282    .ARM.Collect$$$$00000001  mc_w.l(entry2.o)
    0x000000d0   0x000000d0   0x00000004   Code   RO         1285    .ARM.Collect$$$$00000004  mc_w.l(entry5.o)
    0x000000d4   0x000000d4   0x00000000   Code   RO         1287    .ARM.Collect$$$$00000008  mc_w.l(entry7b.o)
    0x000000d4   0x000000d4   0x00000000   Code   RO         1289    .ARM.Collect$$$$0000000A  mc_w.l(entry8b.o)
    0x000000d4   0x000000d4   0x00000008   Code   RO         1290    .ARM.Collect$$$$0000000B  mc_w.l(entry9a.o)
    0x000000dc   0x000000dc   0x00000000   Code   RO         1292    .ARM.Collect$$$$0000000D  mc_w.l(entry10a.o)
    0x000000dc   0x000000dc   0x00000000   Code   RO         1294    .ARM.Collect$$$$0000000F  mc_w.l(entry11a.o)
    0x000000dc   0x000000dc   0x00000004   Code   RO         1283    .ARM.Collect$$$$00002712  mc_w.l(entry2.o)
    0x000000e0   0x000000e0   0x00000024   Code   RO          443  * .text               startup_lpc17xx.o
    0x00000104   0x00000104   0x00000094   Code   RO          828    .text               RTX_CM3.lib(irq_armv7m.o)
    0x00000198   0x00000198   0x00000062   Code   RO          981    .text               mc_w.l(uldiv.o)
    0x000001fa   0x000001fa   0x00000024   Code   RO          983    .text               mc_w.l(memcpya.o)
    0x0000021e   0x0000021e   0x00000024   Code   RO          985    .text               mc_w.l(memseta.o)
    0x00000242   0x00000242   0x00000022   Code   RO         1280    .text               mf_w.l(dflti.o)
    0x00000264   0x00000264   0x0000002c   Code   RO         1296    .text               mc_w.l(uidiv.o)
    0x00000290   0x00000290   0x0000001e   Code   RO         1298    .text               mc_w.l(llshl.o)
    0x000002ae   0x000002ae   0x00000020   Code   RO         1300    .text               mc_w.l(llushr.o)
    0x000002ce   0x000002ce   0x00000000   Code   RO         1304    .text               mc_w.l(iusefp.o)
    0x000002ce   0x000002ce   0x00000002   PAD
    0x000002d0   0x000002d0   0x00000024   Code   RO         1315    .text               mc_w.l(init.o)
    0x000002f4   0x000002f4   0x00000006   Code   RO          960    .text.OS_Tick_GetIRQn  RTX_CM3.lib(os_systick.o)
    0x000002fa   0x000002fa   0x00000002   Code   RO          493    .text.osRtxKernelPreInit  RTX_CM3.lib(rtx_kernel.o)
    0x000002fc   0x000002fc   0x00000004   Code   RO          442    .ARM.__at_0x02FC    startup_lpc17xx.o
    0x00000300   0x00000300   0x000000de   Code   RO         1278    .text               mf_w.l(ddiv.o)
    0x000003de   0x000003de   0x000000ba   Code   RO         1305    .text               mf_w.l(depilogue.o)
    0x00000498   0x00000498   0x0000014e   Code   RO         1307    .text               mf_w.l(dadd.o)
    0x000005e6   0x000005e6   0x000000e4   Code   RO         1309    .text               mf_w.l(dmul.o)
    0x000006ca   0x000006ca   0x00000030   Code   RO         1311    .text               mf_w.l(dfixul.o)
    0x000006fa   0x000006fa   0x00000002   PAD
    0x000006fc   0x000006fc   0x00000030   Code   RO         1313    .text               mf_w.l(cdrcmple.o)
    0x0000072c   0x0000072c   0x00000024   Code   RO         1317    .text               mc_w.l(llsshr.o)
    0x00000750   0x00000750   0x00000056   Code   RO         1327    .text               mc_w.l(__dczerorl2.o)
    0x000007a6   0x000007a6   0x00000040   Code   RO          811    .text.MessageQueueGet  RTX_CM3.lib(rtx_msgqueue.o)
    0x000007e6   0x000007e6   0x00000058   Code   RO          805    .text.MessageQueuePut  RTX_CM3.lib(rtx_msgqueue.o)
    0x0000083e   0x0000083e   0x0000001c   Code   RO          803    .text.MessageQueueRemove  RTX_CM3.lib(rtx_msgqueue.o)
    0x0000085a   0x0000085a   0x00000002   PAD
    0x0000085c   0x0000085c   0x0000000c   Code   RO          958    .text.OS_Tick_AcknowledgeIRQ  RTX_CM3.lib(os_systick.o)
    0x00000868   0x00000868   0x0000002c   Code   RO          954    .text.OS_Tick_Enable  RTX_CM3.lib(os_systick.o)
    0x00000894   0x00000894   0x00000040   Code   RO          952    .text.OS_Tick_Setup  RTX_CM3.lib(os_systick.o)
    0x000008d4   0x000008d4   0x0000000c   Code   RO          551    .text.OUTLINED_FUNCTION_0  RTX_CM3.lib(rtx_kernel.o)
    0x000008e0   0x000008e0   0x00000006   Code   RO          693    .text.OUTLINED_FUNCTION_0  RTX_CM3.lib(rtx_thread.o)
    0x000008e6   0x000008e6   0x0000000c   Code   RO          819    .text.OUTLINED_FUNCTION_0  RTX_CM3.lib(rtx_msgqueue.o)
    0x000008f2   0x000008f2   0x00000006   Code   RO          553    .text.OUTLINED_FUNCTION_1  RTX_CM3.lib(rtx_kernel.o)
    0x000008f8   0x000008f8   0x00000064   Code   RO          645    .text.ThreadFlagsCheck  RTX_CM3.lib(rtx_thread.o)
    0x0000095c   0x0000095c   0x00000048   Code   RO          745    .text.TimerInsert   RTX_CM3.lib(rtx_timer.o)
    0x000009a4   0x000009a4   0x00000024   Code   RO          711    .text.osDelay       RTX_CM3.lib(rtx_delay.o)
    0x000009c8   0x000009c8   0x00000028   Code   RO          523    .text.osKernelGetTickFreq  RTX_CM3.lib(rtx_kernel.o)
    0x000009f0   0x000009f0   0x0000002c   Code   RO          497    .text.osKernelInitialize  RTX_CM3.lib(rtx_kernel.o)
    0x00000a1c   0x00000a1c   0x00000024   Code   RO          507    .text.osKernelStart  RTX_CM3.lib(rtx_kernel.o)
    0x00000a40   0x00000a40   0x00000070   Code   RO          779    .text.osMessageQueueGet  RTX_CM3.lib(rtx_msgqueue.o)
    0x00000ab0   0x00000ab0   0x00000024   Code   RO          773    .text.osMessageQueueNew  RTX_CM3.lib(rtx_msgqueue.o)
    0x00000ad4   0x00000ad4   0x00000080   Code   RO          777    .text.osMessageQueuePut  RTX_CM3.lib(rtx_msgqueue.o)
    0x00000b54   0x00000b54   0x00000004   Code   RO          495    .text.osRtxKernelErrorNotify  RTX_CM3.lib(rtx_kernel.o)
    0x00000b58   0x00000b58   0x0000006c   Code   RO          874    .text.osRtxMemoryAlloc  RTX_CM3.lib(rtx_memory.o)
    0x00000bc4   0x00000bc4   0x00000042   Code   RO          876    .text.osRtxMemoryFree  RTX_CM3.lib(rtx_memory.o)
    0x00000c06   0x00000c06   0x00000036   Code   RO          872    .text.osRtxMemoryInit  RTX_CM3.lib(rtx_memory.o)
    0x00000c3c   0x00000c3c   0x0000003a   Code   RO          888    .text.osRtxMemoryPoolAlloc  RTX_CM3.lib(rtx_mempool.o)
    0x00000c76   0x00000c76   0x0000004a   Code   RO          890    .text.osRtxMemoryPoolFree  RTX_CM3.lib(rtx_mempool.o)
    0x00000cc0   0x00000cc0   0x00000038   Code   RO          886    .text.osRtxMemoryPoolInit  RTX_CM3.lib(rtx_mempool.o)
    0x00000cf8   0x00000cf8   0x000000aa   Code   RO          801    .text.osRtxMessageQueuePostProcess  RTX_CM3.lib(rtx_msgqueue.o)
    0x00000da2   0x00000da2   0x00000002   PAD
    0x00000da4   0x00000da4   0x00000028   Code   RO          769    .text.osRtxMessageQueueTimerSetup  RTX_CM3.lib(rtx_msgqueue.o)
    0x00000dcc   0x00000dcc   0x00000048   Code   RO          836    .text.osRtxMutexOwnerRelease  RTX_CM3.lib(rtx_mutex.o)
    0x00000e14   0x00000e14   0x00000042   Code   RO          838    .text.osRtxMutexOwnerRestore  RTX_CM3.lib(rtx_mutex.o)
    0x00000e56   0x00000e56   0x00000002   PAD
    0x00000e58   0x00000e58   0x0000008c   Code   RO          940    .text.osRtxPendSV_Handler  RTX_CM3.lib(rtx_system.o)
    0x00000ee4   0x00000ee4   0x00000074   Code   RO          942    .text.osRtxPostProcess  RTX_CM3.lib(rtx_system.o)
    0x00000f58   0x00000f58   0x00000038   Code   RO          585    .text.osRtxThreadBlock  RTX_CM3.lib(rtx_thread.o)
    0x00000f90   0x00000f90   0x00000080   Code   RO          593    .text.osRtxThreadDelayInsert  RTX_CM3.lib(rtx_thread.o)
    0x00001010   0x00001010   0x00000040   Code   RO          589    .text.osRtxThreadDelayRemove  RTX_CM3.lib(rtx_thread.o)
    0x00001050   0x00001050   0x0000004c   Code   RO          575    .text.osRtxThreadDelayTick  RTX_CM3.lib(rtx_thread.o)
    0x0000109c   0x0000109c   0x00000024   Code   RO          677    .text.osRtxThreadDestroy  RTX_CM3.lib(rtx_thread.o)
    0x000010c0   0x000010c0   0x00000054   Code   RO          583    .text.osRtxThreadDispatch  RTX_CM3.lib(rtx_thread.o)
    0x00001114   0x00001114   0x00000058   Code   RO          669    .text.osRtxThreadFree  RTX_CM3.lib(rtx_thread.o)
    0x0000116c   0x0000116c   0x0000001e   Code   RO          675    .text.osRtxThreadJoinWakeup  RTX_CM3.lib(rtx_thread.o)
    0x0000118a   0x0000118a   0x00000012   Code   RO          567    .text.osRtxThreadListGet  RTX_CM3.lib(rtx_thread.o)
    0x0000119c   0x0000119c   0x0000002c   Code   RO          565    .text.osRtxThreadListPut  RTX_CM3.lib(rtx_thread.o)
    0x000011c8   0x000011c8   0x00000014   Code   RO          571    .text.osRtxThreadListRemove  RTX_CM3.lib(rtx_thread.o)
    0x000011dc   0x000011dc   0x0000000c   Code   RO          577    .text.osRtxThreadListRoot  RTX_CM3.lib(rtx_thread.o)
    0x000011e8   0x000011e8   0x00000026   Code   RO          569    .text.osRtxThreadListSort  RTX_CM3.lib(rtx_thread.o)
    0x0000120e   0x0000120e   0x00000028   Code   RO          643    .text.osRtxThreadPostProcess  RTX_CM3.lib(rtx_thread.o)
    0x00001236   0x00001236   0x00000002   PAD
    0x00001238   0x00001238   0x00000014   Code   RO          573    .text.osRtxThreadReadyPut  RTX_CM3.lib(rtx_thread.o)
    0x0000124c   0x0000124c   0x00000006   Code   RO          579    .text.osRtxThreadRegPtr  RTX_CM3.lib(rtx_thread.o)
    0x00001252   0x00001252   0x00000002   PAD
    0x00001254   0x00001254   0x0000003c   Code   RO          595    .text.osRtxThreadStartup  RTX_CM3.lib(rtx_thread.o)
    0x00001290   0x00001290   0x00000010   Code   RO          581    .text.osRtxThreadSwitch  RTX_CM3.lib(rtx_thread.o)
    0x000012a0   0x000012a0   0x0000003c   Code   RO          591    .text.osRtxThreadWaitEnter  RTX_CM3.lib(rtx_thread.o)
    0x000012dc   0x000012dc   0x00000022   Code   RO          587    .text.osRtxThreadWaitExit  RTX_CM3.lib(rtx_thread.o)
    0x000012fe   0x000012fe   0x00000002   PAD
    0x00001300   0x00001300   0x00000078   Code   RO          938    .text.osRtxTick_Handler  RTX_CM3.lib(rtx_system.o)
    0x00001378   0x00001378   0x00000020   Code   RO          727    .text.osRtxTimerSetup  RTX_CM3.lib(rtx_timer.o)
    0x00001398   0x00001398   0x00000020   Code   RO          731    .text.osRtxTimerThread  RTX_CM3.lib(rtx_timer.o)
    0x000013b8   0x000013b8   0x00000070   Code   RO          729    .text.osRtxTimerTick  RTX_CM3.lib(rtx_timer.o)
    0x00001428   0x00001428   0x0000000c   Code   RO          627    .text.osThreadExit  RTX_CM3.lib(rtx_thread.o)
    0x00001434   0x00001434   0x00000024   Code   RO          599    .text.osThreadNew   RTX_CM3.lib(rtx_thread.o)
    0x00001458   0x00001458   0x00000024   Code   RO          617    .text.osThreadYield  RTX_CM3.lib(rtx_thread.o)
    0x0000147c   0x0000147c   0x00000016   Code   RO          715    .text.svcRtxDelay   RTX_CM3.lib(rtx_delay.o)
    0x00001492   0x00001492   0x00000002   PAD
    0x00001494   0x00001494   0x0000000c   Code   RO          525    .text.svcRtxKernelGetTickFreq  RTX_CM3.lib(rtx_kernel.o)
    0x000014a0   0x000014a0   0x00000100   Code   RO          535    .text.svcRtxKernelInitialize  RTX_CM3.lib(rtx_kernel.o)
    0x000015a0   0x000015a0   0x00000088   Code   RO          537    .text.svcRtxKernelStart  RTX_CM3.lib(rtx_kernel.o)
    0x00001628   0x00001628   0x000000d8   Code   RO          813    .text.svcRtxMessageQueueGet  RTX_CM3.lib(rtx_msgqueue.o)
    0x00001700   0x00001700   0x00000118   Code   RO          771    .text.svcRtxMessageQueueNew  RTX_CM3.lib(rtx_msgqueue.o)
    0x00001818   0x00001818   0x000000b4   Code   RO          809    .text.svcRtxMessageQueuePut  RTX_CM3.lib(rtx_msgqueue.o)
    0x000018cc   0x000018cc   0x0000004c   Code   RO          673    .text.svcRtxThreadExit  RTX_CM3.lib(rtx_thread.o)
    0x00001918   0x00001918   0x000001ec   Code   RO          597    .text.svcRtxThreadNew  RTX_CM3.lib(rtx_thread.o)
    0x00001b04   0x00001b04   0x00000038   Code   RO          659    .text.svcRtxThreadYield  RTX_CM3.lib(rtx_thread.o)
    0x00001b3c   0x00001b3c   0x00000006   Code   RO          130    i.Free              uart.o
    0x00001b42   0x00001b42   0x00000002   PAD
    0x00001b44   0x00001b44   0x00000024   Code   RO          131    i.FreeRcv           uart.o
    0x00001b68   0x00001b68   0x00000024   Code   RO          132    i.FreeSnd           uart.o
    0x00001b8c   0x00001b8c   0x00000140   Code   RO          453    i.SystemInit        system_lpc17xx.o
    0x00001ccc   0x00001ccc   0x00000068   Code   RO          136    i.UART0_IRQHandler  uart.o
    0x00001d34   0x00001d34   0x00000070   Code   RO          137    i.UART1_IRQHandler  uart.o
    0x00001da4   0x00001da4   0x000000bc   Code   RO          138    i.UARTInit          uart.o
    0x00001e60   0x00001e60   0x00000024   Code   RO          142    i.UARTSendChar      uart.o
    0x00001e84   0x00001e84   0x00000020   Code   RO         1222    i.__0printf         mc_w.l(printfa.o)
    0x00001ea4   0x00001ea4   0x00000022   Code   RO          143    i.__NVIC_EnableIRQ  uart.o
    0x00001ec6   0x00001ec6   0x0000000e   Code   RO         1321    i.__scatterload_copy  mc_w.l(handlers.o)
    0x00001ed4   0x00001ed4   0x00000002   Code   RO         1322    i.__scatterload_null  mc_w.l(handlers.o)
    0x00001ed6   0x00001ed6   0x0000000e   Code   RO         1323    i.__scatterload_zeroinit  mc_w.l(handlers.o)
    0x00001ee4   0x00001ee4   0x00000184   Code   RO         1229    i._fp_digits        mc_w.l(printfa.o)
    0x00002068   0x00002068   0x000006dc   Code   RO         1230    i._printf_core      mc_w.l(printfa.o)
    0x00002744   0x00002744   0x00000024   Code   RO         1231    i._printf_post_padding  mc_w.l(printfa.o)
    0x00002768   0x00002768   0x0000002e   Code   RO         1232    i._printf_pre_padding  mc_w.l(printfa.o)
    0x00002796   0x00002796   0x00000002   PAD
    0x00002798   0x00002798   0x00000108   Code   RO          264    i.charToBinLED      main.o
    0x000028a0   0x000028a0   0x0000004a   Code   RO          265    i.client            main.o
    0x000028ea   0x000028ea   0x0000000e   Code   RO            5    i.fputc             retarget.o
    0x000028f8   0x000028f8   0x00000048   Code   RO          144    i.getFrequency      uart.o
    0x00002940   0x00002940   0x00000014   Code   RO          337    i.get_random_delay_seconds  random.o
    0x00002954   0x00002954   0x00000058   Code   RO          266    i.initLEDPins       main.o
    0x000029ac   0x000029ac   0x00000090   Code   RO          244    i.lfsr113           lfsr113.o
    0x00002a3c   0x00002a3c   0x00000094   Code   RO          267    i.main              main.o
    0x00002ad0   0x00002ad0   0x0000006c   Code   RO         1251    i.malloc            mc_w.l(malloc.o)
    0x00002b3c   0x00002b3c   0x00000100   Code   RO          268    i.monitor           main.o
    0x00002c3c   0x00002c3c   0x00000014   Code   RO          338    i.next_event        random.o
    0x00002c50   0x00002c50   0x00000020   Code   RO          408    i.osRtxErrorNotify  rtx_config.o
    0x00002c70   0x00002c70   0x00000004   Code   RO          409    i.osRtxIdleThread   rtx_config.o
    0x00002c74   0x00002c74   0x00000044   Code   RO            7    i.sendchar          retarget.o
    0x00002cb8   0x00002cb8   0x0000006a   Code   RO          269    i.server            main.o
    0x00002d22   0x00002d22   0x00000002   PAD
    0x00002d24   0x00002d24   0x00000068   Data   RO          366    .constdata          rtx_lib.o
    0x00002d8c   0x00002d8c   0x000000a8   Data   RO          367    .rodata             rtx_lib.o
    0x00002e34   0x00002e34   0x00000001   Data   RO          829    .rodata             RTX_CM3.lib(irq_armv7m.o)
    0x00002e35   0x00002e35   0x00000003   PAD
    0x00002e38   0x00002e38   0x0000000b   Data   RO          555    .rodata.str1.4      RTX_CM3.lib(rtx_kernel.o)
    0x00002e43   0x00002e43   0x00000001   PAD
    0x00002e44   0x00002e44   0x00000020   Data   RO         1319    Region$$Table       anon$$obj.o


    Execution Region ER_RW (Exec base: 0x10000000, Load base: 0x00002e64, Size: 0x00002a44, Max: 0xffffffff, ABSOLUTE, COMPRESSED[0x000003c0])

    Exec Addr    Load Addr    Size         Type   Attr      Idx    E Section Name        Object

    0x10000000   COMPRESSED   0x00002040   Data   RW          360    .bss.os             rtx_lib.o
    0x10002040   COMPRESSED   0x00000034   Data   RW          361    .bss.os.msgqueue.cb  rtx_lib.o
    0x10002074   COMPRESSED   0x00000050   Data   RW          362    .bss.os.msgqueue.mem  rtx_lib.o
    0x100020c4   COMPRESSED   0x00000088   Data   RW          363    .bss.os.thread.cb   rtx_lib.o
    0x1000214c   COMPRESSED   0x00000004   PAD
    0x10002150   COMPRESSED   0x00000200   Data   RW          364    .bss.os.thread.idle.stack  rtx_lib.o
    0x10002350   COMPRESSED   0x00000200   Data   RW          365    .bss.os.thread.timer.stack  rtx_lib.o
    0x10002550   COMPRESSED   0x0000000c   Data   RW            8    .data               retarget.o
    0x1000255c   COMPRESSED   0x00000020   Data   RW          146    .data               uart.o
    0x1000257c   COMPRESSED   0x00000010   Data   RW          245    .data               lfsr113.o
    0x1000258c   COMPRESSED   0x00000008   Data   RW          270    .data               main.o
    0x10002594   COMPRESSED   0x00000400   Data   RW          339    .data               random.o
    0x10002994   COMPRESSED   0x00000004   Data   RW          454    .data               system_lpc17xx.o
    0x10002998   COMPRESSED   0x00000004   Data   RW         1302    .data               mc_w.l(mvars.o)
    0x1000299c   COMPRESSED   0x00000004   Data   RW         1303    .data               mc_w.l(mvars.o)
    0x100029a0   COMPRESSED   0x000000a4   Data   RW          556    .data.os            RTX_CM3.lib(rtx_kernel.o)


    Execution Region ER_ZI (Exec base: 0x10002a44, Load base: 0x00003224, Size: 0x00004084, Max: 0xffffffff, ABSOLUTE)

    Exec Addr    Load Addr    Size         Type   Attr      Idx    E Section Name        Object

    0x10002a44        -       0x00000080   Zero   RW          145    .bss                uart.o
    0x10002ac4        -       0x00000001   Zero   RW          970    .bss.os             RTX_CM3.lib(os_systick.o)
    0x10002ac5   0x00003224   0x00000003   PAD
    0x10002ac8        -       0x00002000   Zero   RW          440    HEAP                startup_lpc17xx.o
    0x10004ac8        -       0x00002000   Zero   RW          439    STACK               startup_lpc17xx.o


==============================================================================

Image component sizes


      Code (inc. data)   RO Data    RW Data    ZI Data      Debug   Object Name

       144         16          0         16          0        714   lfsr113.o
       936         80          0          8          0       8612   main.o
        40          4          0       1024          0       1548   random.o
        82          4          0         12          0       7562   retarget.o
        36          6          0          0          0       1013   rtx_config.o
         0          0        272       9548          0      12726   rtx_lib.o
        40         12        204          0      16384       1052   startup_lpc17xx.o
       320         18          0          4          0        867   system_lpc17xx.o
         0          0          0          0          0      16900   timer.o
       624         86          0         32        128       6187   uart.o

    ----------------------------------------------------------------------
      2226        226        508      10648      16512      57181   Object Totals
         0          0         32          0          0          0   (incl. Generated)
         4          0          0          4          0          0   (incl. Padding)

    ----------------------------------------------------------------------

      Code (inc. data)   RO Data    RW Data    ZI Data      Debug   Library Member Name

       148          8          1          0          0        591   irq_armv7m.o
       126         32          0          0          1       3197   os_systick.o
        58          4          0          0          0       2791   rtx_delay.o
       548         48         11        164          0      16501   rtx_kernel.o
       228          0          0          0          0       2537   rtx_memory.o
       188          0          0          0          0      16008   rtx_mempool.o
      1354         36          0          0          0      18657   rtx_msgqueue.o
       138          0          0          0          0       9962   rtx_mutex.o
       376         26          0          0          0       5296   rtx_system.o
      1744         92          0          0          0      31735   rtx_thread.o
       248         16          0          0          0      10397   rtx_timer.o
        86          0          0          0          0          0   __dczerorl2.o
         0          0          0          0          0          0   entry.o
         0          0          0          0          0          0   entry10a.o
         0          0          0          0          0          0   entry11a.o
         8          4          0          0          0          0   entry2.o
         4          0          0          0          0          0   entry5.o
         0          0          0          0          0          0   entry7b.o
         0          0          0          0          0          0   entry8b.o
         8          4          0          0          0          0   entry9a.o
        30          0          0          0          0          0   handlers.o
        36          8          0          0          0         68   init.o
         0          0          0          0          0          0   iusefp.o
        30          0          0          0          0         68   llshl.o
        36          0          0          0          0         68   llsshr.o
        32          0          0          0          0         68   llushr.o
       108         16          0          0          0         84   malloc.o
        36          0          0          0          0         68   memcpya.o
        36          0          0          0          0        108   memseta.o
         0          0          0          8          0          0   mvars.o
      2258         90          0          0          0        452   printfa.o
        44          0          0          0          0         80   uidiv.o
        98          0          0          0          0         92   uldiv.o
        48          0          0          0          0         68   cdrcmple.o
       334          0          0          0          0        148   dadd.o
       222          0          0          0          0        100   ddiv.o
       186          0          0          0          0        176   depilogue.o
        48          0          0          0          0         68   dfixul.o
        34          0          0          0          0         76   dflti.o
       228          0          0          0          0         96   dmul.o

    ----------------------------------------------------------------------
      9126        384         16        172          4     119560   Library Totals
        20          0          4          0          3          0   (incl. Padding)

    ----------------------------------------------------------------------

      Code (inc. data)   RO Data    RW Data    ZI Data      Debug   Library Name

      5156        262         12        164          1     117672   RTX_CM3.lib
      2850        122          0          8          0       1156   mc_w.l
      1100          0          0          0          0        732   mf_w.l

    ----------------------------------------------------------------------
      9126        384         16        172          4     119560   Library Totals

    ----------------------------------------------------------------------

==============================================================================


      Code (inc. data)   RO Data    RW Data    ZI Data      Debug   

     11352        610        524      10820      16516     174749   Grand Totals
     11352        610        524        960      16516     174749   ELF Image Totals (compressed)
     11352        610        524        960          0          0   ROM Totals

==============================================================================

    Total RO  Size (Code + RO Data)                11876 (  11.60kB)
    Total RW  Size (RW Data + ZI Data)             27336 (  26.70kB)
    Total ROM Size (Code + RO Data + RW Data)      12836 (  12.54kB)

==============================================================================

