Component: ARM Compiler 5.06 update 6 (build 750) Tool: armlink [4d35ed]

==============================================================================

Section Cross References

    glcd_scroll.o(i.append_char) refers to glcd_scroll.o(i.refresh_lcd) for refresh_lcd
    glcd_scroll.o(i.append_char) refers to glcd_spi_lpc1700.o(i.GLCD_DisplayChar) for GLCD_DisplayChar
    glcd_scroll.o(i.append_char) refers to glcd_scroll.o(i.last_line) for last_line
    glcd_scroll.o(i.append_char) refers to glcd_scroll.o(.data) for last_col_cahche
    glcd_scroll.o(i.append_char) refers to glcd_scroll.o(.bss) for chache
    glcd_scroll.o(i.init_scroll) refers to glcd_spi_lpc1700.o(i.GLCD_Init) for GLCD_Init
    glcd_scroll.o(i.init_scroll) refers to glcd_spi_lpc1700.o(i.GLCD_Clear) for GLCD_Clear
    glcd_scroll.o(i.init_scroll) refers to glcd_spi_lpc1700.o(i.GLCD_SetBackColor) for GLCD_SetBackColor
    glcd_scroll.o(i.init_scroll) refers to glcd_spi_lpc1700.o(i.GLCD_SetTextColor) for GLCD_SetTextColor
    glcd_scroll.o(i.init_scroll) refers to glcd_scroll.o(.data) for cache_start
    glcd_scroll.o(i.joyStickBusyWaitingMonitor) refers to glcd_scroll.o(i.moveUp) for moveUp
    glcd_scroll.o(i.joyStickBusyWaitingMonitor) refers to glcd_scroll.o(i.moveDown) for moveDown
    glcd_scroll.o(i.joyStickBusyWaitingMonitor) refers to glcd_scroll.o(i.moveFirst) for moveFirst
    glcd_scroll.o(i.joyStickBusyWaitingMonitor) refers to glcd_scroll.o(i.moveLast) for moveLast
    glcd_scroll.o(i.last_line) refers to glcd_scroll.o(.data) for cache_start
    glcd_scroll.o(i.last_window_line) refers to glcd_scroll.o(.data) for window_start
    glcd_scroll.o(i.moveDown) refers to glcd_scroll.o(i.last_line) for last_line
    glcd_scroll.o(i.moveDown) refers to glcd_scroll.o(i.last_window_line) for last_window_line
    glcd_scroll.o(i.moveDown) refers to glcd_scroll.o(i.refresh_lcd) for refresh_lcd
    glcd_scroll.o(i.moveDown) refers to glcd_scroll.o(.data) for window_start
    glcd_scroll.o(i.moveFirst) refers to glcd_scroll.o(i.refresh_lcd) for refresh_lcd
    glcd_scroll.o(i.moveFirst) refers to glcd_scroll.o(.data) for window_start
    glcd_scroll.o(i.moveLast) refers to glcd_scroll.o(i.last_line) for last_line
    glcd_scroll.o(i.moveLast) refers to glcd_scroll.o(i.last_window_line) for last_window_line
    glcd_scroll.o(i.moveLast) refers to glcd_scroll.o(i.refresh_lcd) for refresh_lcd
    glcd_scroll.o(i.moveLast) refers to glcd_scroll.o(.data) for cache_size
    glcd_scroll.o(i.moveUp) refers to glcd_scroll.o(i.refresh_lcd) for refresh_lcd
    glcd_scroll.o(i.moveUp) refers to glcd_scroll.o(.data) for window_start
    glcd_scroll.o(i.print_string) refers to glcd_scroll.o(i.print_text) for print_text
    glcd_scroll.o(i.print_text) refers to glcd_scroll.o(i.append_char) for append_char
    glcd_scroll.o(i.refresh_lcd) refers to glcd_spi_lpc1700.o(i.GLCD_Clear) for GLCD_Clear
    glcd_scroll.o(i.refresh_lcd) refers to glcd_spi_lpc1700.o(i.GLCD_DisplayString) for GLCD_DisplayString
    glcd_scroll.o(i.refresh_lcd) refers to glcd_scroll.o(.data) for window_start
    glcd_scroll.o(i.refresh_lcd) refers to glcd_scroll.o(.bss) for chache
    glcd_spi_lpc1700.o(i.GLCD_Bargraph) refers to glcd_spi_lpc1700.o(i.GLCD_SetWindow) for GLCD_SetWindow
    glcd_spi_lpc1700.o(i.GLCD_Bargraph) refers to glcd_spi_lpc1700.o(i.wr_cmd) for wr_cmd
    glcd_spi_lpc1700.o(i.GLCD_Bargraph) refers to glcd_spi_lpc1700.o(i.wr_dat_start) for wr_dat_start
    glcd_spi_lpc1700.o(i.GLCD_Bargraph) refers to glcd_spi_lpc1700.o(i.wr_dat_only) for wr_dat_only
    glcd_spi_lpc1700.o(i.GLCD_Bargraph) refers to glcd_spi_lpc1700.o(i.wr_dat_stop) for wr_dat_stop
    glcd_spi_lpc1700.o(i.GLCD_Bargraph) refers to glcd_spi_lpc1700.o(.data) for Color
    glcd_spi_lpc1700.o(i.GLCD_Bitmap) refers to glcd_spi_lpc1700.o(i.GLCD_SetWindow) for GLCD_SetWindow
    glcd_spi_lpc1700.o(i.GLCD_Bitmap) refers to glcd_spi_lpc1700.o(i.wr_cmd) for wr_cmd
    glcd_spi_lpc1700.o(i.GLCD_Bitmap) refers to glcd_spi_lpc1700.o(i.wr_dat_start) for wr_dat_start
    glcd_spi_lpc1700.o(i.GLCD_Bitmap) refers to glcd_spi_lpc1700.o(i.wr_dat_only) for wr_dat_only
    glcd_spi_lpc1700.o(i.GLCD_Bitmap) refers to glcd_spi_lpc1700.o(i.wr_dat_stop) for wr_dat_stop
    glcd_spi_lpc1700.o(i.GLCD_Clear) refers to glcd_spi_lpc1700.o(i.GLCD_WindowMax) for GLCD_WindowMax
    glcd_spi_lpc1700.o(i.GLCD_Clear) refers to glcd_spi_lpc1700.o(i.wr_cmd) for wr_cmd
    glcd_spi_lpc1700.o(i.GLCD_Clear) refers to glcd_spi_lpc1700.o(i.wr_dat_start) for wr_dat_start
    glcd_spi_lpc1700.o(i.GLCD_Clear) refers to glcd_spi_lpc1700.o(i.wr_dat_only) for wr_dat_only
    glcd_spi_lpc1700.o(i.GLCD_Clear) refers to glcd_spi_lpc1700.o(i.wr_dat_stop) for wr_dat_stop
    glcd_spi_lpc1700.o(i.GLCD_ClearLn) refers to glcd_spi_lpc1700.o(i.GLCD_WindowMax) for GLCD_WindowMax
    glcd_spi_lpc1700.o(i.GLCD_ClearLn) refers to glcd_spi_lpc1700.o(i.GLCD_DisplayString) for GLCD_DisplayString
[...]
    Removing rtx_thread.o(.text.osThreadEnumerate), (36 bytes).
    Removing rtx_thread.o(.ARM.exidx.text.osThreadEnumerate), (8 bytes).
    Removing rtx_thread.o(.text.osThreadFlagsSet), (88 bytes).
    Removing rtx_thread.o(.ARM.exidx.text.osThreadFlagsSet), (8 bytes).
    Removing rtx_thread.o(.text.osThreadFlagsClear), (36 bytes).
    Removing rtx_thread.o(.ARM.exidx.text.osThreadFlagsClear), (8 bytes).
    Removing rtx_thread.o(.text.osThreadFlagsGet), (36 bytes).
    Removing rtx_thread.o(.ARM.exidx.text.osThreadFlagsGet), (8 bytes).
    Removing rtx_thread.o(.text.osThreadFlagsWait), (36 bytes).
    Removing rtx_thread.o(.ARM.exidx.text.osThreadFlagsWait), (8 bytes).
    Removing rtx_thread.o(.ARM.exidx.text.osRtxThreadPostProcess), (8 bytes).
    Removing rtx_thread.o(.ARM.exidx.text.ThreadFlagsCheck), (8 bytes).
    Removing rtx_thread.o(.text.svcRtxThreadGetName), (16 bytes).
    Removing rtx_thread.o(.ARM.exidx.text.svcRtxThreadGetName), (8 bytes).
    Removing rtx_thread.o(.text.svcRtxThreadGetState), (20 bytes).
    Removing rtx_thread.o(.ARM.exidx.text.svcRtxThreadGetState), (8 bytes).
    Removing rtx_thread.o(.text.svcRtxThreadGetStackSize), (16 bytes).
    Removing rtx_thread.o(.ARM.exidx.text.svcRtxThreadGetStackSize), (8 bytes).
    Removing rtx_thread.o(.text.svcRtxThreadGetStackSpace), (60 bytes).
    Removing rtx_thread.o(.ARM.exidx.text.svcRtxThreadGetStackSpace), (8 bytes).
    Removing rtx_thread.o(.text.svcRtxThreadSetPriority), (72 bytes).
    Removing rtx_thread.o(.ARM.exidx.text.svcRtxThreadSetPriority), (8 bytes).
    Removing rtx_thread.o(.text.svcRtxThreadGetPriority), (24 bytes).
    Removing rtx_thread.o(.ARM.exidx.text.svcRtxThreadGetPriority), (8 bytes).
    Removing rtx_thread.o(.ARM.exidx.text.svcRtxThreadYield), (8 bytes).
    Removing rtx_thread.o(.text.svcRtxThreadSuspend), (116 bytes).
    Removing rtx_thread.o(.ARM.exidx.text.svcRtxThreadSuspend), (8 bytes).
    Removing rtx_thread.o(.text.svcRtxThreadResume), (44 bytes).
    Removing rtx_thread.o(.ARM.exidx.text.svcRtxThreadResume), (8 bytes).
    Removing rtx_thread.o(.text.svcRtxThreadDetach), (56 bytes).
    Removing rtx_thread.o(.ARM.exidx.text.svcRtxThreadDetach), (8 bytes).
    Removing rtx_thread.o(.text.osRtxThreadListUnlink), (32 bytes).
    Removing rtx_thread.o(.ARM.exidx.text.osRtxThreadListUnlink), (8 bytes).
    Removing rtx_thread.o(.ARM.exidx.text.osRtxThreadFree), (8 bytes).
    Removing rtx_thread.o(.text.svcRtxThreadJoin), (84 bytes).
    Removing rtx_thread.o(.ARM.exidx.text.svcRtxThreadJoin), (8 bytes).
    Removing rtx_thread.o(.ARM.exidx.text.svcRtxThreadExit), (8 bytes).
    Removing rtx_thread.o(.ARM.exidx.text.osRtxThreadJoinWakeup), (8 bytes).
    Removing rtx_thread.o(.ARM.exidx.text.osRtxThreadDestroy), (8 bytes).
    Removing rtx_thread.o(.text.svcRtxThreadTerminate), (136 bytes).
    Removing rtx_thread.o(.ARM.exidx.text.svcRtxThreadTerminate), (8 bytes).
    Removing rtx_thread.o(.text.svcRtxThreadGetCount), (52 bytes).
    Removing rtx_thread.o(.ARM.exidx.text.svcRtxThreadGetCount), (8 bytes).
    Removing rtx_thread.o(.text.svcRtxThreadEnumerate), (92 bytes).
    Removing rtx_thread.o(.ARM.exidx.text.svcRtxThreadEnumerate), (8 bytes).
    Removing rtx_thread.o(.text.svcRtxThreadFlagsSet), (102 bytes).
    Removing rtx_thread.o(.ARM.exidx.text.svcRtxThreadFlagsSet), (8 bytes).
    Removing rtx_thread.o(.text.svcRtxThreadFlagsClear), (52 bytes).
    Removing rtx_thread.o(.ARM.exidx.text.svcRtxThreadFlagsClear), (8 bytes).
    Removing rtx_thread.o(.text.svcRtxThreadFlagsGet), (20 bytes).
    Removing rtx_thread.o(.ARM.exidx.text.svcRtxThreadFlagsGet), (8 bytes).
    Removing rtx_thread.o(.text.svcRtxThreadFlagsWait), (76 bytes).
    Removing rtx_thread.o(.ARM.exidx.text.svcRtxThreadFlagsWait), (8 bytes).
    Removing rtx_thread.o(.ARM.exidx.text.OUTLINED_FUNCTION_0), (8 bytes).
    Removing rtx_thread.o(.text.OUTLINED_FUNCTION_1), (6 bytes).
    Removing rtx_thread.o(.ARM.exidx.text.OUTLINED_FUNCTION_1), (8 bytes).
    Removing rtx_thread.o(.text.OUTLINED_FUNCTION_2), (20 bytes).
    Removing rtx_thread.o(.ARM.exidx.text.OUTLINED_FUNCTION_2), (8 bytes).
    Removing rtx_thread.o(.text.OUTLINED_FUNCTION_3), (6 bytes).
    Removing rtx_thread.o(.ARM.exidx.text.OUTLINED_FUNCTION_3), (8 bytes).
    Removing rtx_thread.o(.text.OUTLINED_FUNCTION_4), (8 bytes).
    Removing rtx_thread.o(.ARM.exidx.text.OUTLINED_FUNCTION_4), (8 bytes).
    Removing rtx_timer.o(.text), (0 bytes).
    Removing rtx_timer.o(.ARM.exidx.text.osRtxTimerSetup), (8 bytes).
    Removing rtx_timer.o(.ARM.exidx.text.osRtxTimerTick), (8 bytes).
    Removing rtx_timer.o(.ARM.exidx.text.osRtxTimerThread), (8 bytes).
    Removing rtx_timer.o(.text.osTimerNew), (36 bytes).
    Removing rtx_timer.o(.ARM.exidx.text.osTimerNew), (8 bytes).
    Removing rtx_timer.o(.text.osTimerGetName), (36 bytes).
    Removing rtx_timer.o(.ARM.exidx.text.osTimerGetName), (8 bytes).
    Removing rtx_timer.o(.text.osTimerStart), (36 bytes).
    Removing rtx_timer.o(.ARM.exidx.text.osTimerStart), (8 bytes).
    Removing rtx_timer.o(.text.osTimerStop), (36 bytes).
    Removing rtx_timer.o(.ARM.exidx.text.osTimerStop), (8 bytes).
    Removing rtx_timer.o(.text.osTimerIsRunning), (36 bytes).
    Removing rtx_timer.o(.ARM.exidx.text.osTimerIsRunning), (8 bytes).
    Removing rtx_timer.o(.text.osTimerDelete), (36 bytes).
    Removing rtx_timer.o(.ARM.exidx.text.osTimerDelete), (8 bytes).
    Removing rtx_timer.o(.ARM.exidx.text.TimerInsert), (8 bytes).
    Removing rtx_timer.o(.text.svcRtxTimerNew), (120 bytes).
    Removing rtx_timer.o(.ARM.exidx.text.svcRtxTimerNew), (8 bytes).
    Removing rtx_timer.o(.text.svcRtxTimerGetName), (16 bytes).
    Removing rtx_timer.o(.ARM.exidx.text.svcRtxTimerGetName), (8 bytes).
    Removing rtx_timer.o(.text.svcRtxTimerStart), (72 bytes).
    Removing rtx_timer.o(.ARM.exidx.text.svcRtxTimerStart), (8 bytes).
    Removing rtx_timer.o(.text.TimerRemove), (40 bytes).
    Removing rtx_timer.o(.ARM.exidx.text.TimerRemove), (8 bytes).
    Removing rtx_timer.o(.text.svcRtxTimerStop), (40 bytes).
    Removing rtx_timer.o(.ARM.exidx.text.svcRtxTimerStop), (8 bytes).
    Removing rtx_timer.o(.text.svcRtxTimerIsRunning), (24 bytes).
    Removing rtx_timer.o(.ARM.exidx.text.svcRtxTimerIsRunning), (8 bytes).
    Removing rtx_timer.o(.text.svcRtxTimerDelete), (76 bytes).
    Removing rtx_timer.o(.ARM.exidx.text.svcRtxTimerDelete), (8 bytes).
    Removing irq_armv7m.o(.ARM.exidx), (24 bytes).
    Removing rtx_mutex.o(.text), (0 bytes).
    Removing rtx_mutex.o(.ARM.exidx.text.osRtxMutexOwnerRelease), (8 bytes).
    Removing rtx_mutex.o(.ARM.exidx.text.osRtxMutexOwnerRestore), (8 bytes).
    Removing rtx_mutex.o(.text.osMutexNew), (36 bytes).
    Removing rtx_mutex.o(.ARM.exidx.text.osMutexNew), (8 bytes).
    Removing rtx_mutex.o(.text.osMutexGetName), (36 bytes).
    Removing rtx_mutex.o(.ARM.exidx.text.osMutexGetName), (8 bytes).
    Removing rtx_mutex.o(.text.osMutexAcquire), (36 bytes).
    Removing rtx_mutex.o(.ARM.exidx.text.osMutexAcquire), (8 bytes).
    Removing rtx_mutex.o(.text.osMutexRelease), (36 bytes).
    Removing rtx_mutex.o(.ARM.exidx.text.osMutexRelease), (8 bytes).
    Removing rtx_mutex.o(.text.osMutexGetOwner), (36 bytes).
    Removing rtx_mutex.o(.ARM.exidx.text.osMutexGetOwner), (8 bytes).
    Removing rtx_mutex.o(.text.osMutexDelete), (36 bytes).
    Removing rtx_mutex.o(.ARM.exidx.text.osMutexDelete), (8 bytes).
    Removing rtx_mutex.o(.text.svcRtxMutexNew), (104 bytes).
    Removing rtx_mutex.o(.ARM.exidx.text.svcRtxMutexNew), (8 bytes).
    Removing rtx_mutex.o(.text.svcRtxMutexGetName), (16 bytes).
    Removing rtx_mutex.o(.ARM.exidx.text.svcRtxMutexGetName), (8 bytes).
    Removing rtx_mutex.o(.text.svcRtxMutexAcquire), (144 bytes).
    Removing rtx_mutex.o(.ARM.exidx.text.svcRtxMutexAcquire), (8 bytes).
    Removing rtx_mutex.o(.text.svcRtxMutexRelease), (180 bytes).
    Removing rtx_mutex.o(.ARM.exidx.text.svcRtxMutexRelease), (8 bytes).
    Removing rtx_mutex.o(.text.svcRtxMutexGetOwner), (20 bytes).
    Removing rtx_mutex.o(.ARM.exidx.text.svcRtxMutexGetOwner), (8 bytes).
    Removing rtx_mutex.o(.text.svcRtxMutexDelete), (176 bytes).
    Removing rtx_mutex.o(.ARM.exidx.text.svcRtxMutexDelete), (8 bytes).
    Removing rtx_memory.o(.text), (0 bytes).
    Removing rtx_memory.o(.ARM.exidx.text.osRtxMemoryInit), (8 bytes).
    Removing rtx_memory.o(.ARM.exidx.text.osRtxMemoryAlloc), (8 bytes).
    Removing rtx_memory.o(.ARM.exidx.text.osRtxMemoryFree), (8 bytes).
    Removing rtx_mempool.o(.text), (0 bytes).
    Removing rtx_mempool.o(.ARM.exidx.text.osRtxMemoryPoolInit), (8 bytes).
    Removing rtx_mempool.o(.ARM.exidx.text.osRtxMemoryPoolAlloc), (8 bytes).
    Removing rtx_mempool.o(.ARM.exidx.text.osRtxMemoryPoolFree), (8 bytes).
    Removing rtx_mempool.o(.text.osMemoryPoolNew), (36 bytes).
    Removing rtx_mempool.o(.ARM.exidx.text.osMemoryPoolNew), (8 bytes).
    Removing rtx_mempool.o(.text.osMemoryPoolGetName), (36 bytes).
    Removing rtx_mempool.o(.ARM.exidx.text.osMemoryPoolGetName), (8 bytes).
    Removing rtx_mempool.o(.text.osMemoryPoolAlloc), (104 bytes).
    Removing rtx_mempool.o(.ARM.exidx.text.osMemoryPoolAlloc), (8 bytes).
    Removing rtx_mempool.o(.text.osMemoryPoolFree), (72 bytes).
    Removing rtx_mempool.o(.ARM.exidx.text.osMemoryPoolFree), (8 bytes).
    Removing rtx_mempool.o(.text.osMemoryPoolGetCapacity), (48 bytes).
    Removing rtx_mempool.o(.ARM.exidx.text.osMemoryPoolGetCapacity), (8 bytes).
    Removing rtx_mempool.o(.text.svcRtxMemoryPoolGetCapacity), (16 bytes).
    Removing rtx_mempool.o(.ARM.exidx.text.svcRtxMemoryPoolGetCapacity), (8 bytes).
    Removing rtx_mempool.o(.text.osMemoryPoolGetBlockSize), (48 bytes).
    Removing rtx_mempool.o(.ARM.exidx.text.osMemoryPoolGetBlockSize), (8 bytes).
    Removing rtx_mempool.o(.text.svcRtxMemoryPoolGetBlockSize), (16 bytes).
    Removing rtx_mempool.o(.ARM.exidx.text.svcRtxMemoryPoolGetBlockSize), (8 bytes).
    Removing rtx_mempool.o(.text.osMemoryPoolGetCount), (48 bytes).
    Removing rtx_mempool.o(.ARM.exidx.text.osMemoryPoolGetCount), (8 bytes).
    Removing rtx_mempool.o(.text.svcRtxMemoryPoolGetCount), (16 bytes).
    Removing rtx_mempool.o(.ARM.exidx.text.svcRtxMemoryPoolGetCount), (8 bytes).
    Removing rtx_mempool.o(.text.osMemoryPoolGetSpace), (36 bytes).
    Removing rtx_mempool.o(.ARM.exidx.text.osMemoryPoolGetSpace), (8 bytes).
    Removing rtx_mempool.o(.text.svcRtxMemoryPoolGetSpace), (20 bytes).
    Removing rtx_mempool.o(.ARM.exidx.text.svcRtxMemoryPoolGetSpace), (8 bytes).
    Removing rtx_mempool.o(.text.osMemoryPoolDelete), (36 bytes).
    Removing rtx_mempool.o(.ARM.exidx.text.osMemoryPoolDelete), (8 bytes).
    Removing rtx_mempool.o(.text.svcRtxMemoryPoolNew), (312 bytes).
    Removing rtx_mempool.o(.ARM.exidx.text.svcRtxMemoryPoolNew), (8 bytes).
    Removing rtx_mempool.o(.text.osRtxMemoryPoolPostProcess), (72 bytes).
    Removing rtx_mempool.o(.ARM.exidx.text.osRtxMemoryPoolPostProcess), (8 bytes).
    Removing rtx_mempool.o(.text.svcRtxMemoryPoolGetName), (16 bytes).
    Removing rtx_mempool.o(.ARM.exidx.text.svcRtxMemoryPoolGetName), (8 bytes).
    Removing rtx_mempool.o(.text.svcRtxMemoryPoolAlloc), (92 bytes).
    Removing rtx_mempool.o(.ARM.exidx.text.svcRtxMemoryPoolAlloc), (8 bytes).
    Removing rtx_mempool.o(.text.svcRtxMemoryPoolFree), (100 bytes).
    Removing rtx_mempool.o(.ARM.exidx.text.svcRtxMemoryPoolFree), (8 bytes).
    Removing rtx_mempool.o(.text.svcRtxMemoryPoolDelete), (108 bytes).
    Removing rtx_mempool.o(.ARM.exidx.text.svcRtxMemoryPoolDelete), (8 bytes).
    Removing rtx_msgqueue.o(.text), (0 bytes).
    Removing rtx_msgqueue.o(.ARM.exidx.text.osRtxMessageQueueTimerSetup), (8 bytes).
    Removing rtx_msgqueue.o(.ARM.exidx.text.svcRtxMessageQueueNew), (8 bytes).
    Removing rtx_msgqueue.o(.text.osMessageQueueNew), (36 bytes).
    Removing rtx_msgqueue.o(.ARM.exidx.text.osMessageQueueNew), (8 bytes).
    Removing rtx_msgqueue.o(.text.osMessageQueueGetName), (36 bytes).
    Removing rtx_msgqueue.o(.ARM.exidx.text.osMessageQueueGetName), (8 bytes).
    Removing rtx_msgqueue.o(.ARM.exidx.text.osMessageQueuePut), (8 bytes).
    Removing rtx_msgqueue.o(.ARM.exidx.text.osMessageQueueGet), (8 bytes).
    Removing rtx_msgqueue.o(.text.osMessageQueueGetCapacity), (48 bytes).
    Removing rtx_msgqueue.o(.ARM.exidx.text.osMessageQueueGetCapacity), (8 bytes).
    Removing rtx_msgqueue.o(.text.svcRtxMessageQueueGetCapacity), (16 bytes).
    Removing rtx_msgqueue.o(.ARM.exidx.text.svcRtxMessageQueueGetCapacity), (8 bytes).
    Removing rtx_msgqueue.o(.text.osMessageQueueGetMsgSize), (48 bytes).
    Removing rtx_msgqueue.o(.ARM.exidx.text.osMessageQueueGetMsgSize), (8 bytes).
    Removing rtx_msgqueue.o(.text.svcRtxMessageQueueGetMsgSize), (16 bytes).
    Removing rtx_msgqueue.o(.ARM.exidx.text.svcRtxMessageQueueGetMsgSize), (8 bytes).
    Removing rtx_msgqueue.o(.text.osMessageQueueGetCount), (48 bytes).
    Removing rtx_msgqueue.o(.ARM.exidx.text.osMessageQueueGetCount), (8 bytes).
    Removing rtx_msgqueue.o(.text.svcRtxMessageQueueGetCount), (16 bytes).
    Removing rtx_msgqueue.o(.ARM.exidx.text.svcRtxMessageQueueGetCount), (8 bytes).
    Removing rtx_msgqueue.o(.text.osMessageQueueGetSpace), (36 bytes).
    Removing rtx_msgqueue.o(.ARM.exidx.text.osMessageQueueGetSpace), (8 bytes).
    Removing rtx_msgqueue.o(.text.svcRtxMessageQueueGetSpace), (20 bytes).
    Removing rtx_msgqueue.o(.ARM.exidx.text.svcRtxMessageQueueGetSpace), (8 bytes).
    Removing rtx_msgqueue.o(.text.osMessageQueueReset), (36 bytes).
    Removing rtx_msgqueue.o(.ARM.exidx.text.osMessageQueueReset), (8 bytes).
    Removing rtx_msgqueue.o(.text.osMessageQueueDelete), (36 bytes).
    Removing rtx_msgqueue.o(.ARM.exidx.text.osMessageQueueDelete), (8 bytes).
    Removing rtx_msgqueue.o(.ARM.exidx.text.osRtxMessageQueuePostProcess), (8 bytes).
    Removing rtx_msgqueue.o(.ARM.exidx.text.MessageQueueRemove), (8 bytes).
    Removing rtx_msgqueue.o(.ARM.exidx.text.MessageQueuePut), (8 bytes).
    Removing rtx_msgqueue.o(.text.svcRtxMessageQueueGetName), (16 bytes).
    Removing rtx_msgqueue.o(.ARM.exidx.text.svcRtxMessageQueueGetName), (8 bytes).
    Removing rtx_msgqueue.o(.ARM.exidx.text.svcRtxMessageQueuePut), (8 bytes).
    Removing rtx_msgqueue.o(.ARM.exidx.text.MessageQueueGet), (8 bytes).
    Removing rtx_msgqueue.o(.ARM.exidx.text.svcRtxMessageQueueGet), (8 bytes).
    Removing rtx_msgqueue.o(.text.svcRtxMessageQueueReset), (168 bytes).
    Removing rtx_msgqueue.o(.ARM.exidx.text.svcRtxMessageQueueReset), (8 bytes).
    Removing rtx_msgqueue.o(.text.svcRtxMessageQueueDelete), (112 bytes).
    Removing rtx_msgqueue.o(.ARM.exidx.text.svcRtxMessageQueueDelete), (8 bytes).
    Removing rtx_msgqueue.o(.ARM.exidx.text.OUTLINED_FUNCTION_0), (8 bytes).
    Removing rtx_system.o(.text), (0 bytes).
    Removing rtx_system.o(.ARM.exidx.text.osRtxTick_Handler), (8 bytes).
    Removing rtx_system.o(.ARM.exidx.text.osRtxPendSV_Handler), (8 bytes).
    Removing rtx_system.o(.ARM.exidx.text.osRtxPostProcess), (8 bytes).
    Removing os_systick.o(.text), (0 bytes).
    Removing os_systick.o(.ARM.exidx.text.OS_Tick_Setup), (8 bytes).
    Removing os_systick.o(.ARM.exidx.text.OS_Tick_Enable), (8 bytes).
    Removing os_systick.o(.text.OS_Tick_Disable), (44 bytes).
    Removing os_systick.o(.ARM.exidx.text.OS_Tick_Disable), (8 bytes).
    Removing os_systick.o(.ARM.exidx.text.OS_Tick_AcknowledgeIRQ), (8 bytes).
    Removing os_systick.o(.ARM.exidx.text.OS_Tick_GetIRQn), (8 bytes).
    Removing os_systick.o(.text.OS_Tick_GetClock), (12 bytes).
    Removing os_systick.o(.ARM.exidx.text.OS_Tick_GetClock), (8 bytes).
    Removing os_systick.o(.text.OS_Tick_GetInterval), (12 bytes).
    Removing os_systick.o(.ARM.exidx.text.OS_Tick_GetInterval), (8 bytes).
    Removing os_systick.o(.text.OS_Tick_GetCount), (16 bytes).
    Removing os_systick.o(.ARM.exidx.text.OS_Tick_GetCount), (8 bytes).
    Removing os_systick.o(.text.OS_Tick_GetOverflow), (16 bytes).
    Removing os_systick.o(.ARM.exidx.text.OS_Tick_GetOverflow), (8 bytes).
    Removing dadd.o(.text), (334 bytes).
    Removing dmul.o(.text), (228 bytes).
    Removing ddiv.o(.text), (222 bytes).
    Removing dfixul.o(.text), (48 bytes).
    Removing cdrcmple.o(.text), (48 bytes).
    Removing depilogue.o(.text), (186 bytes).

409 unused section(s) (total 27469 bytes) removed from the image.

==============================================================================

Image Symbol Table

    Local Symbols

    Symbol Name                              Value     Ov Type        Size  Object(Section)

    RESET                                    0x00000000   Section      204  startup_lpc17xx.o(RESET)
    ../clib/../cmprslib/zerorunl.c           0x00000000   Number         0  __dczerorl.o ABSOLUTE
    ../clib/microlib/division.c              0x00000000   Number         0  uidiv.o ABSOLUTE
    ../clib/microlib/division.c              0x00000000   Number         0  uldiv.o ABSOLUTE
    ../clib/microlib/init/entry.s            0x00000000   Number         0  entry11a.o ABSOLUTE
    ../clib/microlib/init/entry.s            0x00000000   Number         0  entry2.o ABSOLUTE
    ../clib/microlib/init/entry.s            0x00000000   Number         0  entry7b.o ABSOLUTE
    ../clib/microlib/init/entry.s            0x00000000   Number         0  entry8b.o ABSOLUTE
    ../clib/microlib/init/entry.s            0x00000000   Number         0  entry8a.o ABSOLUTE
    ../clib/microlib/init/entry.s            0x00000000   Number         0  entry11b.o ABSOLUTE
    ../clib/microlib/init/entry.s            0x00000000   Number         0  entry10b.o ABSOLUTE
    ../clib/microlib/init/entry.s            0x00000000   Number         0  entry10a.o ABSOLUTE
    ../clib/microlib/init/entry.s            0x00000000   Number         0  entry9b.o ABSOLUTE
    ../clib/microlib/init/entry.s            0x00000000   Number         0  entry7a.o ABSOLUTE
    ../clib/microlib/init/entry.s            0x00000000   Number         0  entry5.o ABSOLUTE
    ../clib/microlib/init/entry.s            0x00000000   Number         0  entry9a.o ABSOLUTE
    ../clib/microlib/init/entry.s            0x00000000   Number         0  entry.o ABSOLUTE
    ../clib/microlib/longlong.c              0x00000000   Number         0  llushr.o ABSOLUTE
    ../clib/microlib/longlong.c              0x00000000   Number         0  llshl.o ABSOLUTE
    ../clib/microlib/longlong.c              0x00000000   Number         0  llsshr.o ABSOLUTE
    ../clib/microlib/printf/printf.c         0x00000000   Number         0  printfb.o ABSOLUTE
    ../clib/microlib/printf/printf.c         0x00000000   Number         0  printf6.o ABSOLUTE
    ../clib/microlib/printf/printf.c         0x00000000   Number         0  printf1.o ABSOLUTE
    ../clib/microlib/printf/printf.c         0x00000000   Number         0  printf0.o ABSOLUTE
    ../clib/microlib/printf/printf.c         0x00000000   Number         0  printfa.o ABSOLUTE
    ../clib/microlib/printf/printf.c         0x00000000   Number         0  printf8.o ABSOLUTE
    ../clib/microlib/printf/printf.c         0x00000000   Number         0  printf7.o ABSOLUTE
    ../clib/microlib/printf/printf.c         0x00000000   Number         0  printf5.o ABSOLUTE
    ../clib/microlib/printf/printf.c         0x00000000   Number         0  printf4.o ABSOLUTE
    ../clib/microlib/printf/printf.c         0x00000000   Number         0  printf3.o ABSOLUTE
    ../clib/microlib/printf/printf.c         0x00000000   Number         0  printf2.o ABSOLUTE
    ../clib/microlib/printf/stubs.s          0x00000000   Number         0  stubs.o ABSOLUTE
    ../clib/microlib/string/memcpy.c         0x00000000   Number         0  memcpyb.o ABSOLUTE
    ../clib/microlib/string/memcpy.c         0x00000000   Number         0  memcpya.o ABSOLUTE
    ../clib/microlib/string/memset.c         0x00000000   Number         0  memseta.o ABSOLUTE
    ../clib/microlib/stubs.s                 0x00000000   Number         0  iusefp.o ABSOLUTE
    ../fplib/microlib/fpadd.c                0x00000000   Number         0  dadd.o ABSOLUTE
    ../fplib/microlib/fpdiv.c                0x00000000   Number         0  ddiv.o ABSOLUTE
    ../fplib/microlib/fpepilogue.c           0x00000000   Number         0  depilogue.o ABSOLUTE
    ../fplib/microlib/fpfix.c                0x00000000   Number         0  dfixul.o ABSOLUTE
    ../fplib/microlib/fpmul.c                0x00000000   Number         0  dmul.o ABSOLUTE
    C:\Software\Keil_v5\ARM\PACK\ARM\CMSIS\5.8.0\CMSIS\RTOS2\RTX\Source\rtx_lib.c 0x00000000   Number         0  rtx_lib.o ABSOLUTE
    C:\\Software\\Keil_v5\\ARM\\PACK\\ARM\\CMSIS\\5.8.0\\CMSIS\\RTOS2\\RTX\\Source\\rtx_lib.c 0x00000000   Number         0  rtx_lib.o ABSOLUTE
    FPU_USED                                 0x00000000   Number         0  irq_armv7m.o ABSOLUTE
    Project2\GLCD_SPI_LPC1700.c              0x00000000   Number         0  glcd_spi_lpc1700.o ABSOLUTE
    Project2\GLCD_Scroll.c                   0x00000000   Number         0  glcd_scroll.o ABSOLUTE
    Project2\Retarget.c                      0x00000000   Number         0  retarget.o ABSOLUTE
    Project2\\GLCD_SPI_LPC1700.c             0x00000000   Number         0  glcd_spi_lpc1700.o ABSOLUTE
    Project2\\GLCD_Scroll.c                  0x00000000   Number         0  glcd_scroll.o ABSOLUTE
    Project2\\uart.c                         0x00000000   Number         0  uart.o ABSOLUTE
    Project2\uart.c                          0x00000000   Number         0  uart.o ABSOLUTE
    RTE\CMSIS\RTX_Config.c                   0x00000000   Number         0  rtx_config.o ABSOLUTE
    RTE\Device\LPC1768\startup_LPC17xx.s     0x00000000   Number         0  startup_lpc17xx.o ABSOLUTE
    RTE\Device\LPC1768\system_LPC17xx.c      0x00000000   Number         0  system_lpc17xx.o ABSOLUTE
    RTE\\CMSIS\\RTX_Config.c                 0x00000000   Number         0  rtx_config.o ABSOLUTE
    RTE\\Device\\LPC1768\\system_LPC17xx.c   0x00000000   Number         0  system_lpc17xx.o ABSOLUTE
    cdrcmple.s                               0x00000000   Number         0  cdrcmple.o ABSOLUTE
    dc.s                                     0x00000000   Number         0  dc.o ABSOLUTE
    handlers.s                               0x00000000   Number         0  handlers.o ABSOLUTE
    init.s                                   0x00000000   Number         0  init.o ABSOLUTE
    os_systick.c                             0x00000000   Number         0  os_systick.o ABSOLUTE
    p2_main.c                                0x00000000   Number         0  p2_main.o ABSOLUTE
    p2_main.c                                0x00000000   Number         0  p2_main.o ABSOLUTE
    rtx_kernel.c                             0x00000000   Number         0  rtx_kernel.o ABSOLUTE
    rtx_memory.c                             0x00000000   Number         0  rtx_memory.o ABSOLUTE
    rtx_mempool.c                            0x00000000   Number         0  rtx_mempool.o ABSOLUTE
    rtx_msgqueue.c                           0x00000000   Number         0  rtx_msgqueue.o ABSOLUTE
    rtx_mutex.c                              0x00000000   Number         0  rtx_mutex.o ABSOLUTE
    rtx_system.c                             0x00000000   Number         0  rtx_system.o ABSOLUTE
    rtx_thread.c                             0x00000000   Number         0  rtx_thread.o ABSOLUTE
    rtx_timer.c                              0x00000000   Number         0  rtx_timer.o ABSOLUTE
    osRtxErrorStackOverflow                  0x00000001   Number         0  irq_armv7m.o ABSOLUTE
    I_T_RUN_OFS                              0x00000014   Number         0  irq_armv7m.o ABSOLUTE
    TCB_SF_OFS                               0x00000022   Number         0  irq_armv7m.o ABSOLUTE
    TCB_SP_OFS                               0x00000038   Number         0  irq_armv7m.o ABSOLUTE
    .ARM.Collect$$$$00000000                 0x000000cc   Section        0  entry.o(.ARM.Collect$$$$00000000)
    .ARM.Collect$$$$00000001                 0x000000cc   Section        4  entry2.o(.ARM.Collect$$$$00000001)
    .ARM.Collect$$$$00000004                 0x000000d0   Section        4  entry5.o(.ARM.Collect$$$$00000004)
    .ARM.Collect$$$$00000008                 0x000000d4   Section        0  entry7b.o(.ARM.Collect$$$$00000008)
    .ARM.Collect$$$$0000000A                 0x000000d4   Section        0  entry8b.o(.ARM.Collect$$$$0000000A)
    .ARM.Collect$$$$0000000B                 0x000000d4   Section        8  entry9a.o(.ARM.Collect$$$$0000000B)
    .ARM.Collect$$$$0000000D                 0x000000dc   Section        0  entry10a.o(.ARM.Collect$$$$0000000D)
    .ARM.Collect$$$$0000000F                 0x000000dc   Section        0  entry11a.o(.ARM.Collect$$$$0000000F)
    .ARM.Collect$$$$00002712                 0x000000dc   Section        4  entry2.o(.ARM.Collect$$$$00002712)
    __lit__00000000                          0x000000dc   Data           4  entry2.o(.ARM.Collect$$$$00002712)
    .text                                    0x000000e0   Section       36  startup_lpc17xx.o(.text)
    [Anonymous Symbol]                       0x00000104   Section        0  irq_armv7m.o(.text)
    SVC_Context                              0x0000012c   Number         0  irq_armv7m.o(.text)
    SVC_ContextSave                          0x0000013c   Number         0  irq_armv7m.o(.text)
    SVC_ContextRestore                       0x00000144   Number         0  irq_armv7m.o(.text)
    SVC_Exit                                 0x00000152   Number         0  irq_armv7m.o(.text)
    SVC_User                                 0x00000154   Number         0  irq_armv7m.o(.text)
    .text                                    0x00000198   Section        0  memcpya.o(.text)
    .text                                    0x000001bc   Section        0  memseta.o(.text)
    .text                                    0x000001e0   Section        0  uidiv.o(.text)
    .text                                    0x0000020c   Section       36  init.o(.text)
    .text                                    0x00000230   Section        0  __dczerorl.o(.text)
    [Anonymous Symbol]                       0x0000026a   Section        0  rtx_msgqueue.o(.text.MessageQueueGet)
    MessageQueueGet                          0x0000026b   Thumb Code    64  rtx_msgqueue.o(.text.MessageQueueGet)
    [Anonymous Symbol]                       0x000002aa   Section        0  rtx_msgqueue.o(.text.MessageQueueRemove)
    MessageQueueRemove                       0x000002ab   Thumb Code    28  rtx_msgqueue.o(.text.MessageQueueRemove)
    [Anonymous Symbol]                       0x000002c8   Section        0  os_systick.o(.text.OS_Tick_AcknowledgeIRQ)
    __arm_cp.3_0                             0x000002d0   Number         4  os_systick.o(.text.OS_Tick_AcknowledgeIRQ)
    [Anonymous Symbol]                       0x000002d4   Section        0  os_systick.o(.text.OS_Tick_GetIRQn)
    [Anonymous Symbol]                       0x000002da   Section        0  rtx_kernel.o(.text.OUTLINED_FUNCTION_0)
    OUTLINED_FUNCTION_0                      0x000002db   Thumb Code    12  rtx_kernel.o(.text.OUTLINED_FUNCTION_0)
    [Anonymous Symbol]                       0x000002e6   Section        0  rtx_thread.o(.text.OUTLINED_FUNCTION_0)
    OUTLINED_FUNCTION_0                      0x000002e7   Thumb Code     6  rtx_thread.o(.text.OUTLINED_FUNCTION_0)
    [Anonymous Symbol]                       0x000002ec   Section        0  rtx_msgqueue.o(.text.OUTLINED_FUNCTION_0)
    OUTLINED_FUNCTION_0                      0x000002ed   Thumb Code    12  rtx_msgqueue.o(.text.OUTLINED_FUNCTION_0)
    [Anonymous Symbol]                       0x000002f8   Section        0  rtx_kernel.o(.text.osRtxKernelErrorNotify)
    .ARM.__at_0x02FC                         0x000002fc   Section        4  startup_lpc17xx.o(.ARM.__at_0x02FC)
    [Anonymous Symbol]                       0x00000300   Section        0  rtx_msgqueue.o(.text.MessageQueuePut)
    MessageQueuePut                          0x00000301   Thumb Code    88  rtx_msgqueue.o(.text.MessageQueuePut)
    [Anonymous Symbol]                       0x00000358   Section        0  os_systick.o(.text.OS_Tick_Enable)
    __arm_cp.1_0                             0x00000378   Number         4  os_systick.o(.text.OS_Tick_Enable)
    __arm_cp.1_1                             0x0000037c   Number         4  os_systick.o(.text.OS_Tick_Enable)
    __arm_cp.1_2                             0x00000380   Number         4  os_systick.o(.text.OS_Tick_Enable)
    [Anonymous Symbol]                       0x00000384   Section        0  os_systick.o(.text.OS_Tick_Setup)
    __arm_cp.0_0                             0x000003b4   Number         4  os_systick.o(.text.OS_Tick_Setup)
    __arm_cp.0_1                             0x000003b8   Number         4  os_systick.o(.text.OS_Tick_Setup)
    __arm_cp.0_2                             0x000003bc   Number         4  os_systick.o(.text.OS_Tick_Setup)
    __arm_cp.0_3                             0x000003c0   Number         4  os_systick.o(.text.OS_Tick_Setup)
    [Anonymous Symbol]                       0x000003c4   Section        0  rtx_kernel.o(.text.OUTLINED_FUNCTION_1)
    OUTLINED_FUNCTION_1                      0x000003c5   Thumb Code     6  rtx_kernel.o(.text.OUTLINED_FUNCTION_1)
    [Anonymous Symbol]                       0x000003ca   Section        0  rtx_thread.o(.text.ThreadFlagsCheck)
    ThreadFlagsCheck                         0x000003cb   Thumb Code   100  rtx_thread.o(.text.ThreadFlagsCheck)
    [Anonymous Symbol]                       0x00000430   Section        0  rtx_timer.o(.text.TimerInsert)
    TimerInsert                              0x00000431   Thumb Code    68  rtx_timer.o(.text.TimerInsert)
    __arm_cp.9_0                             0x00000474   Number         4  rtx_timer.o(.text.TimerInsert)
    [Anonymous Symbol]                       0x00000478   Section        0  rtx_kernel.o(.text.osKernelInitialize)
    __arm_cp.2_0                             0x000004a0   Number         4  rtx_kernel.o(.text.osKernelInitialize)
    [Anonymous Symbol]                       0x000004a4   Section        0  rtx_kernel.o(.text.osKernelStart)
    __arm_cp.7_0                             0x000004c4   Number         4  rtx_kernel.o(.text.osKernelStart)
    [Anonymous Symbol]                       0x000004c8   Section        0  rtx_msgqueue.o(.text.osMessageQueueGet)
    __arm_cp.5_0                             0x00000534   Number         4  rtx_msgqueue.o(.text.osMessageQueueGet)
    [Anonymous Symbol]                       0x00000538   Section        0  rtx_msgqueue.o(.text.osMessageQueuePut)
    __arm_cp.4_0                             0x000005b4   Number         4  rtx_msgqueue.o(.text.osMessageQueuePut)
    [Anonymous Symbol]                       0x000005b8   Section        0  rtx_kernel.o(.text.osRtxKernelPreInit)
    [Anonymous Symbol]                       0x000005ba   Section        0  rtx_memory.o(.text.osRtxMemoryAlloc)
    [Anonymous Symbol]                       0x00000626   Section        0  rtx_memory.o(.text.osRtxMemoryFree)
    [Anonymous Symbol]                       0x00000668   Section        0  rtx_memory.o(.text.osRtxMemoryInit)
    [Anonymous Symbol]                       0x0000069e   Section        0  rtx_mempool.o(.text.osRtxMemoryPoolAlloc)
    [Anonymous Symbol]                       0x000006d8   Section        0  rtx_mempool.o(.text.osRtxMemoryPoolFree)
    [Anonymous Symbol]                       0x00000722   Section        0  rtx_mempool.o(.text.osRtxMemoryPoolInit)
    [Anonymous Symbol]                       0x0000075a   Section        0  rtx_msgqueue.o(.text.osRtxMessageQueuePostProcess)
    osRtxMessageQueuePostProcess             0x0000075b   Thumb Code   170  rtx_msgqueue.o(.text.osRtxMessageQueuePostProcess)
    [Anonymous Symbol]                       0x00000804   Section        0  rtx_msgqueue.o(.text.osRtxMessageQueueTimerSetup)
    __arm_cp.0_0                             0x00000824   Number         4  rtx_msgqueue.o(.text.osRtxMessageQueueTimerSetup)
    __arm_cp.0_1                             0x00000828   Number         4  rtx_msgqueue.o(.text.osRtxMessageQueueTimerSetup)
    [Anonymous Symbol]                       0x0000082c   Section        0  rtx_mutex.o(.text.osRtxMutexOwnerRelease)
    [Anonymous Symbol]                       0x00000874   Section        0  rtx_mutex.o(.text.osRtxMutexOwnerRestore)
    [Anonymous Symbol]                       0x000008b8   Section        0  rtx_system.o(.text.osRtxPendSV_Handler)
    __arm_cp.1_0                             0x00000940   Number         4  rtx_system.o(.text.osRtxPendSV_Handler)
    [Anonymous Symbol]                       0x00000944   Section        0  rtx_system.o(.text.osRtxPostProcess)
    __arm_cp.2_0                             0x000009b0   Number         4  rtx_system.o(.text.osRtxPostProcess)
    __arm_cp.2_1                             0x000009b4   Number         4  rtx_system.o(.text.osRtxPostProcess)
    [Anonymous Symbol]                       0x000009b8   Section        0  rtx_thread.o(.text.osRtxThreadBlock)
    osRtxThreadBlock                         0x000009b9   Thumb Code    52  rtx_thread.o(.text.osRtxThreadBlock)
    __arm_cp.10_0                            0x000009ec   Number         4  rtx_thread.o(.text.osRtxThreadBlock)
    [Anonymous Symbol]                       0x000009f0   Section        0  rtx_thread.o(.text.osRtxThreadDelayInsert)
    osRtxThreadDelayInsert                   0x000009f1   Thumb Code   124  rtx_thread.o(.text.osRtxThreadDelayInsert)
    __arm_cp.14_0                            0x00000a6c   Number         4  rtx_thread.o(.text.osRtxThreadDelayInsert)
    [Anonymous Symbol]                       0x00000a70   Section        0  rtx_thread.o(.text.osRtxThreadDelayRemove)
    osRtxThreadDelayRemove                   0x00000a71   Thumb Code    60  rtx_thread.o(.text.osRtxThreadDelayRemove)
    __arm_cp.12_0                            0x00000aac   Number         4  rtx_thread.o(.text.osRtxThreadDelayRemove)
    [Anonymous Symbol]                       0x00000ab0   Section        0  rtx_thread.o(.text.osRtxThreadDelayTick)
    __arm_cp.5_0                             0x00000af8   Number         4  rtx_thread.o(.text.osRtxThreadDelayTick)
    [Anonymous Symbol]                       0x00000afc   Section        0  rtx_thread.o(.text.osRtxThreadDestroy)
    osRtxThreadDestroy                       0x00000afd   Thumb Code    32  rtx_thread.o(.text.osRtxThreadDestroy)
    __arm_cp.56_0                            0x00000b1c   Number         4  rtx_thread.o(.text.osRtxThreadDestroy)
    [Anonymous Symbol]                       0x00000b20   Section        0  rtx_thread.o(.text.osRtxThreadDispatch)
    __arm_cp.9_0                             0x00000b70   Number         4  rtx_thread.o(.text.osRtxThreadDispatch)
    [Anonymous Symbol]                       0x00000b74   Section        0  rtx_thread.o(.text.osRtxThreadFree)
    osRtxThreadFree                          0x00000b75   Thumb Code    84  rtx_thread.o(.text.osRtxThreadFree)
    __arm_cp.52_0                            0x00000bc8   Number         4  rtx_thread.o(.text.osRtxThreadFree)
    [Anonymous Symbol]                       0x00000bcc   Section        0  rtx_thread.o(.text.osRtxThreadJoinWakeup)
    osRtxThreadJoinWakeup                    0x00000bcd   Thumb Code    30  rtx_thread.o(.text.osRtxThreadJoinWakeup)
    [Anonymous Symbol]                       0x00000bea   Section        0  rtx_thread.o(.text.osRtxThreadListGet)
    [Anonymous Symbol]                       0x00000bfc   Section        0  rtx_thread.o(.text.osRtxThreadListPut)
    [Anonymous Symbol]                       0x00000c28   Section        0  rtx_thread.o(.text.osRtxThreadListRemove)
    [Anonymous Symbol]                       0x00000c3c   Section        0  rtx_thread.o(.text.osRtxThreadListRoot)
    osRtxThreadListRoot                      0x00000c3d   Thumb Code    12  rtx_thread.o(.text.osRtxThreadListRoot)
    [Anonymous Symbol]                       0x00000c48   Section        0  rtx_thread.o(.text.osRtxThreadListSort)
    [Anonymous Symbol]                       0x00000c6e   Section        0  rtx_thread.o(.text.osRtxThreadPostProcess)
    osRtxThreadPostProcess                   0x00000c6f   Thumb Code    40  rtx_thread.o(.text.osRtxThreadPostProcess)
    [Anonymous Symbol]                       0x00000c98   Section        0  rtx_thread.o(.text.osRtxThreadReadyPut)
    __arm_cp.4_0                             0x00000ca8   Number         4  rtx_thread.o(.text.osRtxThreadReadyPut)
    [Anonymous Symbol]                       0x00000cac   Section        0  rtx_thread.o(.text.osRtxThreadRegPtr)
    [Anonymous Symbol]                       0x00000cb4   Section        0  rtx_thread.o(.text.osRtxThreadStartup)
    __arm_cp.15_0                            0x00000ce4   Number         4  rtx_thread.o(.text.osRtxThreadStartup)
    __arm_cp.15_1                            0x00000ce8   Number         4  rtx_thread.o(.text.osRtxThreadStartup)
    __arm_cp.15_2                            0x00000cec   Number         4  rtx_thread.o(.text.osRtxThreadStartup)
    [Anonymous Symbol]                       0x00000cf0   Section        0  rtx_thread.o(.text.osRtxThreadSwitch)
    __arm_cp.8_0                             0x00000cfc   Number         4  rtx_thread.o(.text.osRtxThreadSwitch)
    [Anonymous Symbol]                       0x00000d00   Section        0  rtx_thread.o(.text.osRtxThreadWaitEnter)
    __arm_cp.13_0                            0x00000d38   Number         4  rtx_thread.o(.text.osRtxThreadWaitEnter)
    [Anonymous Symbol]                       0x00000d3c   Section        0  rtx_thread.o(.text.osRtxThreadWaitExit)
    [Anonymous Symbol]                       0x00000d60   Section        0  rtx_system.o(.text.osRtxTick_Handler)
    __arm_cp.0_0                             0x00000dd4   Number         4  rtx_system.o(.text.osRtxTick_Handler)
    [Anonymous Symbol]                       0x00000dd8   Section        0  rtx_timer.o(.text.osRtxTimerSetup)
    __arm_cp.0_0                             0x00000df0   Number         4  rtx_timer.o(.text.osRtxTimerSetup)
    __arm_cp.0_1                             0x00000df4   Number         4  rtx_timer.o(.text.osRtxTimerSetup)
    [Anonymous Symbol]                       0x00000df8   Section        0  rtx_timer.o(.text.osRtxTimerThread)
    [Anonymous Symbol]                       0x00000e18   Section        0  rtx_timer.o(.text.osRtxTimerTick)
    osRtxTimerTick                           0x00000e19   Thumb Code   108  rtx_timer.o(.text.osRtxTimerTick)
    __arm_cp.1_0                             0x00000e84   Number         4  rtx_timer.o(.text.osRtxTimerTick)
    [Anonymous Symbol]                       0x00000e88   Section        0  rtx_thread.o(.text.osThreadExit)
    __arm_cp.31_0                            0x00000e90   Number         4  rtx_thread.o(.text.osThreadExit)
    [Anonymous Symbol]                       0x00000e94   Section        0  rtx_thread.o(.text.osThreadNew)
    __arm_cp.17_0                            0x00000eb4   Number         4  rtx_thread.o(.text.osThreadNew)
    [Anonymous Symbol]                       0x00000eb8   Section        0  rtx_thread.o(.text.osThreadYield)
    __arm_cp.26_0                            0x00000ed8   Number         4  rtx_thread.o(.text.osThreadYield)
    [Anonymous Symbol]                       0x00000edc   Section        0  rtx_kernel.o(.text.svcRtxKernelInitialize)
    svcRtxKernelInitialize                   0x00000edd   Thumb Code   244  rtx_kernel.o(.text.svcRtxKernelInitialize)
    __arm_cp.21_0                            0x00000fd0   Number         4  rtx_kernel.o(.text.svcRtxKernelInitialize)
    __arm_cp.21_1                            0x00000fd4   Number         4  rtx_kernel.o(.text.svcRtxKernelInitialize)
    __arm_cp.21_2                            0x00000fd8   Number         4  rtx_kernel.o(.text.svcRtxKernelInitialize)
    [Anonymous Symbol]                       0x00000fdc   Section        0  rtx_kernel.o(.text.svcRtxKernelStart)
    svcRtxKernelStart                        0x00000fdd   Thumb Code   120  rtx_kernel.o(.text.svcRtxKernelStart)
    __arm_cp.22_0                            0x00001054   Number         4  rtx_kernel.o(.text.svcRtxKernelStart)
    __arm_cp.22_1                            0x00001058   Number         4  rtx_kernel.o(.text.svcRtxKernelStart)
    __arm_cp.22_2                            0x0000105c   Number         4  rtx_kernel.o(.text.svcRtxKernelStart)
    __arm_cp.22_3                            0x00001060   Number         4  rtx_kernel.o(.text.svcRtxKernelStart)
    [Anonymous Symbol]                       0x00001064   Section        0  rtx_msgqueue.o(.text.svcRtxMessageQueueGet)
    svcRtxMessageQueueGet                    0x00001065   Thumb Code   212  rtx_msgqueue.o(.text.svcRtxMessageQueueGet)
    __arm_cp.22_0                            0x00001138   Number         4  rtx_msgqueue.o(.text.svcRtxMessageQueueGet)
    [Anonymous Symbol]                       0x0000113c   Section        0  rtx_msgqueue.o(.text.svcRtxMessageQueueNew)
    svcRtxMessageQueueNew                    0x0000113d   Thumb Code   272  rtx_msgqueue.o(.text.svcRtxMessageQueueNew)
    __arm_cp.1_0                             0x0000124c   Number         4  rtx_msgqueue.o(.text.svcRtxMessageQueueNew)
    __arm_cp.1_1                             0x00001250   Number         4  rtx_msgqueue.o(.text.svcRtxMessageQueueNew)
    [Anonymous Symbol]                       0x00001254   Section        0  rtx_msgqueue.o(.text.svcRtxMessageQueuePut)
    svcRtxMessageQueuePut                    0x00001255   Thumb Code   176  rtx_msgqueue.o(.text.svcRtxMessageQueuePut)
    __arm_cp.20_0                            0x00001304   Number         4  rtx_msgqueue.o(.text.svcRtxMessageQueuePut)
    [Anonymous Symbol]                       0x00001308   Section        0  rtx_thread.o(.text.svcRtxThreadExit)
    svcRtxThreadExit                         0x00001309   Thumb Code    72  rtx_thread.o(.text.svcRtxThreadExit)
    __arm_cp.54_0                            0x00001350   Number         4  rtx_thread.o(.text.svcRtxThreadExit)
    [Anonymous Symbol]                       0x00001354   Section        0  rtx_thread.o(.text.svcRtxThreadNew)
    svcRtxThreadNew                          0x00001355   Thumb Code   472  rtx_thread.o(.text.svcRtxThreadNew)
    __arm_cp.16_0                            0x0000152c   Number         4  rtx_thread.o(.text.svcRtxThreadNew)
    __arm_cp.16_1                            0x00001530   Number         4  rtx_thread.o(.text.svcRtxThreadNew)
    __arm_cp.16_2                            0x00001534   Number         4  rtx_thread.o(.text.svcRtxThreadNew)
    __arm_cp.16_3                            0x00001538   Number         4  rtx_thread.o(.text.svcRtxThreadNew)
    __arm_cp.16_4                            0x0000153c   Number         4  rtx_thread.o(.text.svcRtxThreadNew)
    [Anonymous Symbol]                       0x00001540   Section        0  rtx_thread.o(.text.svcRtxThreadYield)
    svcRtxThreadYield                        0x00001541   Thumb Code    52  rtx_thread.o(.text.svcRtxThreadYield)
    __arm_cp.47_0                            0x00001574   Number         4  rtx_thread.o(.text.svcRtxThreadYield)
    i.Free                                   0x00001578   Section        0  uart.o(i.Free)
    i.FreeRcv                                0x00001580   Section        0  uart.o(i.FreeRcv)
    i.FreeSnd                                0x000015a4   Section        0  uart.o(i.FreeSnd)
    i.GLCD_Init                              0x000015c8   Section        0  glcd_spi_lpc1700.o(i.GLCD_Init)
    i.SystemInit                             0x00001bb0   Section        0  system_lpc17xx.o(i.SystemInit)
    i.UART0_IRQHandler                       0x00001cf0   Section        0  uart.o(i.UART0_IRQHandler)
    i.UART1_IRQHandler                       0x00001d58   Section        0  uart.o(i.UART1_IRQHandler)
    i.UARTInit                               0x00001dc8   Section        0  uart.o(i.UARTInit)
    i.UARTSendChar                           0x00001e84   Section        0  uart.o(i.UARTSendChar)
    i.__0printf$1                            0x00001ea8   Section        0  printf1.o(i.__0printf$1)
    i.__NVIC_EnableIRQ                       0x00001ec8   Section        0  uart.o(i.__NVIC_EnableIRQ)
    __NVIC_EnableIRQ                         0x00001ec9   Thumb Code    34  uart.o(i.__NVIC_EnableIRQ)
    i.__scatterload_copy                     0x00001eea   Section       14  handlers.o(i.__scatterload_copy)
    i.__scatterload_null                     0x00001ef8   Section        2  handlers.o(i.__scatterload_null)
    i.__scatterload_zeroinit                 0x00001efa   Section       14  handlers.o(i.__scatterload_zeroinit)
    i._printf_core                           0x00001f08   Section        0  printf1.o(i._printf_core)
    _printf_core                             0x00001f09   Thumb Code   336  printf1.o(i._printf_core)
    i.delay                                  0x0000205c   Section        0  glcd_spi_lpc1700.o(i.delay)
    delay                                    0x0000205d   Thumb Code    14  glcd_spi_lpc1700.o(i.delay)
    i.fputc                                  0x0000206a   Section        0  retarget.o(i.fputc)
    i.getFrequency                           0x00002078   Section        0  uart.o(i.getFrequency)
    i.main                                   0x000020c0   Section        0  p2_main.o(i.main)
    i.osRtxErrorNotify                       0x00002200   Section        0  rtx_config.o(i.osRtxErrorNotify)
    i.osRtxIdleThread                        0x00002220   Section        0  rtx_config.o(i.osRtxIdleThread)
    i.pushbutton_LED                         0x00002224   Section        0  p2_main.o(i.pushbutton_LED)
    i.rd_id_man                              0x000022a0   Section        0  glcd_spi_lpc1700.o(i.rd_id_man)
    rd_id_man                                0x000022a1   Thumb Code   132  glcd_spi_lpc1700.o(i.rd_id_man)
    i.rd_reg                                 0x0000232c   Section        0  glcd_spi_lpc1700.o(i.rd_reg)
    rd_reg                                   0x0000232d   Thumb Code    66  glcd_spi_lpc1700.o(i.rd_reg)
    i.read_joystick_thread                   0x00002374   Section        0  p2_main.o(i.read_joystick_thread)
    i.read_potentiometer                     0x00002428   Section        0  p2_main.o(i.read_potentiometer)
    i.sendchar                               0x0000245c   Section        0  retarget.o(i.sendchar)
    i.spi_tran                               0x000024a0   Section        0  glcd_spi_lpc1700.o(i.spi_tran)
    spi_tran                                 0x000024a1   Thumb Code    28  glcd_spi_lpc1700.o(i.spi_tran)
    i.spi_tran_man                           0x000024c0   Section        0  glcd_spi_lpc1700.o(i.spi_tran_man)
    spi_tran_man                             0x000024c1   Thumb Code   124  glcd_spi_lpc1700.o(i.spi_tran_man)
    i.wr_cmd                                 0x00002540   Section        0  glcd_spi_lpc1700.o(i.wr_cmd)
    wr_cmd                                   0x00002541   Thumb Code    36  glcd_spi_lpc1700.o(i.wr_cmd)
    i.wr_dat                                 0x00002568   Section        0  glcd_spi_lpc1700.o(i.wr_dat)
    wr_dat                                   0x00002569   Thumb Code    36  glcd_spi_lpc1700.o(i.wr_dat)
    i.wr_reg                                 0x00002590   Section        0  glcd_spi_lpc1700.o(i.wr_reg)
    wr_reg                                   0x00002591   Thumb Code    20  glcd_spi_lpc1700.o(i.wr_reg)
    .constdata                               0x000025a4   Section      104  rtx_lib.o(.constdata)
    os_idle_thread_attr                      0x000025a4   Data          36  rtx_lib.o(.constdata)
    os_timer_thread_attr                     0x000025c8   Data          36  rtx_lib.o(.constdata)
    os_timer_mq_attr                         0x000025ec   Data          24  rtx_lib.o(.constdata)
    .rodata                                  0x0000260c   Section      168  rtx_lib.o(.rodata)
    __tagsym$$used                           0x0000260c   Number         0  rtx_lib.o(.rodata)
    __tagsym$$used                           0x0000267c   Number         0  rtx_lib.o(.rodata)
    [Anonymous Symbol]                       0x000026b8   Section        0  rtx_kernel.o(.rodata.str1.4)
    .bss.os                                  0x10000000   Section     8256  rtx_lib.o(.bss.os)
    os_mem                                   0x10000000   Data        8192  rtx_lib.o(.bss.os)
    os_isr_queue                             0x10002000   Data          64  rtx_lib.o(.bss.os)
    .bss.os.msgqueue.cb                      0x10002040   Section       52  rtx_lib.o(.bss.os.msgqueue.cb)
    os_timer_mq_cb                           0x10002040   Data          52  rtx_lib.o(.bss.os.msgqueue.cb)
    .bss.os.msgqueue.mem                     0x10002074   Section       80  rtx_lib.o(.bss.os.msgqueue.mem)
    os_timer_mq_data                         0x10002074   Data          80  rtx_lib.o(.bss.os.msgqueue.mem)
    .bss.os.thread.cb                        0x100020c4   Section      136  rtx_lib.o(.bss.os.thread.cb)
    os_idle_thread_cb                        0x100020c4   Data          68  rtx_lib.o(.bss.os.thread.cb)
    os_timer_thread_cb                       0x10002108   Data          68  rtx_lib.o(.bss.os.thread.cb)
    .bss.os.thread.idle.stack                0x10002150   Section      512  rtx_lib.o(.bss.os.thread.idle.stack)
    os_idle_thread_stack                     0x10002150   Data         512  rtx_lib.o(.bss.os.thread.idle.stack)
    .bss.os.thread.timer.stack               0x10002350   Section      512  rtx_lib.o(.bss.os.thread.timer.stack)
    os_timer_thread_stack                    0x10002350   Data         512  rtx_lib.o(.bss.os.thread.timer.stack)
    .data                                    0x10002550   Section        5  glcd_spi_lpc1700.o(.data)
    Color                                    0x10002550   Data           4  glcd_spi_lpc1700.o(.data)
    Himax                                    0x10002554   Data           1  glcd_spi_lpc1700.o(.data)
    .data                                    0x10002558   Section       12  retarget.o(.data)
    .data                                    0x10002564   Section       32  uart.o(.data)
    .data                                    0x10002584   Section        4  system_lpc17xx.o(.data)
    .bss                                     0x1000262c   Section      128  uart.o(.bss)
    [Anonymous Symbol]                       0x100026ac   Section        0  os_systick.o(.bss.os)
    PendST                                   0x100026ac   Data           1  os_systick.o(.bss.os)
    STACK                                    0x100026b0   Section     8192  startup_lpc17xx.o(STACK)
    FPCCR                                    0xe000ef34   Number         0  irq_armv7m.o ABSOLUTE

    Global Symbols

    Symbol Name                              Value     Ov Type        Size  Object(Section)

    BuildAttributes$$THM_ISAv4$P$D$K$B$S$PE$A:L22UL41UL21$X:L11$S22US41US21$IEEE1$IW$USESV6$~STKCKD$USESV7$~SHL$OSPACE$ROPI$EBA8$MICROLIB$REQ8$PRES8$EABIv2 0x00000000   Number         0  anon$$obj.o ABSOLUTE
    __ARM_use_no_argv                        0x00000000   Number         0  p2_main.o ABSOLUTE
    __Vectors                                0x00000000   Data           4  startup_lpc17xx.o(RESET)
    _printf_a                                0x00000000   Number         0  stubs.o ABSOLUTE
    _printf_c                                0x00000000   Number         0  stubs.o ABSOLUTE
    _printf_charcount                        0x00000000   Number         0  stubs.o ABSOLUTE
    _printf_d                                0x00000000   Number         0  stubs.o ABSOLUTE
    _printf_e                                0x00000000   Number         0  stubs.o ABSOLUTE
    _printf_f                                0x00000000   Number         0  stubs.o ABSOLUTE
    _printf_flags                            0x00000000   Number         0  stubs.o ABSOLUTE
    _printf_fp_dec                           0x00000000   Number         0  stubs.o ABSOLUTE
    _printf_fp_hex                           0x00000000   Number         0  stubs.o ABSOLUTE
    _printf_g                                0x00000000   Number         0  stubs.o ABSOLUTE
    _printf_i                                0x00000000   Number         0  stubs.o ABSOLUTE
    _printf_int_dec                          0x00000000   Number         0  stubs.o ABSOLUTE
    _printf_l                                0x00000000   Number         0  stubs.o ABSOLUTE
    _printf_lc                               0x00000000   Number         0  stubs.o ABSOLUTE
    _printf_ll                               0x00000000   Number         0  stubs.o ABSOLUTE
    _printf_lld                              0x00000000   Number         0  stubs.o ABSOLUTE
    _printf_lli                              0x00000000   Number         0  stubs.o ABSOLUTE
    _printf_llo                              0x00000000   Number         0  stubs.o ABSOLUTE
    _printf_llu                              0x00000000   Number         0  stubs.o ABSOLUTE
    _printf_llx                              0x00000000   Number         0  stubs.o ABSOLUTE
    _printf_longlong_dec                     0x00000000   Number         0  stubs.o ABSOLUTE
    _printf_longlong_hex                     0x00000000   Number         0  stubs.o ABSOLUTE
    _printf_longlong_oct                     0x00000000   Number         0  stubs.o ABSOLUTE
    _printf_ls                               0x00000000   Number         0  stubs.o ABSOLUTE
    _printf_mbtowc                           0x00000000   Number         0  stubs.o ABSOLUTE
    _printf_n                                0x00000000   Number         0  stubs.o ABSOLUTE
    _printf_o                                0x00000000   Number         0  stubs.o ABSOLUTE
    _printf_p                                0x00000000   Number         0  stubs.o ABSOLUTE
    _printf_percent                          0x00000000   Number         0  stubs.o ABSOLUTE
    _printf_pre_padding                      0x00000000   Number         0  stubs.o ABSOLUTE
    _printf_return_value                     0x00000000   Number         0  stubs.o ABSOLUTE
    _printf_s                                0x00000000   Number         0  stubs.o ABSOLUTE
    _printf_sizespec                         0x00000000   Number         0  stubs.o ABSOLUTE
    _printf_str                              0x00000000   Number         0  stubs.o ABSOLUTE
    _printf_truncate_signed                  0x00000000   Number         0  stubs.o ABSOLUTE
    _printf_truncate_unsigned                0x00000000   Number         0  stubs.o ABSOLUTE
    _printf_u                                0x00000000   Number         0  stubs.o ABSOLUTE
    _printf_wc                               0x00000000   Number         0  stubs.o ABSOLUTE
    _printf_wctomb                           0x00000000   Number         0  stubs.o ABSOLUTE
    _printf_widthprec                        0x00000000   Number         0  stubs.o ABSOLUTE
    _printf_x                                0x00000000   Number         0  stubs.o ABSOLUTE
    .bss.os.evflags.cb$$Base                  - Undefined Weak Reference
    .bss.os.evflags.cb$$Limit                 - Undefined Weak Reference
    .bss.os.mempool.cb$$Base                  - Undefined Weak Reference
    .bss.os.mempool.cb$$Limit                 - Undefined Weak Reference
    .bss.os.mutex.cb$$Base                    - Undefined Weak Reference
    .bss.os.mutex.cb$$Limit                   - Undefined Weak Reference
    .bss.os.semaphore.cb$$Base                - Undefined Weak Reference
    .bss.os.semaphore.cb$$Limit               - Undefined Weak Reference
    .bss.os.timer.cb$$Base                    - Undefined Weak Reference
    .bss.os.timer.cb$$Limit                   - Undefined Weak Reference
    __cpp_initialize__aeabi_                  - Undefined Weak Reference
    __cxa_finalize                            - Undefined Weak Reference
    _clock_init                               - Undefined Weak Reference
    _microlib_exit                            - Undefined Weak Reference
    __main                                   0x000000cd   Thumb Code     0  entry.o(.ARM.Collect$$$$00000000)
    _main_stk                                0x000000cd   Thumb Code     0  entry2.o(.ARM.Collect$$$$00000001)
    _main_scatterload                        0x000000d1   Thumb Code     0  entry5.o(.ARM.Collect$$$$00000004)
    __main_after_scatterload                 0x000000d5   Thumb Code     0  entry5.o(.ARM.Collect$$$$00000004)
    _main_clock                              0x000000d5   Thumb Code     0  entry7b.o(.ARM.Collect$$$$00000008)
    _main_cpp_init                           0x000000d5   Thumb Code     0  entry8b.o(.ARM.Collect$$$$0000000A)
    _main_init                               0x000000d5   Thumb Code     0  entry9a.o(.ARM.Collect$$$$0000000B)
    __rt_final_cpp                           0x000000dd   Thumb Code     0  entry10a.o(.ARM.Collect$$$$0000000D)
    __rt_final_exit                          0x000000dd   Thumb Code     0  entry11a.o(.ARM.Collect$$$$0000000F)
    Reset_Handler                            0x000000e1   Thumb Code     8  startup_lpc17xx.o(.text)
    NMI_Handler                              0x000000e9   Thumb Code     2  startup_lpc17xx.o(.text)
    HardFault_Handler                        0x000000eb   Thumb Code     2  startup_lpc17xx.o(.text)
    MemManage_Handler                        0x000000ed   Thumb Code     2  startup_lpc17xx.o(.text)
    BusFault_Handler                         0x000000ef   Thumb Code     2  startup_lpc17xx.o(.text)
    UsageFault_Handler                       0x000000f1   Thumb Code     2  startup_lpc17xx.o(.text)
    DebugMon_Handler                         0x000000f5   Thumb Code     2  startup_lpc17xx.o(.text)
    ADC_IRQHandler                           0x000000fb   Thumb Code     0  startup_lpc17xx.o(.text)
    BOD_IRQHandler                           0x000000fb   Thumb Code     0  startup_lpc17xx.o(.text)
    CANActivity_IRQHandler                   0x000000fb   Thumb Code     0  startup_lpc17xx.o(.text)
    CAN_IRQHandler                           0x000000fb   Thumb Code     0  startup_lpc17xx.o(.text)
    DMA_IRQHandler                           0x000000fb   Thumb Code     0  startup_lpc17xx.o(.text)
    EINT0_IRQHandler                         0x000000fb   Thumb Code     0  startup_lpc17xx.o(.text)
    EINT1_IRQHandler                         0x000000fb   Thumb Code     0  startup_lpc17xx.o(.text)
    EINT2_IRQHandler                         0x000000fb   Thumb Code     0  startup_lpc17xx.o(.text)
    EINT3_IRQHandler                         0x000000fb   Thumb Code     0  startup_lpc17xx.o(.text)
    ENET_IRQHandler                          0x000000fb   Thumb Code     0  startup_lpc17xx.o(.text)
    I2C0_IRQHandler                          0x000000fb   Thumb Code     0  startup_lpc17xx.o(.text)
    I2C1_IRQHandler                          0x000000fb   Thumb Code     0  startup_lpc17xx.o(.text)
    I2C2_IRQHandler                          0x000000fb   Thumb Code     0  startup_lpc17xx.o(.text)
    I2S_IRQHandler                           0x000000fb   Thumb Code     0  startup_lpc17xx.o(.text)
    MCPWM_IRQHandler                         0x000000fb   Thumb Code     0  startup_lpc17xx.o(.text)
    PLL0_IRQHandler                          0x000000fb   Thumb Code     0  startup_lpc17xx.o(.text)
    PLL1_IRQHandler                          0x000000fb   Thumb Code     0  startup_lpc17xx.o(.text)
    PWM1_IRQHandler                          0x000000fb   Thumb Code     0  startup_lpc17xx.o(.text)
    QEI_IRQHandler                           0x000000fb   Thumb Code     0  startup_lpc17xx.o(.text)
    RIT_IRQHandler                           0x000000fb   Thumb Code     0  startup_lpc17xx.o(.text)
    RTC_IRQHandler                           0x000000fb   Thumb Code     0  startup_lpc17xx.o(.text)
    SPI_IRQHandler                           0x000000fb   Thumb Code     0  startup_lpc17xx.o(.text)
    SSP0_IRQHandler                          0x000000fb   Thumb Code     0  startup_lpc17xx.o(.text)
    SSP1_IRQHandler                          0x000000fb   Thumb Code     0  startup_lpc17xx.o(.text)
    TIMER0_IRQHandler                        0x000000fb   Thumb Code     0  startup_lpc17xx.o(.text)
    TIMER1_IRQHandler                        0x000000fb   Thumb Code     0  startup_lpc17xx.o(.text)
    TIMER2_IRQHandler                        0x000000fb   Thumb Code     0  startup_lpc17xx.o(.text)
    TIMER3_IRQHandler                        0x000000fb   Thumb Code     0  startup_lpc17xx.o(.text)
    UART2_IRQHandler                         0x000000fb   Thumb Code     0  startup_lpc17xx.o(.text)
    UART3_IRQHandler                         0x000000fb   Thumb Code     0  startup_lpc17xx.o(.text)
    USBActivity_IRQHandler                   0x000000fb   Thumb Code     0  startup_lpc17xx.o(.text)
    USB_IRQHandler                           0x000000fb   Thumb Code     0  startup_lpc17xx.o(.text)
    WDT_IRQHandler                           0x000000fb   Thumb Code     0  startup_lpc17xx.o(.text)
    SVC_Handler                              0x00000105   Thumb Code   108  irq_armv7m.o(.text)
    PendSV_Handler                           0x00000171   Thumb Code    16  irq_armv7m.o(.text)
    SysTick_Handler                          0x00000181   Thumb Code    16  irq_armv7m.o(.text)
    __aeabi_memcpy                           0x00000199   Thumb Code    36  memcpya.o(.text)
    __aeabi_memcpy4                          0x00000199   Thumb Code     0  memcpya.o(.text)
    __aeabi_memcpy8                          0x00000199   Thumb Code     0  memcpya.o(.text)
    __aeabi_memset                           0x000001bd   Thumb Code    14  memseta.o(.text)
    __aeabi_memset4                          0x000001bd   Thumb Code     0  memseta.o(.text)
    __aeabi_memset8                          0x000001bd   Thumb Code     0  memseta.o(.text)
    __aeabi_memclr                           0x000001cb   Thumb Code     4  memseta.o(.text)
    __aeabi_memclr4                          0x000001cb   Thumb Code     0  memseta.o(.text)
    __aeabi_memclr8                          0x000001cb   Thumb Code     0  memseta.o(.text)
    _memset$wrapper                          0x000001cf   Thumb Code    18  memseta.o(.text)
    __aeabi_uidiv                            0x000001e1   Thumb Code     0  uidiv.o(.text)
    __aeabi_uidivmod                         0x000001e1   Thumb Code    44  uidiv.o(.text)
    __scatterload                            0x0000020d   Thumb Code    28  init.o(.text)
    __scatterload_rt2                        0x0000020d   Thumb Code     0  init.o(.text)
    __decompress                             0x00000231   Thumb Code     0  __dczerorl.o(.text)
    __decompress0                            0x00000231   Thumb Code    58  __dczerorl.o(.text)
    OS_Tick_AcknowledgeIRQ                   0x000002c9   Thumb Code     8  os_systick.o(.text.OS_Tick_AcknowledgeIRQ)
    OS_Tick_GetIRQn                          0x000002d5   Thumb Code     6  os_systick.o(.text.OS_Tick_GetIRQn)
    osRtxKernelErrorNotify                   0x000002f9   Thumb Code     4  rtx_kernel.o(.text.osRtxKernelErrorNotify)
    OS_Tick_Enable                           0x00000359   Thumb Code    32  os_systick.o(.text.OS_Tick_Enable)
    OS_Tick_Setup                            0x00000385   Thumb Code    48  os_systick.o(.text.OS_Tick_Setup)
    osKernelInitialize                       0x00000479   Thumb Code    40  rtx_kernel.o(.text.osKernelInitialize)
    osKernelStart                            0x000004a5   Thumb Code    32  rtx_kernel.o(.text.osKernelStart)
    osMessageQueueGet                        0x000004c9   Thumb Code   108  rtx_msgqueue.o(.text.osMessageQueueGet)
    osMessageQueuePut                        0x00000539   Thumb Code   124  rtx_msgqueue.o(.text.osMessageQueuePut)
    osRtxKernelPreInit                       0x000005b9   Thumb Code     2  rtx_kernel.o(.text.osRtxKernelPreInit)
    osRtxMemoryAlloc                         0x000005bb   Thumb Code   108  rtx_memory.o(.text.osRtxMemoryAlloc)
    osRtxMemoryFree                          0x00000627   Thumb Code    66  rtx_memory.o(.text.osRtxMemoryFree)
    osRtxMemoryInit                          0x00000669   Thumb Code    54  rtx_memory.o(.text.osRtxMemoryInit)
    osRtxMemoryPoolAlloc                     0x0000069f   Thumb Code    58  rtx_mempool.o(.text.osRtxMemoryPoolAlloc)
    osRtxMemoryPoolFree                      0x000006d9   Thumb Code    74  rtx_mempool.o(.text.osRtxMemoryPoolFree)
    osRtxMemoryPoolInit                      0x00000723   Thumb Code    56  rtx_mempool.o(.text.osRtxMemoryPoolInit)
    osRtxMessageQueueTimerSetup              0x00000805   Thumb Code    32  rtx_msgqueue.o(.text.osRtxMessageQueueTimerSetup)
    osRtxMutexOwnerRelease                   0x0000082d   Thumb Code    72  rtx_mutex.o(.text.osRtxMutexOwnerRelease)
    osRtxMutexOwnerRestore                   0x00000875   Thumb Code    66  rtx_mutex.o(.text.osRtxMutexOwnerRestore)
    osRtxPendSV_Handler                      0x000008b9   Thumb Code   136  rtx_system.o(.text.osRtxPendSV_Handler)
    osRtxPostProcess                         0x00000945   Thumb Code   108  rtx_system.o(.text.osRtxPostProcess)
    osRtxThreadDelayTick                     0x00000ab1   Thumb Code    72  rtx_thread.o(.text.osRtxThreadDelayTick)
    osRtxThreadDispatch                      0x00000b21   Thumb Code    80  rtx_thread.o(.text.osRtxThreadDispatch)
    osRtxThreadListGet                       0x00000beb   Thumb Code    18  rtx_thread.o(.text.osRtxThreadListGet)
    osRtxThreadListPut                       0x00000bfd   Thumb Code    44  rtx_thread.o(.text.osRtxThreadListPut)
    osRtxThreadListRemove                    0x00000c29   Thumb Code    20  rtx_thread.o(.text.osRtxThreadListRemove)
    osRtxThreadListSort                      0x00000c49   Thumb Code    38  rtx_thread.o(.text.osRtxThreadListSort)
    osRtxThreadReadyPut                      0x00000c99   Thumb Code    16  rtx_thread.o(.text.osRtxThreadReadyPut)
    osRtxThreadRegPtr                        0x00000cad   Thumb Code     6  rtx_thread.o(.text.osRtxThreadRegPtr)
    osRtxThreadStartup                       0x00000cb5   Thumb Code    48  rtx_thread.o(.text.osRtxThreadStartup)
    osRtxThreadSwitch                        0x00000cf1   Thumb Code    12  rtx_thread.o(.text.osRtxThreadSwitch)
    osRtxThreadWaitEnter                     0x00000d01   Thumb Code    56  rtx_thread.o(.text.osRtxThreadWaitEnter)
    osRtxThreadWaitExit                      0x00000d3d   Thumb Code    34  rtx_thread.o(.text.osRtxThreadWaitExit)
    osRtxTick_Handler                        0x00000d61   Thumb Code   116  rtx_system.o(.text.osRtxTick_Handler)
    osRtxTimerSetup                          0x00000dd9   Thumb Code    24  rtx_timer.o(.text.osRtxTimerSetup)
    osRtxTimerThread                         0x00000df9   Thumb Code    32  rtx_timer.o(.text.osRtxTimerThread)
    osThreadExit                             0x00000e89   Thumb Code     8  rtx_thread.o(.text.osThreadExit)
    osThreadNew                              0x00000e95   Thumb Code    32  rtx_thread.o(.text.osThreadNew)
    osThreadYield                            0x00000eb9   Thumb Code    32  rtx_thread.o(.text.osThreadYield)
    Free                                     0x00001579   Thumb Code     6  uart.o(i.Free)
    FreeRcv                                  0x00001581   Thumb Code    28  uart.o(i.FreeRcv)
    FreeSnd                                  0x000015a5   Thumb Code    28  uart.o(i.FreeSnd)
    GLCD_Init                                0x000015c9   Thumb Code  1506  glcd_spi_lpc1700.o(i.GLCD_Init)
    SystemInit                               0x00001bb1   Thumb Code   302  system_lpc17xx.o(i.SystemInit)
    UART0_IRQHandler                         0x00001cf1   Thumb Code    88  uart.o(i.UART0_IRQHandler)
    UART1_IRQHandler                         0x00001d59   Thumb Code    90  uart.o(i.UART1_IRQHandler)
    UARTInit                                 0x00001dc9   Thumb Code   176  uart.o(i.UARTInit)
    UARTSendChar                             0x00001e85   Thumb Code    26  uart.o(i.UARTSendChar)
    __0printf$1                              0x00001ea9   Thumb Code    22  printf1.o(i.__0printf$1)
    __1printf$1                              0x00001ea9   Thumb Code     0  printf1.o(i.__0printf$1)
    __2printf                                0x00001ea9   Thumb Code     0  printf1.o(i.__0printf$1)
    __scatterload_copy                       0x00001eeb   Thumb Code    14  handlers.o(i.__scatterload_copy)
    __scatterload_null                       0x00001ef9   Thumb Code     2  handlers.o(i.__scatterload_null)
    __scatterload_zeroinit                   0x00001efb   Thumb Code    14  handlers.o(i.__scatterload_zeroinit)
    fputc                                    0x0000206b   Thumb Code    14  retarget.o(i.fputc)
    getFrequency                             0x00002079   Thumb Code    62  uart.o(i.getFrequency)
    main                                     0x000020c1   Thumb Code   200  p2_main.o(i.main)
    osRtxErrorNotify                         0x00002201   Thumb Code    32  rtx_config.o(i.osRtxErrorNotify)
    osRtxIdleThread                          0x00002221   Thumb Code     4  rtx_config.o(i.osRtxIdleThread)
    pushbutton_LED                           0x00002225   Thumb Code    76  p2_main.o(i.pushbutton_LED)
    read_joystick_thread                     0x00002375   Thumb Code   110  p2_main.o(i.read_joystick_thread)
    read_potentiometer                       0x00002429   Thumb Code    42  p2_main.o(i.read_potentiometer)
    sendchar                                 0x0000245d   Thumb Code    64  retarget.o(i.sendchar)
    irqRtxLibRef                             0x00002604   Data           4  rtx_lib.o(.constdata)
    osRtxUserSVC                             0x00002608   Data           4  rtx_lib.o(.constdata)
    osRtxConfig                              0x0000260c   Data         112  rtx_lib.o(.rodata)
    os_cb_sections                           0x0000267c   Data          56  rtx_lib.o(.rodata)
    irqRtxLib                                0x000026b4   Number         0  irq_armv7m.o(.rodata)
    Region$$Table$$Base                      0x000026c4   Number         0  anon$$obj.o(Region$$Table)
    Region$$Table$$Limit                     0x000026e4   Number         0  anon$$obj.o(Region$$Table)
    .bss.os.msgqueue.cb$$Base                0x10002040   Number         0  rtx_lib.o(.bss.os.msgqueue.cb)
    .bss.os.msgqueue.cb$$Limit               0x10002074   Number         0  rtx_lib.o(.bss.os.msgqueue.cb)
    .bss.os.thread.cb$$Base                  0x100020c4   Number         0  rtx_lib.o(.bss.os.thread.cb)
    .bss.os.thread.cb$$Limit                 0x1000214c   Number         0  rtx_lib.o(.bss.os.thread.cb)
    uart_init_called                         0x10002558   Data           1  retarget.o(.data)
    __stdout                                 0x1000255c   Data           4  retarget.o(.data)
    __stdin                                  0x10002560   Data           4  retarget.o(.data)
    ITM_RxBuffer                             0x10002564   Data           4  uart.o(.data)
    UART0Status                              0x10002568   Data           4  uart.o(.data)
    UART1Status                              0x1000256c   Data           4  uart.o(.data)
    UART0TxEmpty                             0x10002570   Data           1  uart.o(.data)
    UART1TxEmpty                             0x10002571   Data           1  uart.o(.data)
    UART0Count                               0x10002574   Data           4  uart.o(.data)
    UART1Count                               0x10002578   Data           4  uart.o(.data)
    RcvLock0                                 0x1000257c   Data           1  uart.o(.data)
    SndLock0                                 0x1000257d   Data           1  uart.o(.data)
    RcvLock1                                 0x1000257e   Data           1  uart.o(.data)
    SndLock1                                 0x1000257f   Data           1  uart.o(.data)
    i                                        0x10002580   Data           4  uart.o(.data)
    SystemCoreClock                          0x10002584   Data           4  system_lpc17xx.o(.data)
    osRtxInfo                                0x10002588   Data         164  rtx_kernel.o(.data.os)
    UART0Buffer                              0x1000262c   Data          64  uart.o(.bss)
    UART1Buffer                              0x1000266c   Data          64  uart.o(.bss)
    __initial_sp                             0x100046b0   Data           0  startup_lpc17xx.o(STACK)



==============================================================================

Memory Map of the image

  Image Entry point : 0x000000e1

  Load Region LR_1 (Base: 0x00000000, Size: 0x00004d10, Max: 0xffffffff, ABSOLUTE, COMPRESSED[0x0000274c])

    Execution Region ER_RO (Exec base: 0x00000000, Load base: 0x00000000, Size: 0x000026e4, Max: 0xffffffff, ABSOLUTE)

    Exec Addr    Load Addr    Size         Type   Attr      Idx    E Section Name        Object

    0x00000000   0x00000000   0x000000cc   Data   RO          666    RESET               startup_lpc17xx.o
    0x000000cc   0x000000cc   0x00000000   Code   RO         1180  * .ARM.Collect$$$$00000000  mc_w.l(entry.o)
    0x000000cc   0x000000cc   0x00000004   Code   RO         1452    .ARM.Collect$$$$00000001  mc_w.l(entry2.o)
    0x000000d0   0x000000d0   0x00000004   Code   RO         1455    .ARM.Collect$$$$00000004  mc_w.l(entry5.o)
    0x000000d4   0x000000d4   0x00000000   Code   RO         1457    .ARM.Collect$$$$00000008  mc_w.l(entry7b.o)
    0x000000d4   0x000000d4   0x00000000   Code   RO         1459    .ARM.Collect$$$$0000000A  mc_w.l(entry8b.o)
    0x000000d4   0x000000d4   0x00000008   Code   RO         1460    .ARM.Collect$$$$0000000B  mc_w.l(entry9a.o)
    0x000000dc   0x000000dc   0x00000000   Code   RO         1462    .ARM.Collect$$$$0000000D  mc_w.l(entry10a.o)
    0x000000dc   0x000000dc   0x00000000   Code   RO         1464    .ARM.Collect$$$$0000000F  mc_w.l(entry11a.o)
    0x000000dc   0x000000dc   0x00000004   Code   RO         1453    .ARM.Collect$$$$00002712  mc_w.l(entry2.o)
    0x000000e0   0x000000e0   0x00000024   Code   RO          668  * .text               startup_lpc17xx.o
    0x00000104   0x00000104   0x00000094   Code   RO          970    .text               RTX_CM3.lib(irq_armv7m.o)
    0x00000198   0x00000198   0x00000024   Code   RO         1185    .text               mc_w.l(memcpya.o)
    0x000001bc   0x000001bc   0x00000024   Code   RO         1187    .text               mc_w.l(memseta.o)
    0x000001e0   0x000001e0   0x0000002c   Code   RO         1466    .text               mc_w.l(uidiv.o)
    0x0000020c   0x0000020c   0x00000024   Code   RO         1483    .text               mc_w.l(init.o)
    0x00000230   0x00000230   0x0000003a   Code   RO         1497    .text               mc_w.l(__dczerorl.o)
    0x0000026a   0x0000026a   0x00000040   Code   RO         1122    .text.MessageQueueGet  RTX_CM3.lib(rtx_msgqueue.o)
    0x000002aa   0x000002aa   0x0000001c   Code   RO         1114    .text.MessageQueueRemove  RTX_CM3.lib(rtx_msgqueue.o)
    0x000002c6   0x000002c6   0x00000002   PAD
    0x000002c8   0x000002c8   0x0000000c   Code   RO         1160    .text.OS_Tick_AcknowledgeIRQ  RTX_CM3.lib(os_systick.o)
    0x000002d4   0x000002d4   0x00000006   Code   RO         1162    .text.OS_Tick_GetIRQn  RTX_CM3.lib(os_systick.o)
    0x000002da   0x000002da   0x0000000c   Code   RO          769    .text.OUTLINED_FUNCTION_0  RTX_CM3.lib(rtx_kernel.o)
    0x000002e6   0x000002e6   0x00000006   Code   RO          911    .text.OUTLINED_FUNCTION_0  RTX_CM3.lib(rtx_thread.o)
    0x000002ec   0x000002ec   0x0000000c   Code   RO         1130    .text.OUTLINED_FUNCTION_0  RTX_CM3.lib(rtx_msgqueue.o)
    0x000002f8   0x000002f8   0x00000004   Code   RO          713    .text.osRtxKernelErrorNotify  RTX_CM3.lib(rtx_kernel.o)
    0x000002fc   0x000002fc   0x00000004   Code   RO          667    .ARM.__at_0x02FC    startup_lpc17xx.o
    0x00000300   0x00000300   0x00000058   Code   RO         1116    .text.MessageQueuePut  RTX_CM3.lib(rtx_msgqueue.o)
    0x00000358   0x00000358   0x0000002c   Code   RO         1156    .text.OS_Tick_Enable  RTX_CM3.lib(os_systick.o)
    0x00000384   0x00000384   0x00000040   Code   RO         1154    .text.OS_Tick_Setup  RTX_CM3.lib(os_systick.o)
    0x000003c4   0x000003c4   0x00000006   Code   RO          771    .text.OUTLINED_FUNCTION_1  RTX_CM3.lib(rtx_kernel.o)
    0x000003ca   0x000003ca   0x00000064   Code   RO          863    .text.ThreadFlagsCheck  RTX_CM3.lib(rtx_thread.o)
    0x0000042e   0x0000042e   0x00000002   PAD
    0x00000430   0x00000430   0x00000048   Code   RO          947    .text.TimerInsert   RTX_CM3.lib(rtx_timer.o)
    0x00000478   0x00000478   0x0000002c   Code   RO          715    .text.osKernelInitialize  RTX_CM3.lib(rtx_kernel.o)
    0x000004a4   0x000004a4   0x00000024   Code   RO          725    .text.osKernelStart  RTX_CM3.lib(rtx_kernel.o)
    0x000004c8   0x000004c8   0x00000070   Code   RO         1090    .text.osMessageQueueGet  RTX_CM3.lib(rtx_msgqueue.o)
    0x00000538   0x00000538   0x00000080   Code   RO         1088    .text.osMessageQueuePut  RTX_CM3.lib(rtx_msgqueue.o)
    0x000005b8   0x000005b8   0x00000002   Code   RO          711    .text.osRtxKernelPreInit  RTX_CM3.lib(rtx_kernel.o)
    0x000005ba   0x000005ba   0x0000006c   Code   RO         1016    .text.osRtxMemoryAlloc  RTX_CM3.lib(rtx_memory.o)
    0x00000626   0x00000626   0x00000042   Code   RO         1018    .text.osRtxMemoryFree  RTX_CM3.lib(rtx_memory.o)
    0x00000668   0x00000668   0x00000036   Code   RO         1014    .text.osRtxMemoryInit  RTX_CM3.lib(rtx_memory.o)
    0x0000069e   0x0000069e   0x0000003a   Code   RO         1030    .text.osRtxMemoryPoolAlloc  RTX_CM3.lib(rtx_mempool.o)
    0x000006d8   0x000006d8   0x0000004a   Code   RO         1032    .text.osRtxMemoryPoolFree  RTX_CM3.lib(rtx_mempool.o)
    0x00000722   0x00000722   0x00000038   Code   RO         1028    .text.osRtxMemoryPoolInit  RTX_CM3.lib(rtx_mempool.o)
    0x0000075a   0x0000075a   0x000000aa   Code   RO         1112    .text.osRtxMessageQueuePostProcess  RTX_CM3.lib(rtx_msgqueue.o)
    0x00000804   0x00000804   0x00000028   Code   RO         1080    .text.osRtxMessageQueueTimerSetup  RTX_CM3.lib(rtx_msgqueue.o)
    0x0000082c   0x0000082c   0x00000048   Code   RO          978    .text.osRtxMutexOwnerRelease  RTX_CM3.lib(rtx_mutex.o)
    0x00000874   0x00000874   0x00000042   Code   RO          980    .text.osRtxMutexOwnerRestore  RTX_CM3.lib(rtx_mutex.o)
    0x000008b6   0x000008b6   0x00000002   PAD
    0x000008b8   0x000008b8   0x0000008c   Code   RO         1142    .text.osRtxPendSV_Handler  RTX_CM3.lib(rtx_system.o)
    0x00000944   0x00000944   0x00000074   Code   RO         1144    .text.osRtxPostProcess  RTX_CM3.lib(rtx_system.o)
    0x000009b8   0x000009b8   0x00000038   Code   RO          803    .text.osRtxThreadBlock  RTX_CM3.lib(rtx_thread.o)
    0x000009f0   0x000009f0   0x00000080   Code   RO          811    .text.osRtxThreadDelayInsert  RTX_CM3.lib(rtx_thread.o)
    0x00000a70   0x00000a70   0x00000040   Code   RO          807    .text.osRtxThreadDelayRemove  RTX_CM3.lib(rtx_thread.o)
    0x00000ab0   0x00000ab0   0x0000004c   Code   RO          793    .text.osRtxThreadDelayTick  RTX_CM3.lib(rtx_thread.o)
    0x00000afc   0x00000afc   0x00000024   Code   RO          895    .text.osRtxThreadDestroy  RTX_CM3.lib(rtx_thread.o)
    0x00000b20   0x00000b20   0x00000054   Code   RO          801    .text.osRtxThreadDispatch  RTX_CM3.lib(rtx_thread.o)
    0x00000b74   0x00000b74   0x00000058   Code   RO          887    .text.osRtxThreadFree  RTX_CM3.lib(rtx_thread.o)
    0x00000bcc   0x00000bcc   0x0000001e   Code   RO          893    .text.osRtxThreadJoinWakeup  RTX_CM3.lib(rtx_thread.o)
    0x00000bea   0x00000bea   0x00000012   Code   RO          785    .text.osRtxThreadListGet  RTX_CM3.lib(rtx_thread.o)
    0x00000bfc   0x00000bfc   0x0000002c   Code   RO          783    .text.osRtxThreadListPut  RTX_CM3.lib(rtx_thread.o)
    0x00000c28   0x00000c28   0x00000014   Code   RO          789    .text.osRtxThreadListRemove  RTX_CM3.lib(rtx_thread.o)
    0x00000c3c   0x00000c3c   0x0000000c   Code   RO          795    .text.osRtxThreadListRoot  RTX_CM3.lib(rtx_thread.o)
    0x00000c48   0x00000c48   0x00000026   Code   RO          787    .text.osRtxThreadListSort  RTX_CM3.lib(rtx_thread.o)
    0x00000c6e   0x00000c6e   0x00000028   Code   RO          861    .text.osRtxThreadPostProcess  RTX_CM3.lib(rtx_thread.o)
    0x00000c96   0x00000c96   0x00000002   PAD
    0x00000c98   0x00000c98   0x00000014   Code   RO          791    .text.osRtxThreadReadyPut  RTX_CM3.lib(rtx_thread.o)
    0x00000cac   0x00000cac   0x00000006   Code   RO          797    .text.osRtxThreadRegPtr  RTX_CM3.lib(rtx_thread.o)
    0x00000cb2   0x00000cb2   0x00000002   PAD
    0x00000cb4   0x00000cb4   0x0000003c   Code   RO          813    .text.osRtxThreadStartup  RTX_CM3.lib(rtx_thread.o)
    0x00000cf0   0x00000cf0   0x00000010   Code   RO          799    .text.osRtxThreadSwitch  RTX_CM3.lib(rtx_thread.o)
    0x00000d00   0x00000d00   0x0000003c   Code   RO          809    .text.osRtxThreadWaitEnter  RTX_CM3.lib(rtx_thread.o)
    0x00000d3c   0x00000d3c   0x00000022   Code   RO          805    .text.osRtxThreadWaitExit  RTX_CM3.lib(rtx_thread.o)
    0x00000d5e   0x00000d5e   0x00000002   PAD
    0x00000d60   0x00000d60   0x00000078   Code   RO         1140    .text.osRtxTick_Handler  RTX_CM3.lib(rtx_system.o)
    0x00000dd8   0x00000dd8   0x00000020   Code   RO          929    .text.osRtxTimerSetup  RTX_CM3.lib(rtx_timer.o)
    0x00000df8   0x00000df8   0x00000020   Code   RO          933    .text.osRtxTimerThread  RTX_CM3.lib(rtx_timer.o)
    0x00000e18   0x00000e18   0x00000070   Code   RO          931    .text.osRtxTimerTick  RTX_CM3.lib(rtx_timer.o)
    0x00000e88   0x00000e88   0x0000000c   Code   RO          845    .text.osThreadExit  RTX_CM3.lib(rtx_thread.o)
    0x00000e94   0x00000e94   0x00000024   Code   RO          817    .text.osThreadNew   RTX_CM3.lib(rtx_thread.o)
    0x00000eb8   0x00000eb8   0x00000024   Code   RO          835    .text.osThreadYield  RTX_CM3.lib(rtx_thread.o)
    0x00000edc   0x00000edc   0x00000100   Code   RO          753    .text.svcRtxKernelInitialize  RTX_CM3.lib(rtx_kernel.o)
    0x00000fdc   0x00000fdc   0x00000088   Code   RO          755    .text.svcRtxKernelStart  RTX_CM3.lib(rtx_kernel.o)
    0x00001064   0x00001064   0x000000d8   Code   RO         1124    .text.svcRtxMessageQueueGet  RTX_CM3.lib(rtx_msgqueue.o)
    0x0000113c   0x0000113c   0x00000118   Code   RO         1082    .text.svcRtxMessageQueueNew  RTX_CM3.lib(rtx_msgqueue.o)
    0x00001254   0x00001254   0x000000b4   Code   RO         1120    .text.svcRtxMessageQueuePut  RTX_CM3.lib(rtx_msgqueue.o)
    0x00001308   0x00001308   0x0000004c   Code   RO          891    .text.svcRtxThreadExit  RTX_CM3.lib(rtx_thread.o)
    0x00001354   0x00001354   0x000001ec   Code   RO          815    .text.svcRtxThreadNew  RTX_CM3.lib(rtx_thread.o)
    0x00001540   0x00001540   0x00000038   Code   RO          877    .text.svcRtxThreadYield  RTX_CM3.lib(rtx_thread.o)
    0x00001578   0x00001578   0x00000006   Code   RO          395    i.Free              uart.o
    0x0000157e   0x0000157e   0x00000002   PAD
    0x00001580   0x00001580   0x00000024   Code   RO          396    i.FreeRcv           uart.o
    0x000015a4   0x000015a4   0x00000024   Code   RO          397    i.FreeSnd           uart.o
    0x000015c8   0x000015c8   0x000005e8   Code   RO          149    i.GLCD_Init         glcd_spi_lpc1700.o
    0x00001bb0   0x00001bb0   0x00000140   Code   RO          678    i.SystemInit        system_lpc17xx.o
    0x00001cf0   0x00001cf0   0x00000068   Code   RO          401    i.UART0_IRQHandler  uart.o
    0x00001d58   0x00001d58   0x00000070   Code   RO          402    i.UART1_IRQHandler  uart.o
    0x00001dc8   0x00001dc8   0x000000bc   Code   RO          403    i.UARTInit          uart.o
    0x00001e84   0x00001e84   0x00000024   Code   RO          407    i.UARTSendChar      uart.o
    0x00001ea8   0x00001ea8   0x00000020   Code   RO         1236    i.__0printf$1       mc_w.l(printf1.o)
    0x00001ec8   0x00001ec8   0x00000022   Code   RO          408    i.__NVIC_EnableIRQ  uart.o
    0x00001eea   0x00001eea   0x0000000e   Code   RO         1491    i.__scatterload_copy  mc_w.l(handlers.o)
    0x00001ef8   0x00001ef8   0x00000002   Code   RO         1492    i.__scatterload_null  mc_w.l(handlers.o)
    0x00001efa   0x00001efa   0x0000000e   Code   RO         1493    i.__scatterload_zeroinit  mc_w.l(handlers.o)
    0x00001f08   0x00001f08   0x00000154   Code   RO         1243    i._printf_core      mc_w.l(printf1.o)
    0x0000205c   0x0000205c   0x0000000e   Code   RO          158    i.delay             glcd_spi_lpc1700.o
    0x0000206a   0x0000206a   0x0000000e   Code   RO          332    i.fputc             retarget.o
    0x00002078   0x00002078   0x00000048   Code   RO          409    i.getFrequency      uart.o
    0x000020c0   0x000020c0   0x00000140   Code   RO          511    i.main              p2_main.o
    0x00002200   0x00002200   0x00000020   Code   RO          633    i.osRtxErrorNotify  rtx_config.o
    0x00002220   0x00002220   0x00000004   Code   RO          634    i.osRtxIdleThread   rtx_config.o
    0x00002224   0x00002224   0x0000007c   Code   RO          512    i.pushbutton_LED    p2_main.o
    0x000022a0   0x000022a0   0x0000008c   Code   RO          159    i.rd_id_man         glcd_spi_lpc1700.o
    0x0000232c   0x0000232c   0x00000048   Code   RO          160    i.rd_reg            glcd_spi_lpc1700.o
    0x00002374   0x00002374   0x000000b4   Code   RO          514    i.read_joystick_thread  p2_main.o
    0x00002428   0x00002428   0x00000034   Code   RO          515    i.read_potentiometer  p2_main.o
    0x0000245c   0x0000245c   0x00000044   Code   RO          334    i.sendchar          retarget.o
    0x000024a0   0x000024a0   0x00000020   Code   RO          161    i.spi_tran          glcd_spi_lpc1700.o
    0x000024c0   0x000024c0   0x00000080   Code   RO          162    i.spi_tran_man      glcd_spi_lpc1700.o
    0x00002540   0x00002540   0x00000028   Code   RO          163    i.wr_cmd            glcd_spi_lpc1700.o
    0x00002568   0x00002568   0x00000028   Code   RO          164    i.wr_dat            glcd_spi_lpc1700.o
    0x00002590   0x00002590   0x00000014   Code   RO          168    i.wr_reg            glcd_spi_lpc1700.o
    0x000025a4   0x000025a4   0x00000068   Data   RO          591    .constdata          rtx_lib.o
    0x0000260c   0x0000260c   0x000000a8   Data   RO          592    .rodata             rtx_lib.o
    0x000026b4   0x000026b4   0x00000001   Data   RO          971    .rodata             RTX_CM3.lib(irq_armv7m.o)
    0x000026b5   0x000026b5   0x00000003   PAD
    0x000026b8   0x000026b8   0x0000000b   Data   RO          773    .rodata.str1.4      RTX_CM3.lib(rtx_kernel.o)
    0x000026c3   0x000026c3   0x00000001   PAD
    0x000026c4   0x000026c4   0x00000020   Data   RO         1489    Region$$Table       anon$$obj.o


    Execution Region ER_RW (Exec base: 0x10000000, Load base: 0x000026e4, Size: 0x0000262c, Max: 0xffffffff, ABSOLUTE, COMPRESSED[0x00000068])

    Exec Addr    Load Addr    Size         Type   Attr      Idx    E Section Name        Object

    0x10000000   COMPRESSED   0x00002040   Data   RW          585    .bss.os             rtx_lib.o
    0x10002040   COMPRESSED   0x00000034   Data   RW          586    .bss.os.msgqueue.cb  rtx_lib.o
    0x10002074   COMPRESSED   0x00000050   Data   RW          587    .bss.os.msgqueue.mem  rtx_lib.o
    0x100020c4   COMPRESSED   0x00000088   Data   RW          588    .bss.os.thread.cb   rtx_lib.o
    0x1000214c   COMPRESSED   0x00000004   PAD
    0x10002150   COMPRESSED   0x00000200   Data   RW          589    .bss.os.thread.idle.stack  rtx_lib.o
    0x10002350   COMPRESSED   0x00000200   Data   RW          590    .bss.os.thread.timer.stack  rtx_lib.o
    0x10002550   COMPRESSED   0x00000005   Data   RW          170    .data               glcd_spi_lpc1700.o
    0x10002555   COMPRESSED   0x00000003   PAD
    0x10002558   COMPRESSED   0x0000000c   Data   RW          335    .data               retarget.o
    0x10002564   COMPRESSED   0x00000020   Data   RW          411    .data               uart.o
    0x10002584   COMPRESSED   0x00000004   Data   RW          679    .data               system_lpc17xx.o
    0x10002588   COMPRESSED   0x000000a4   Data   RW          774    .data.os            RTX_CM3.lib(rtx_kernel.o)


    Execution Region ER_ZI (Exec base: 0x1000262c, Load base: 0x0000274c, Size: 0x00002084, Max: 0xffffffff, ABSOLUTE)

    Exec Addr    Load Addr    Size         Type   Attr      Idx    E Section Name        Object

    0x1000262c        -       0x00000080   Zero   RW          410    .bss                uart.o
    0x100026ac        -       0x00000001   Zero   RW         1172    .bss.os             RTX_CM3.lib(os_systick.o)
    0x100026ad   0x0000274c   0x00000003   PAD
    0x100026b0        -       0x00002000   Zero   RW          664    STACK               startup_lpc17xx.o


==============================================================================

Image component sizes


      Code (inc. data)   RO Data    RW Data    ZI Data      Debug   Object Name

         0          0          0          0          0       4556   glcd_scroll.o
      1998         56          0          5          0      24734   glcd_spi_lpc1700.o
       676        248          0          0          0       5660   p2_main.o
        82          4          0         12          0       3038   retarget.o
        36          6          0          0          0       1013   rtx_config.o
         0          0        272       9548          0       9058   rtx_lib.o
        40         12        204          0       8192       1052   startup_lpc17xx.o
       320         18          0          4          0        867   system_lpc17xx.o
       624         86          0         32        128       6187   uart.o

    ----------------------------------------------------------------------
      3778        430        508       9608       8320      56165   Object Totals
         0          0         32          0          0          0   (incl. Generated)
         2          0          0          7          0          0   (incl. Padding)

    ----------------------------------------------------------------------

      Code (inc. data)   RO Data    RW Data    ZI Data      Debug   Library Member Name

       148          8          1          0          0        591   irq_armv7m.o
       126         32          0          0          1       3197   os_systick.o
       496         36         11        164          0      16501   rtx_kernel.o
       228          0          0          0          0       2537   rtx_memory.o
       188          0          0          0          0      16008   rtx_mempool.o
      1318         32          0          0          0      18657   rtx_msgqueue.o
       138          0          0          0          0       9962   rtx_mutex.o
       376         26          0          0          0       5296   rtx_system.o
      1744         92          0          0          0      31735   rtx_thread.o
       248         16          0          0          0      10397   rtx_timer.o
        58          0          0          0          0          0   __dczerorl.o
         0          0          0          0          0          0   entry.o
         0          0          0          0          0          0   entry10a.o
         0          0          0          0          0          0   entry11a.o
         8          4          0          0          0          0   entry2.o
         4          0          0          0          0          0   entry5.o
         0          0          0          0          0          0   entry7b.o
         0          0          0          0          0          0   entry8b.o
         8          4          0          0          0          0   entry9a.o
        30          0          0          0          0          0   handlers.o
        36          8          0          0          0         68   init.o
        36          0          0          0          0         68   memcpya.o
        36          0          0          0          0        108   memseta.o
       372         14          0          0          0        184   printf1.o
        44          0          0          0          0         80   uidiv.o

    ----------------------------------------------------------------------
      5654        272         16        164          4     115389   Library Totals
        12          0          4          0          3          0   (incl. Padding)

    ----------------------------------------------------------------------

      Code (inc. data)   RO Data    RW Data    ZI Data      Debug   Library Name

      5010        242         12        164          1     114881   RTX_CM3.lib
       632         30          0          0          0        508   mc_w.l

    ----------------------------------------------------------------------
      5654        272         16        164          4     115389   Library Totals

    ----------------------------------------------------------------------

==============================================================================


      Code (inc. data)   RO Data    RW Data    ZI Data      Debug   

      9432        702        524       9772       8324     170202   Grand Totals
      9432        702        524        104       8324     170202   ELF Image Totals (compressed)
      9432        702        524        104          0          0   ROM Totals

==============================================================================

    Total RO  Size (Code + RO Data)                 9956 (   9.72kB)
    Total RW  Size (RW Data + ZI Data)             18096 (  17.67kB)
    Total ROM Size (Code + RO Data + RW Data)      10060 (   9.82kB)

==============================================================================

